******************************************************************************
                  TI ARM Linker Unix v20.2.5                   
******************************************************************************
>> Linked Thu Nov 18 10:42:10 2021

OUTPUT FILE NAME:   <AnhTu_FallDetector_v1.0_Nov17_08_10.out>
ENTRY POINT SYMBOL: "_c_int00_noargs"  address: 000096bd


MEMORY CONFIGURATION

         name            origin    length      used     unused   attr    fill
----------------------  --------  ---------  --------  --------  ----  --------
  MAIN                  00000000   00040000  00009f80  00036080  R  X
  INFO                  00200000   00004000  00000000  00004000  R  X
  SRAM_CODE             01000000   00010000  000004fe  0000fb02  RW X
  SRAM_DATA             20000000   00010000  000004fe  0000fb02  RW  


SEGMENT ALLOCATION MAP

run origin  load origin   length   init length attrs members
----------  ----------- ---------- ----------- ----- -------
00000000    00000000    00009f80   00009f80    r-x
  00000000    00000000    000000e4   000000e4    r-- .intvecs
  000000e4    000000e4    00009724   00009724    r-x .text
  00009808    00009808    000006b8   000006b8    r-- .const
  00009ec0    00009ec0    000000c0   000000c0    r-- .cinit
20000000    20000000    00000300   00000000    rw-
  20000000    20000000    000000e4   00000000    rw- .vtable
  200000e4    200000e4    00000156   00000000    rw- .bss
  2000023c    2000023c    000000c4   00000000    rw- .data
2000fe00    2000fe00    00000200   00000000    rw-
  2000fe00    2000fe00    00000200   00000000    rw- .stack


SECTION ALLOCATION MAP

 output                                  attributes/
section   page    origin      length       input sections
--------  ----  ----------  ----------   ----------------
.intvecs   0    00000000    000000e4     
                  00000000    000000e4     startup_msp432p401r_ccs.obj (.intvecs:retain)

.text      0    000000e4    00009724     
                  000000e4    00001598     flash.obj (.text)
                  0000167c    00000d80     cs.obj (.text)
                  000023fc    00000a4e     rtsv7M4_T_le_v4SPD16_eabi.lib : _printfi.c.obj (.text:__TI_printfi)
                  00002e4a    00000002                                   : _lock.c.obj (.text:_nop)
                  00002e4c    000008d4     adc14.obj (.text)
                  00003720    000008a4     spi.obj (.text)
                  00003fc4    00000838     pcm.obj (.text)
                  000047fc    00000798     timer_a.obj (.text)
                  00004f94    00000678     Crystalfontz128x128_ST7735.obj (.text)
                  0000560c    00000630     string.obj (.text)
                  00005c3c    00000508     rtc_c.obj (.text)
                  00006144    00000490     line.obj (.text)
                  000065d4    00000480     gpio.obj (.text)
                  00006a54    000003f0     interrupt.obj (.text)
                  00006e44    00000334     system_msp432p401r.obj (.text)
                  00007178    000002a0     rtsv7M4_T_le_v4SPD16_eabi.lib : mktime.c.obj (.text:__mktime32)
                  00007418    00000270                                   : _printfi.c.obj (.text:_pconv_a)
                  00007688    00000268     main.obj (.text)
                  000078f0    00000266     context.obj (.text)
                  00007b56    00000002     rtsv7M4_T_le_v4SPD16_eabi.lib : div0.asm.obj (.text)
                  00007b58    00000244     sysctl.obj (.text)
                  00007d9c    000001d0     rtsv7M4_T_le_v4SPD16_eabi.lib : _printfi.c.obj (.text:_pconv_g)
                  00007f6c    000001c0     utils.obj (.text)
                  0000812c    000001b6     rtsv7M4_T_le_v4SPD16_eabi.lib : fd_add_t2.asm.obj (.text)
                  000082e2    00000002     --HOLE-- [fill = 0]
                  000082e4    000001a0     hardware_init.obj (.text)
                  00008484    0000013c     rtsv7M4_T_le_v4SPD16_eabi.lib : _printfi.c.obj (.text:_pconv_e)
                  000085c0    00000136                                   : fd_div_t2.asm.obj (.text)
                  000086f6    00000002     --HOLE-- [fill = 0]
                  000086f8    00000134                                   : localtim.c.obj (.text:__localtime32)
                  0000882c    00000134     display.obj (.text)
                  00008960    00000124     rtsv7M4_T_le_v4SPD16_eabi.lib : _printfi.c.obj (.text:fcvt)
                  00008a84    00000110                                   : s_scalbn.c.obj (.text:scalbn)
                  00008b94    000000fc                                   : fd_mul_t2.asm.obj (.text)
                  00008c90    000000d8     wdt_a.obj (.text)
                  00008d68    000000bc     HAL_MSP_EXP432P401R_Crystalfontz128x128_ST7735.obj (.text)
                  00008e24    000000b1     rtsv7M4_T_le_v4SPD16_eabi.lib : _printfi.c.obj (.text:_ltostr)
                  00008ed5    00000001     --HOLE-- [fill = 0]
                  00008ed6    0000009c                                   : memcpy_t2.asm.obj (.text)
                  00008f72    00000096                                   : ull_div_t2.asm.obj (.text)
                  00009008    00000086                                   : fd_cmp_t2.asm.obj (.text:__aeabi_cdcmple)
                  0000908e    00000086                                   : fd_cmp_t2.asm.obj (.text:__aeabi_cdrcmple)
                  00009114    0000007a                                   : memset_t2.asm.obj (.text)
                  0000918e    0000006e                                   : _printfi.c.obj (.text:_mcpy)
                  000091fc    0000006e                                   : ll_div_t2.asm.obj (.text)
                  0000926a    00000068                                   : copy_decompress_lzss.c.obj (.text:decompress:lzss:__TI_decompress_lzss)
                  000092d2    00000002     --HOLE-- [fill = 0]
                  000092d4    00000064                                   : s_frexp.c.obj (.text:frexp)
                  00009338    00000056                                   : _printfi.c.obj (.text:_pconv_f)
                  0000938e    00000054                                   : _ltoa.c.obj (.text:__TI_ltoa)
                  000093e2    00000052                                   : _printfi.c.obj (.text:_ecpy)
                  00009434    0000004c                                   : atoi.c.obj (.text:atoi)
                  00009480    00000048                                   : hosttime.c.obj (.text:HOSTtime)
                  000094c8    00000048                                   : fd_toi_t2.asm.obj (.text)
                  00009510    00000044                                   : autoinit.c.obj (.text:__TI_auto_init_nobinit_nopinit:__TI_auto_init_nobinit_nopinit)
                  00009554    00000040                                   : u_divt2.asm.obj (.text)
                  00009594    00000040                                   : sprintf.c.obj (.text:sprintf)
                  000095d4    0000003e                                   : _printfi.c.obj (.text:_fcpy)
                  00009612    0000003e     cpu.obj (.text)
                  00009650    00000038     rtsv7M4_T_le_v4SPD16_eabi.lib : trgmsg.c.obj (.text:__TI_writemsg)
                  00009688    00000034                                   : trgmsg.c.obj (.text:__TI_readmsg)
                  000096bc    00000034                                   : boot_cortex_m.c.obj (.text:_c_int00_noargs:_c_int00_noargs)
                  000096f0    0000002e                                   : i_tofd_t2.asm.obj (.text)
                  0000971e    0000001c                                   : copy_zero_init.c.obj (.text:decompress:ZI:__TI_zero_init_nomemset:__TI_zero_init_nomemset)
                  0000973a    0000001c                                   : memccpy.c.obj (.text:memccpy)
                  00009756    0000001a                                   : s_copysign.c.obj (.text:copysign)
                  00009770    00000018                                   : sprintf.c.obj (.text:_outs)
                  00009788    00000016                                   : strchr.c.obj (.text:strchr)
                  0000979e    00000014                                   : strlen.c.obj (.text:strlen)
                  000097b2    00000012                                   : wcslen.c.obj (.text:wcslen)
                  000097c4    0000000e                                   : time.c.obj (.text:__time32)
                  000097d2    0000000e                                   : copy_decompress_none.c.obj (.text:decompress:none:__TI_decompress_none)
                  000097e0    0000000e     startup_msp432p401r_ccs.obj (.text)
                  000097ee    0000000a     rtsv7M4_T_le_v4SPD16_eabi.lib : sprintf.c.obj (.text:_outc)
                  000097f8    00000008                                   : errno.c.obj (.text:__aeabi_errno_addr)
                  00009800    00000004                                   : pre_init.c.obj (.text:_system_pre_init)
                  00009804    00000004                                   : exit.c.obj (.text:abort:abort)

.const     0    00009808    000006b8     
                  00009808    000002f8     fontfixed6x8.obj (.const:.string:g_pucFontFixed6x8Data)
                  00009b00    00000101     rtsv7M4_T_le_v4SPD16_eabi.lib : ctype.c.obj (.const:.string:_ctypes_)
                  00009c01    00000003     --HOLE-- [fill = 0]
                  00009c04    000000c8     fontfixed6x8.obj (.const:g_sFontFixed6x8)
                  00009ccc    00000080     adc14.obj (.const:_ctlRegs)
                  00009d4c    00000060     rtsv7M4_T_le_v4SPD16_eabi.lib : mktime.c.obj (.const:$O1$$)
                  00009dac    00000050     interrupt.obj (.const:g_pulRegs)
                  00009dfc    0000002c     Crystalfontz128x128_ST7735.obj (.const:g_sCrystalfontz128x128)
                  00009e28    00000020     interrupt.obj (.const:g_pulPriority)
                  00009e48    0000001c     HAL_MSP_EXP432P401R_Crystalfontz128x128_ST7735.obj (.const:$P$T0$1)
                  00009e64    0000001c     gpio.obj (.const:GPIO_PORT_TO_INT)
                  00009e80    00000018     main.obj (.const:upConfig)
                  00009e98    00000008     Crystalfontz128x128_ST7735.obj (.const:$P$T0$1)
                  00009ea0    00000008     interrupt.obj (.const:g_pulDisRegs)
                  00009ea8    00000008     interrupt.obj (.const:g_pulEnRegs)
                  00009eb0    00000008     interrupt.obj (.const:g_pulPendRegs)
                  00009eb8    00000008     interrupt.obj (.const:g_pulUnpendRegs)

.cinit     0    00009ec0    000000c0     
                  00009ec0    0000008a     (.cinit..data.load) [load image, compression = lzss]
                  00009f4a    00000002     --HOLE-- [fill = 0]
                  00009f4c    0000000c     (__TI_handler_table)
                  00009f58    00000008     (.cinit..bss.load) [load image, compression = zero_init]
                  00009f60    00000008     (.cinit..vtable.load) [load image, compression = zero_init]
                  00009f68    00000018     (__TI_cinit_table)

.init_array 
*          0    00000000    00000000     UNINITIALIZED

.binit     0    00000000    00000000     

.vtable    0    20000000    000000e4     UNINITIALIZED
                  20000000    000000e4     interrupt.obj (.vtable)

.bss       0    200000e4    00000156     UNINITIALIZED
                  200000e4    00000120     rtsv7M4_T_le_v4SPD16_eabi.lib : trgmsg.c.obj (.bss:_CIOBUF_)
                  20000204    0000001c     (.common:g_sContext)
                  20000220    00000008     cs.obj (.bss)
                  20000228    00000008     (.common:parmbuf)
                  20000230    00000002     (.common:Lcd_ScreenHeigth)
                  20000232    00000002     (.common:Lcd_ScreenWidth)
                  20000234    00000002     (.common:Lcd_TouchTrim)
                  20000236    00000001     (.common:Lcd_FlagRead)
                  20000237    00000001     (.common:Lcd_FontSolid)
                  20000238    00000001     (.common:Lcd_Orientation)
                  20000239    00000001     (.common:Lcd_PenSolid)

.data      0    2000023c    000000c4     UNINITIALIZED
                  2000023c    00000040     flash.obj (.data:__getBurstProgramRegs)
                  2000027c    00000030     gpio.obj (.data:GPIO_PORT_TO_BASE)
                  200002ac    00000024     rtsv7M4_T_le_v4SPD16_eabi.lib : localtim.c.obj (.data:local_tm)
                  200002d0    00000010                                   : tmzone.c.obj (.data:_tz)
                  200002e0    00000010     main.obj (.data:compareConfig_PWM)
                  200002f0    00000008     rtsv7M4_T_le_v4SPD16_eabi.lib : _lock.c.obj (.data:$O1$$)
                  200002f8    00000004                                   : errno.c.obj (.data)
                  200002fc    00000004     system_msp432p401r.obj (.data)

.stack     0    2000fe00    00000200     UNINITIALIZED
                  2000fe00    00000004     rtsv7M4_T_le_v4SPD16_eabi.lib : boot_cortex_m.c.obj (.stack)
                  2000fe04    000001fc     --HOLE--

__llvm_prf_cnts 
*          0    20000000    00000000     UNINITIALIZED

MODULE SUMMARY

       Module                                               code    ro data   rw data
       ------                                               ----    -------   -------
    ./
       system_msp432p401r.obj                               820     0         8      
       main.obj                                             616     24        88     
       utils.obj                                            448     0         0      
       hardware_init.obj                                    416     0         0      
       startup_msp432p401r_ccs.obj                          14      228       0      
    +--+----------------------------------------------------+-------+---------+---------+
       Total:                                               2314    252       96     
                                                                                     
    ./GrLib/fonts/
       fontfixed6x8.obj                                     0       960       0      
    +--+----------------------------------------------------+-------+---------+---------+
       Total:                                               0       960       0      
                                                                                     
    ./GrLib/grlib/
       string.obj                                           1584    0         0      
       line.obj                                             1168    0         0      
       context.obj                                          614     0         0      
       display.obj                                          308     0         0      
    +--+----------------------------------------------------+-------+---------+---------+
       Total:                                               3674    0         0      
                                                                                     
    ./LcdDriver/
       Crystalfontz128x128_ST7735.obj                       1656    52        20     
       HAL_MSP_EXP432P401R_Crystalfontz128x128_ST7735.obj   188     28        0      
    +--+----------------------------------------------------+-------+---------+---------+
       Total:                                               1844    80        20     
                                                                                     
    ./driverlib/MSP432P4xx/
       flash.obj                                            5528    0         128    
       cs.obj                                               3456    0         16     
       adc14.obj                                            2260    128       0      
       spi.obj                                              2212    0         0      
       pcm.obj                                              2104    0         0      
       timer_a.obj                                          1944    0         0      
       interrupt.obj                                        1008    144       456    
       rtc_c.obj                                            1288    0         0      
       gpio.obj                                             1152    28        96     
       sysctl.obj                                           580     0         0      
       wdt_a.obj                                            216     0         0      
       cpu.obj                                              62      0         0      
    +--+----------------------------------------------------+-------+---------+---------+
       Total:                                               21810   300       696    
                                                                                     
    /opt/ti/ccs1100/ccs/tools/compiler/ti-cgt-arm_20.2.5.LTS/lib/rtsv7M4_T_le_v4SPD16_eabi.lib
       _printfi.c.obj                                       4851    0         0      
       mktime.c.obj                                         672     96        0      
       trgmsg.c.obj                                         108     0         576    
       fd_add_t2.asm.obj                                    438     0         0      
       localtim.c.obj                                       308     0         72     
       fd_div_t2.asm.obj                                    310     0         0      
       s_scalbn.c.obj                                       272     0         0      
       fd_cmp_t2.asm.obj                                    268     0         0      
       ctype.c.obj                                          0       257       0      
       fd_mul_t2.asm.obj                                    252     0         0      
       memcpy_t2.asm.obj                                    156     0         0      
       ull_div_t2.asm.obj                                   150     0         0      
       memset_t2.asm.obj                                    122     0         0      
       ll_div_t2.asm.obj                                    110     0         0      
       copy_decompress_lzss.c.obj                           104     0         0      
       s_frexp.c.obj                                        100     0         0      
       sprintf.c.obj                                        98      0         0      
       _ltoa.c.obj                                          84      0         0      
       atoi.c.obj                                           76      0         0      
       fd_toi_t2.asm.obj                                    72      0         0      
       hosttime.c.obj                                       72      0         0      
       autoinit.c.obj                                       68      0         0      
       u_divt2.asm.obj                                      64      0         0      
       boot_cortex_m.c.obj                                  52      0         0      
       i_tofd_t2.asm.obj                                    46      0         0      
       tmzone.c.obj                                         0       0         32     
       copy_zero_init.c.obj                                 28      0         0      
       memccpy.c.obj                                        28      0         0      
       s_copysign.c.obj                                     26      0         0      
       strchr.c.obj                                         22      0         0      
       strlen.c.obj                                         20      0         0      
       _lock.c.obj                                          2       0         16     
       wcslen.c.obj                                         18      0         0      
       errno.c.obj                                          8       0         8      
       hostopen.c.obj                                       0       0         16     
       copy_decompress_none.c.obj                           14      0         0      
       time.c.obj                                           14      0         0      
       exit.c.obj                                           4       0         0      
       pre_init.c.obj                                       4       0         0      
       div0.asm.obj                                         2       0         0      
    +--+----------------------------------------------------+-------+---------+---------+
       Total:                                               9043    353       720    
                                                                                     
       Stack:                                               0       0         1024   
       Linker Generated:                                    0       190       0      
    +--+----------------------------------------------------+-------+---------+---------+
       Grand Total:                                         38685   2135      2556   


LINKER GENERATED COPY TABLES

__TI_cinit_table @ 00009f68 records: 3, size/record: 8, table size: 24
	.data: load addr=00009ec0, load size=0000008a bytes, run addr=2000023c, run size=000000c4 bytes, compression=lzss
	.bss: load addr=00009f58, load size=00000008 bytes, run addr=200000e4, run size=00000156 bytes, compression=zero_init
	.vtable: load addr=00009f60, load size=00000008 bytes, run addr=20000000, run size=000000e4 bytes, compression=zero_init


LINKER GENERATED HANDLER TABLE

__TI_handler_table @ 00009f4c records: 3, size/record: 4, table size: 12
	index: 0, handler: __TI_zero_init
	index: 1, handler: __TI_decompress_lzss
	index: 2, handler: __TI_decompress_none


GLOBAL SYMBOLS: SORTED ALPHABETICALLY BY Name 

address   name                                           
-------   ----                                           
00007807  ADC14_IRQHandler                               
00007807  ADC14_IRQHandler                               
00003699  ADC14_clearInterruptFlag                       
00003241  ADC14_configureConversionMemory                
000030e9  ADC14_configureMultiSequenceMode               
0000317f  ADC14_configureSingleSampleMode                
00003379  ADC14_disableComparatorWindow                  
00003217  ADC14_disableConversion                        
00003617  ADC14_disableInterrupt                         
00002fbd  ADC14_disableModule                            
00003597  ADC14_disableReferenceBurst                    
00002ffd  ADC14_disableSampleTimer                       
000032e9  ADC14_enableComparatorWindow                   
000031d5  ADC14_enableConversion                         
000035ef  ADC14_enableInterrupt                          
00002fb5  ADC14_enableModule                             
00003581  ADC14_enableReferenceBurst                     
00002fd3  ADC14_enableSampleTimer                        
00003663  ADC14_getEnabledInterruptStatus                
0000363f  ADC14_getInterruptStatus                       
000034a1  ADC14_getMultiSequenceResult                   
00003073  ADC14_getResolution                            
00003487  ADC14_getResult                                
0000350d  ADC14_getResultArray                           
00003013  ADC14_initModule                               
00003223  ADC14_isBusy                                   
000036c5  ADC14_registerInterrupt                        
000033d7  ADC14_setComparatorWindowValue                 
000035ad  ADC14_setPowerMode                             
00003059  ADC14_setResolution                            
0000345d  ADC14_setResultFormat                          
000030bf  ADC14_setSampleHoldTime                        
0000307d  ADC14_setSampleHoldTrigger                     
000031f5  ADC14_toggleConversionTrigger                  
000036d9  ADC14_unregisterInterrupt                      
000097ed  AES256_IRQHandler                              
000097ed  BusFault_Handler                               
00009805  C$$EXIT                                        
0000967f  C$$IO$$                                        
000097ed  COMP_E0_IRQHandler                             
000097ed  COMP_E1_IRQHandler                             
00009647  CPU_basepriGet                                 
00009639  CPU_basepriSet                                 
00009613  CPU_cpsid                                      
00009629  CPU_cpsie                                      
0000961f  CPU_primask                                    
00009635  CPU_wfi                                        
000097ed  CS_IRQHandler                                  
00002381  CS_clearInterruptFlag                          
00001c25  CS_disableClockRequest                         
00001d0b  CS_disableDCOExternalResistor                  
00002255  CS_disableFaultCounter                         
0000233f  CS_disableInterrupt                            
00001bfd  CS_enableClockRequest                          
00001c6d  CS_enableDCOExternalResistor                   
00002229  CS_enableFaultCounter                          
0000231d  CS_enableInterrupt                             
000021c1  CS_getACLK                                     
00002181  CS_getBCLK                                     
00001e05  CS_getDCOFrequency                             
00002367  CS_getEnabledInterruptStatus                   
0000219d  CS_getHSMCLK                                   
00002361  CS_getInterruptStatus                          
00002207  CS_getMCLK                                     
000021e5  CS_getSMCLK                                    
0000191d  CS_initClockSignal                             
000023a3  CS_registerInterrupt                           
00002281  CS_resetFaultCounter                           
00001d29  CS_setDCOCenteredFrequency                     
00001c95  CS_setDCOExternalResistorCalibration           
00001fa9  CS_setDCOFrequency                             
000018e1  CS_setExternalClockSourceFrequency             
00001c47  CS_setReferenceOscillatorFrequency             
000022cd  CS_startFaultCounter                           
00001a21  CS_startHFXT                                   
00001a45  CS_startHFXTWithTimeout                        
00001b09  CS_startLFXT                                   
00001b2d  CS_startLFXTWithTimeout                        
00001d61  CS_tuneDCOFrequency                            
000023b7  CS_unregisterInterrupt                         
00004f95  Crystalfontz128x128_Init                       
000050a9  Crystalfontz128x128_SetDrawFrame               
000051d7  Crystalfontz128x128_SetOrientation             
000097ed  DMA_ERR_IRQHandler                             
000097ed  DMA_INT0_IRQHandler                            
000097ed  DMA_INT1_IRQHandler                            
000097ed  DMA_INT2_IRQHandler                            
000097ed  DMA_INT3_IRQHandler                            
000097ed  DebugMon_Handler                               
000097ed  Default_Handler                                
000097ed  EUSCIA0_IRQHandler                             
000097ed  EUSCIA1_IRQHandler                             
000097ed  EUSCIA2_IRQHandler                             
000097ed  EUSCIA3_IRQHandler                             
000097ed  EUSCIB0_IRQHandler                             
000097ed  EUSCIB1_IRQHandler                             
000097ed  EUSCIB2_IRQHandler                             
000097ed  EUSCIB3_IRQHandler                             
00003e8f  EUSCI_A_SPI_changeClockPhasePolarity           
00003f43  EUSCI_A_SPI_clearInterruptFlag                 
00003f73  EUSCI_A_SPI_disable                            
00003f11  EUSCI_A_SPI_disableInterrupt                   
00003f5d  EUSCI_A_SPI_enable                             
00003ef7  EUSCI_A_SPI_enableInterrupt                    
00003f2b  EUSCI_A_SPI_getInterruptStatus                 
00003f89  EUSCI_A_SPI_getReceiveBufferAddressForDMA      
00003f97  EUSCI_A_SPI_getTransmitBufferAddressForDMA     
00003fa5  EUSCI_A_SPI_isBusy                             
00003e0f  EUSCI_A_SPI_masterChangeClock                  
00003ee7  EUSCI_A_SPI_receiveData                        
00003def  EUSCI_A_SPI_select4PinFunctionality            
00003e45  EUSCI_A_SPI_slaveInit                          
00003ed1  EUSCI_A_SPI_transmitData                       
00003cc1  EUSCI_B_SPI_changeClockPhasePolarity           
00003d75  EUSCI_B_SPI_clearInterruptFlag                 
00003da5  EUSCI_B_SPI_disable                            
00003d43  EUSCI_B_SPI_disableInterrupt                   
00003d8f  EUSCI_B_SPI_enable                             
00003d29  EUSCI_B_SPI_enableInterrupt                    
00003d5d  EUSCI_B_SPI_getInterruptStatus                 
00003dbb  EUSCI_B_SPI_getReceiveBufferAddressForDMA      
00003dc9  EUSCI_B_SPI_getTransmitBufferAddressForDMA     
00003dd7  EUSCI_B_SPI_isBusy                             
00003c45  EUSCI_B_SPI_masterChangeClock                  
00003d19  EUSCI_B_SPI_receiveData                        
00003c25  EUSCI_B_SPI_select4PinFunctionality            
00003c77  EUSCI_B_SPI_slaveInit                          
00003d03  EUSCI_B_SPI_transmitData                       
000097ed  FLCTL_IRQHandler                               
000097ed  FPU_IRQHandler                                 
0000112b  FlashCtl_clearInterruptFlag                    
00000fef  FlashCtl_clearProgramVerification              
00001101  FlashCtl_disableInterrupt                      
00000661  FlashCtl_disableReadBuffering                  
00001059  FlashCtl_disableWordProgramming                
000010ed  FlashCtl_enableInterrupt                       
0000060d  FlashCtl_enableReadBuffering                   
00001029  FlashCtl_enableWordProgramming                 
00000c8d  FlashCtl_eraseSector                           
0000111b  FlashCtl_getEnabledInterruptStatus             
00001115  FlashCtl_getInterruptStatus                    
0000028f  FlashCtl_getMemoryInfo                         
00000af1  FlashCtl_getReadMode                           
000010bf  FlashCtl_getWaitState                          
00000b1b  FlashCtl_initiateMassErase                     
00000db1  FlashCtl_initiateSectorErase                   
00000791  FlashCtl_isSectorProtected                     
00001061  FlashCtl_isWordProgrammingEnabled              
00000b41  FlashCtl_performMassErase                      
00000e49  FlashCtl_programMemory                         
00000731  FlashCtl_protectSector                         
0000113f  FlashCtl_registerInterrupt                     
00000fb5  FlashCtl_setProgramVerification                
00000a85  FlashCtl_setReadMode                           
00001081  FlashCtl_setWaitState                          
000006c1  FlashCtl_unprotectSector                       
00001153  FlashCtl_unregisterInterrupt                   
0000081d  FlashCtl_verifyMemory                          
000068f7  GPIO_clearInterruptFlag                        
000068b7  GPIO_disableInterrupt                          
00006895  GPIO_enableInterrupt                           
0000694f  GPIO_getEnabledInterruptStatus                 
00006867  GPIO_getInputPinValue                          
000068d9  GPIO_getInterruptStatus                        
00006919  GPIO_interruptEdgeSelect                       
00006a0f  GPIO_registerInterrupt                         
0000660f  GPIO_setAsInputPin                             
000067c3  GPIO_setAsInputPinWithPullDownResistor         
00006815  GPIO_setAsInputPinWithPullUpResistor           
000065d5  GPIO_setAsOutputPin                            
000066d9  GPIO_setAsPeripheralModuleFunctionInputPin     
00006655  GPIO_setAsPeripheralModuleFunctionOutputPin    
000069cb  GPIO_setDriveStrengthHigh                      
000069ed  GPIO_setDriveStrengthLow                       
0000675d  GPIO_setOutputHighOnPin                        
0000677f  GPIO_setOutputLowOnPin                         
000067a1  GPIO_toggleOutputOnPin                         
00006a2f  GPIO_unregisterInterrupt                       
00007add  Graphics_clearDisplay                          
00008949  Graphics_clearDisplayOnDisplay                 
0000889b  Graphics_drawHorizontalLineOnDisplay           
00006461  Graphics_drawLine                              
00006145  Graphics_drawLineH                             
000061e1  Graphics_drawLineV                             
00008857  Graphics_drawMultiplePixelsOnDisplay           
00007aef  Graphics_drawPixel                             
0000882d  Graphics_drawPixelOnDisplay                    
00005747  Graphics_drawString                            
00005bd5  Graphics_drawStringCentered                    
000088cf  Graphics_drawVerticalLineOnDisplay             
00008903  Graphics_fillRectangleOnDisplay                
00007acf  Graphics_flushBuffer                           
00008937  Graphics_flushOnDisplay                        
00007ab1  Graphics_getDisplayHeight                      
00007aa1  Graphics_getDisplayWidth                       
00007a4f  Graphics_getFontBaseline                       
00007a85  Graphics_getFontHeight                         
00007a93  Graphics_getFontMaxWidth                       
00007ac1  Graphics_getHeightOfDisplay                    
00005bc5  Graphics_getStringBaseline                     
00005c1d  Graphics_getStringHeight                       
00005c2d  Graphics_getStringMaxWidth                     
0000564d  Graphics_getStringWidth                        
00007b49  Graphics_getWidthOfDisplay                     
000078f1  Graphics_initContext                           
00007a05  Graphics_setBackgroundColor                    
00007a1f  Graphics_setBackgroundColorTranslated          
0000793b  Graphics_setClipRegion                         
00007a35  Graphics_setFont                               
00007a5d  Graphics_setForegroundColor                    
00007a73  Graphics_setForegroundColorTranslated          
00008921  Graphics_translateColorOnDisplay               
00008d69  HAL_LCD_PortInit                               
00008d99  HAL_LCD_SpiInit                                
00008dcf  HAL_LCD_writeCommand                           
00008df7  HAL_LCD_writeData                              
00009481  HOSTtime                                       
000097ed  HardFault_Handler                              
00006c17  Interrupt_disableInterrupt                     
00006a67  Interrupt_disableMaster                        
00006e15  Interrupt_disableSleepOnIsrExit                
00006ba5  Interrupt_enableInterrupt                      
00006a57  Interrupt_enableMaster                         
00006e03  Interrupt_enableSleepOnIsrExit                 
00006b7f  Interrupt_getPriority                          
00006af7  Interrupt_getPriorityGrouping                  
00006de3  Interrupt_getPriorityMask                      
00006dfd  Interrupt_getVectorTableAddress                
00006c89  Interrupt_isEnabled                            
00006d15  Interrupt_pendInterrupt                        
00006a77  Interrupt_registerInterrupt                    
00006b2f  Interrupt_setPriority                          
00006add  Interrupt_setPriorityGrouping                  
00006dd3  Interrupt_setPriorityMask                      
00006ded  Interrupt_setVectorTableAddress                
00006d85  Interrupt_unpendInterrupt                      
00006ac9  Interrupt_unregisterInterrupt                  
20000236  Lcd_FlagRead                                   
20000237  Lcd_FontSolid                                  
20000238  Lcd_Orientation                                
20000239  Lcd_PenSolid                                   
20000230  Lcd_ScreenHeigth                               
20000232  Lcd_ScreenWidth                                
20000234  Lcd_TouchTrim                                  
000097ed  MemManage_Handler                              
000097ed  NMI_Handler                                    
000097ed  PCM_IRQHandler                                 
0000479f  PCM_clearInterruptFlag                         
00004775  PCM_disableInterrupt                           
0000474d  PCM_disableRudeMode                            
00004761  PCM_enableInterrupt                            
0000473b  PCM_enableRudeMode                             
00004147  PCM_getCoreVoltageLevel                        
0000478f  PCM_getEnabledInterruptStatus                  
00004789  PCM_getInterruptStatus                         
000040ed  PCM_getPowerMode                               
0000472f  PCM_getPowerState                              
00004661  PCM_gotoLPM0                                   
0000467f  PCM_gotoLPM0InterruptSafe                      
0000469b  PCM_gotoLPM3                                   
00004713  PCM_gotoLPM3InterruptSafe                      
00004635  PCM_gotoLPM4                                   
00004645  PCM_gotoLPM4InterruptSafe                      
000047b3  PCM_registerInterrupt                          
000040bb  PCM_setCoreVoltageLevel                        
000040dd  PCM_setCoreVoltageLevelNonBlocking             
000040cb  PCM_setCoreVoltageLevelWithTimeout             
000042ed  PCM_setPowerMode                               
000042fd  PCM_setPowerModeNonBlocking                    
0000430d  PCM_setPowerModeWithTimeout                    
000045bf  PCM_setPowerState                              
000045e1  PCM_setPowerStateNonBlocking                   
000045cf  PCM_setPowerStateWithTimeout                   
000045f1  PCM_shutdownDevice                             
000047c7  PCM_unregisterInterrupt                        
000097ed  PORT1_IRQHandler                               
000097ed  PORT2_IRQHandler                               
000097ed  PORT3_IRQHandler                               
000097ed  PORT4_IRQHandler                               
000097ed  PORT5_IRQHandler                               
000097ed  PORT6_IRQHandler                               
000097ed  PSS_IRQHandler                                 
000097ed  PendSV_Handler                                 
000097ed  RTC_C_IRQHandler                               
00006099  RTC_C_clearInterruptFlag                       
00005ee3  RTC_C_convertBCDToBinary                       
00005efb  RTC_C_convertBinaryToBCD                       
00005e3f  RTC_C_definePrescaleEvent                      
00005f69  RTC_C_disableInterrupt                         
00005f13  RTC_C_enableInterrupt                          
00005d71  RTC_C_getCalendarTime                          
00006039  RTC_C_getEnabledInterruptStatus                
00005fd1  RTC_C_getInterruptStatus                       
00005e67  RTC_C_getPrescaleValue                         
00005c5b  RTC_C_holdClock                                
00005cff  RTC_C_initCalendar                             
000060df  RTC_C_registerInterrupt                        
00005dd7  RTC_C_setCalendarAlarm                         
00005e0f  RTC_C_setCalendarEvent                         
00005ca9  RTC_C_setCalibrationData                       
00005c79  RTC_C_setCalibrationFrequency                  
00005e93  RTC_C_setPrescaleValue                         
00005cd5  RTC_C_setTemperatureCompensation               
00005c3d  RTC_C_startClock                               
000060fd  RTC_C_unregisterInterrupt                      
000097e1  Reset_Handler                                  
000038e3  SPI_changeClockPhasePolarity                   
0000383d  SPI_changeMasterClock                          
00003a95  SPI_clearInterruptFlag                         
00003a17  SPI_disableInterrupt                           
00003971  SPI_disableModule                              
000039f1  SPI_enableInterrupt                            
00003955  SPI_enableModule                               
00003a65  SPI_getEnabledInterruptStatus                  
00003a3d  SPI_getInterruptStatus                         
0000398d  SPI_getReceiveBufferAddressForDMA              
000039a9  SPI_getTransmitBufferAddressForDMA             
00003751  SPI_initMaster                                 
00003865  SPI_initSlave                                  
000039d5  SPI_isBusy                                     
00003939  SPI_receiveData                                
00003abb  SPI_registerInterrupt                          
00003817  SPI_selectFourPinFunctionality                 
00003913  SPI_transmitData                               
00003b79  SPI_unregisterInterrupt                        
000097ed  SVC_Handler                                    
00007d4b  SysCtl_disableGlitchFilter                     
00007bdb  SysCtl_disableNMISource                        
00007ce3  SysCtl_disablePeripheralAtCPUHalt              
00007c25  SysCtl_disableSRAMBank                         
00007ca9  SysCtl_disableSRAMBankRetention                
00007d3f  SysCtl_enableGlitchFilter                      
00007bef  SysCtl_enableNMISource                         
00007ccf  SysCtl_enablePeripheralAtCPUHalt               
00007c09  SysCtl_enableSRAMBank                          
00007c8d  SysCtl_enableSRAMBankRetention                 
00007bd5  SysCtl_getFlashSize                            
00007c03  SysCtl_getNMISourceStatus                      
00007bcf  SysCtl_getSRAMSize                             
00007b59  SysCtl_getTLVInfo                              
00007d57  SysCtl_getTempCalibrationConstant              
00007cc5  SysCtl_rebootDevice                            
00007d1b  SysCtl_setWDTPasswordViolationResetType        
00007cf7  SysCtl_setWDTTimeoutResetType                  
000097ed  SysTick_Handler                                
200002fc  SystemCoreClock                                
00006e45  SystemCoreClockUpdate                          
000070bd  SystemInit                                     
000097ed  T32_INT1_IRQHandler                            
000097ed  T32_INT2_IRQHandler                            
000097ed  T32_INTC_IRQHandler                            
000097ed  TA0_0_IRQHandler                               
000097ed  TA0_N_IRQHandler                               
000097ed  TA1_0_IRQHandler                               
000097ed  TA1_N_IRQHandler                               
000097ed  TA2_0_IRQHandler                               
000097ed  TA2_N_IRQHandler                               
000097ed  TA3_0_IRQHandler                               
000097ed  TA3_N_IRQHandler                               
00004cc7  Timer_A_clearCaptureCompareInterrupt           
00004cb1  Timer_A_clearInterruptFlag                     
00004b2f  Timer_A_clearTimer                             
00004957  Timer_A_configureContinuousMode                
000049e5  Timer_A_configureUpDownMode                    
00004987  Timer_A_configureUpMode                        
00004d55  Timer_A_disableCaptureCompareInterrupt         
00004d03  Timer_A_disableInterrupt                       
00004d29  Timer_A_enableCaptureCompareInterrupt          
00004cef  Timer_A_enableInterrupt                        
00004bfb  Timer_A_generatePWM                            
00004ba1  Timer_A_getCaptureCompareCount                 
00004dbd  Timer_A_getCaptureCompareEnabledInterruptStatus
00004d7d  Timer_A_getCaptureCompareInterruptStatus       
00004ae3  Timer_A_getCounterValue                        
00004da5  Timer_A_getEnabledInterruptStatus              
00004d17  Timer_A_getInterruptStatus                     
00004b73  Timer_A_getOutputForOutputModeOutBitValue      
00004b43  Timer_A_getSynchronizedCaptureCompareInput     
00004a43  Timer_A_initCapture                            
00004a95  Timer_A_initCompare                            
00004df9  Timer_A_registerInterrupt                      
00004c85  Timer_A_setCompareValue                        
00004bc3  Timer_A_setOutputForOutputModeOutBitValue      
00004941  Timer_A_startCounter                           
00004c71  Timer_A_stopTimer                              
00004ecb  Timer_A_unregisterInterrupt                    
000097ed  UsageFault_Handler                             
4000480c  WDTCTL_SYM                                     
000097ed  WDT_A_IRQHandler                               
00008cd1  WDT_A_clearTimer                               
00008c91  WDT_A_holdTimer                                
00008d0d  WDT_A_initIntervalTimer                        
00008cf1  WDT_A_initWatchdogTimer                        
00008d41  WDT_A_registerInterrupt                        
00008d29  WDT_A_setPasswordViolationReset                
00008d35  WDT_A_setTimeoutReset                          
00008cb1  WDT_A_startTimer                               
00008d55  WDT_A_unregisterInterrupt                      
00008381  _ADCInit                                       
200000e4  __CIOBUF_                                      
00001557  __FlashCtl_remaskBurstDataPost                 
0000143d  __FlashCtl_remaskBurstDataPre                  
00001281  __FlashCtl_remaskData32Post                    
00001365  __FlashCtl_remaskData32Pre                     
00001163  __FlashCtl_remaskData8Post                     
000011e3  __FlashCtl_remaskData8Pre                      
20010000  __STACK_END                                    
00000200  __STACK_SIZE                                   
00009f68  __TI_CINIT_Base                                
00009f80  __TI_CINIT_Limit                               
00009f4c  __TI_Handler_Table_Base                        
00009f58  __TI_Handler_Table_Limit                       
00009511  __TI_auto_init_nobinit_nopinit                 
0000926b  __TI_decompress_lzss                           
000097d3  __TI_decompress_none                           
0000938f  __TI_ltoa                                      
ffffffff  __TI_pprof_out_hndl                            
000023fd  __TI_printfi                                   
ffffffff  __TI_prof_data_size                            
ffffffff  __TI_prof_data_start                           
00009689  __TI_readmsg                                   
00000000  __TI_static_base__                             
00009651  __TI_writemsg                                  
0000971f  __TI_zero_init_nomemset                        
00009009  __aeabi_cdcmpeq                                
00009009  __aeabi_cdcmple                                
0000908f  __aeabi_cdrcmple                               
000094c9  __aeabi_d2iz                                   
00008137  __aeabi_dadd                                   
000085c1  __aeabi_ddiv                                   
00008b95  __aeabi_dmul                                   
0000812d  __aeabi_dsub                                   
000097f9  __aeabi_errno_addr                             
000096f1  __aeabi_i2d                                    
00007b57  __aeabi_idiv0                                  
00007b57  __aeabi_ldiv0                                  
000091fd  __aeabi_ldivmod                                
00009115  __aeabi_memclr                                 
00009115  __aeabi_memclr4                                
00009115  __aeabi_memclr8                                
00008ed7  __aeabi_memcpy                                 
00008ed7  __aeabi_memcpy4                                
00008ed7  __aeabi_memcpy8                                
00009117  __aeabi_memset                                 
00009117  __aeabi_memset4                                
00009117  __aeabi_memset8                                
00009555  __aeabi_uidiv                                  
00009555  __aeabi_uidivmod                               
00008f73  __aeabi_uldivmod                               
ffffffff  __binit__                                      
ffffffff  __c_args__                                     
000086f9  __localtime32                                  
00007179  __mktime32                                     
UNDEFED   __mpu_init                                     
2000fe00  __stack                                        
20000000  __start___llvm_prf_cnts                        
20000000  __stop___llvm_prf_cnts                         
000097c5  __time32                                       
00008407  _accelSensorInit                               
00008475  _buttonInit                                    
00008467  _buzzerInit                                    
000096bd  _c_int00_noargs                                
00009b00  _ctypes_                                       
00008437  _graphicsInit                                  
000082e5  _hwInit                                        
0000841f  _joystickInit                                  
200002f0  _lock                                          
00002e4b  _nop                                           
00008337  _realTimeClockInit                             
UNDEFED   _system_post_cinit                             
00009801  _system_pre_init                               
200002d0  _tz                                            
200002f4  _unlock                                        
00009805  abort                                          
00009435  atoi                                           
ffffffff  binit                                          
000076e7  buzzerPlay                                     
200002e0  compareConfig_PWM                              
00009757  copysign                                       
00009757  copysignl                                      
00007f93  delay                                          
00007fb3  delayWithCountDown                             
00008001  displayRealTimeClock                           
00007f6d  draw                                           
200002f8  errno                                          
0000783b  fallDetected                                   
000092d5  frexp                                          
000092d5  frexpl                                         
20000000  g_pfnRAMVectors                                
20000204  g_sContext                                     
00009dfc  g_sCrystalfontz128x128                         
00009c04  g_sFontFixed6x8                                
00000000  interruptVectors                               
0000804d  lcd_AutoOrient                                 
00008a85  ldexp                                          
00008a85  ldexpl                                         
000086f9  localtime                                      
00007689  main                                           
0000973b  memccpy                                        
00008ed7  memcpy                                         
0000911d  memset                                         
00007179  mktime                                         
20000228  parmbuf                                        
00008a85  scalbn                                         
00008a85  scalbnl                                        
00009595  sprintf                                        
00007733  startFallAlert                                 
000077dd  startSOS                                       
000076b9  startUp                                        
00009789  strchr                                         
0000979f  strlen                                         
000097c5  time                                           
00009e80  upConfig                                       
000097b3  wcslen                                         


GLOBAL SYMBOLS: SORTED BY Symbol Address 

address   name                                           
-------   ----                                           
00000000  __TI_static_base__                             
00000000  interruptVectors                               
00000200  __STACK_SIZE                                   
0000028f  FlashCtl_getMemoryInfo                         
0000060d  FlashCtl_enableReadBuffering                   
00000661  FlashCtl_disableReadBuffering                  
000006c1  FlashCtl_unprotectSector                       
00000731  FlashCtl_protectSector                         
00000791  FlashCtl_isSectorProtected                     
0000081d  FlashCtl_verifyMemory                          
00000a85  FlashCtl_setReadMode                           
00000af1  FlashCtl_getReadMode                           
00000b1b  FlashCtl_initiateMassErase                     
00000b41  FlashCtl_performMassErase                      
00000c8d  FlashCtl_eraseSector                           
00000db1  FlashCtl_initiateSectorErase                   
00000e49  FlashCtl_programMemory                         
00000fb5  FlashCtl_setProgramVerification                
00000fef  FlashCtl_clearProgramVerification              
00001029  FlashCtl_enableWordProgramming                 
00001059  FlashCtl_disableWordProgramming                
00001061  FlashCtl_isWordProgrammingEnabled              
00001081  FlashCtl_setWaitState                          
000010bf  FlashCtl_getWaitState                          
000010ed  FlashCtl_enableInterrupt                       
00001101  FlashCtl_disableInterrupt                      
00001115  FlashCtl_getInterruptStatus                    
0000111b  FlashCtl_getEnabledInterruptStatus             
0000112b  FlashCtl_clearInterruptFlag                    
0000113f  FlashCtl_registerInterrupt                     
00001153  FlashCtl_unregisterInterrupt                   
00001163  __FlashCtl_remaskData8Post                     
000011e3  __FlashCtl_remaskData8Pre                      
00001281  __FlashCtl_remaskData32Post                    
00001365  __FlashCtl_remaskData32Pre                     
0000143d  __FlashCtl_remaskBurstDataPre                  
00001557  __FlashCtl_remaskBurstDataPost                 
000018e1  CS_setExternalClockSourceFrequency             
0000191d  CS_initClockSignal                             
00001a21  CS_startHFXT                                   
00001a45  CS_startHFXTWithTimeout                        
00001b09  CS_startLFXT                                   
00001b2d  CS_startLFXTWithTimeout                        
00001bfd  CS_enableClockRequest                          
00001c25  CS_disableClockRequest                         
00001c47  CS_setReferenceOscillatorFrequency             
00001c6d  CS_enableDCOExternalResistor                   
00001c95  CS_setDCOExternalResistorCalibration           
00001d0b  CS_disableDCOExternalResistor                  
00001d29  CS_setDCOCenteredFrequency                     
00001d61  CS_tuneDCOFrequency                            
00001e05  CS_getDCOFrequency                             
00001fa9  CS_setDCOFrequency                             
00002181  CS_getBCLK                                     
0000219d  CS_getHSMCLK                                   
000021c1  CS_getACLK                                     
000021e5  CS_getSMCLK                                    
00002207  CS_getMCLK                                     
00002229  CS_enableFaultCounter                          
00002255  CS_disableFaultCounter                         
00002281  CS_resetFaultCounter                           
000022cd  CS_startFaultCounter                           
0000231d  CS_enableInterrupt                             
0000233f  CS_disableInterrupt                            
00002361  CS_getInterruptStatus                          
00002367  CS_getEnabledInterruptStatus                   
00002381  CS_clearInterruptFlag                          
000023a3  CS_registerInterrupt                           
000023b7  CS_unregisterInterrupt                         
000023fd  __TI_printfi                                   
00002e4b  _nop                                           
00002fb5  ADC14_enableModule                             
00002fbd  ADC14_disableModule                            
00002fd3  ADC14_enableSampleTimer                        
00002ffd  ADC14_disableSampleTimer                       
00003013  ADC14_initModule                               
00003059  ADC14_setResolution                            
00003073  ADC14_getResolution                            
0000307d  ADC14_setSampleHoldTrigger                     
000030bf  ADC14_setSampleHoldTime                        
000030e9  ADC14_configureMultiSequenceMode               
0000317f  ADC14_configureSingleSampleMode                
000031d5  ADC14_enableConversion                         
000031f5  ADC14_toggleConversionTrigger                  
00003217  ADC14_disableConversion                        
00003223  ADC14_isBusy                                   
00003241  ADC14_configureConversionMemory                
000032e9  ADC14_enableComparatorWindow                   
00003379  ADC14_disableComparatorWindow                  
000033d7  ADC14_setComparatorWindowValue                 
0000345d  ADC14_setResultFormat                          
00003487  ADC14_getResult                                
000034a1  ADC14_getMultiSequenceResult                   
0000350d  ADC14_getResultArray                           
00003581  ADC14_enableReferenceBurst                     
00003597  ADC14_disableReferenceBurst                    
000035ad  ADC14_setPowerMode                             
000035ef  ADC14_enableInterrupt                          
00003617  ADC14_disableInterrupt                         
0000363f  ADC14_getInterruptStatus                       
00003663  ADC14_getEnabledInterruptStatus                
00003699  ADC14_clearInterruptFlag                       
000036c5  ADC14_registerInterrupt                        
000036d9  ADC14_unregisterInterrupt                      
00003751  SPI_initMaster                                 
00003817  SPI_selectFourPinFunctionality                 
0000383d  SPI_changeMasterClock                          
00003865  SPI_initSlave                                  
000038e3  SPI_changeClockPhasePolarity                   
00003913  SPI_transmitData                               
00003939  SPI_receiveData                                
00003955  SPI_enableModule                               
00003971  SPI_disableModule                              
0000398d  SPI_getReceiveBufferAddressForDMA              
000039a9  SPI_getTransmitBufferAddressForDMA             
000039d5  SPI_isBusy                                     
000039f1  SPI_enableInterrupt                            
00003a17  SPI_disableInterrupt                           
00003a3d  SPI_getInterruptStatus                         
00003a65  SPI_getEnabledInterruptStatus                  
00003a95  SPI_clearInterruptFlag                         
00003abb  SPI_registerInterrupt                          
00003b79  SPI_unregisterInterrupt                        
00003c25  EUSCI_B_SPI_select4PinFunctionality            
00003c45  EUSCI_B_SPI_masterChangeClock                  
00003c77  EUSCI_B_SPI_slaveInit                          
00003cc1  EUSCI_B_SPI_changeClockPhasePolarity           
00003d03  EUSCI_B_SPI_transmitData                       
00003d19  EUSCI_B_SPI_receiveData                        
00003d29  EUSCI_B_SPI_enableInterrupt                    
00003d43  EUSCI_B_SPI_disableInterrupt                   
00003d5d  EUSCI_B_SPI_getInterruptStatus                 
00003d75  EUSCI_B_SPI_clearInterruptFlag                 
00003d8f  EUSCI_B_SPI_enable                             
00003da5  EUSCI_B_SPI_disable                            
00003dbb  EUSCI_B_SPI_getReceiveBufferAddressForDMA      
00003dc9  EUSCI_B_SPI_getTransmitBufferAddressForDMA     
00003dd7  EUSCI_B_SPI_isBusy                             
00003def  EUSCI_A_SPI_select4PinFunctionality            
00003e0f  EUSCI_A_SPI_masterChangeClock                  
00003e45  EUSCI_A_SPI_slaveInit                          
00003e8f  EUSCI_A_SPI_changeClockPhasePolarity           
00003ed1  EUSCI_A_SPI_transmitData                       
00003ee7  EUSCI_A_SPI_receiveData                        
00003ef7  EUSCI_A_SPI_enableInterrupt                    
00003f11  EUSCI_A_SPI_disableInterrupt                   
00003f2b  EUSCI_A_SPI_getInterruptStatus                 
00003f43  EUSCI_A_SPI_clearInterruptFlag                 
00003f5d  EUSCI_A_SPI_enable                             
00003f73  EUSCI_A_SPI_disable                            
00003f89  EUSCI_A_SPI_getReceiveBufferAddressForDMA      
00003f97  EUSCI_A_SPI_getTransmitBufferAddressForDMA     
00003fa5  EUSCI_A_SPI_isBusy                             
000040bb  PCM_setCoreVoltageLevel                        
000040cb  PCM_setCoreVoltageLevelWithTimeout             
000040dd  PCM_setCoreVoltageLevelNonBlocking             
000040ed  PCM_getPowerMode                               
00004147  PCM_getCoreVoltageLevel                        
000042ed  PCM_setPowerMode                               
000042fd  PCM_setPowerModeNonBlocking                    
0000430d  PCM_setPowerModeWithTimeout                    
000045bf  PCM_setPowerState                              
000045cf  PCM_setPowerStateWithTimeout                   
000045e1  PCM_setPowerStateNonBlocking                   
000045f1  PCM_shutdownDevice                             
00004635  PCM_gotoLPM4                                   
00004645  PCM_gotoLPM4InterruptSafe                      
00004661  PCM_gotoLPM0                                   
0000467f  PCM_gotoLPM0InterruptSafe                      
0000469b  PCM_gotoLPM3                                   
00004713  PCM_gotoLPM3InterruptSafe                      
0000472f  PCM_getPowerState                              
0000473b  PCM_enableRudeMode                             
0000474d  PCM_disableRudeMode                            
00004761  PCM_enableInterrupt                            
00004775  PCM_disableInterrupt                           
00004789  PCM_getInterruptStatus                         
0000478f  PCM_getEnabledInterruptStatus                  
0000479f  PCM_clearInterruptFlag                         
000047b3  PCM_registerInterrupt                          
000047c7  PCM_unregisterInterrupt                        
00004941  Timer_A_startCounter                           
00004957  Timer_A_configureContinuousMode                
00004987  Timer_A_configureUpMode                        
000049e5  Timer_A_configureUpDownMode                    
00004a43  Timer_A_initCapture                            
00004a95  Timer_A_initCompare                            
00004ae3  Timer_A_getCounterValue                        
00004b2f  Timer_A_clearTimer                             
00004b43  Timer_A_getSynchronizedCaptureCompareInput     
00004b73  Timer_A_getOutputForOutputModeOutBitValue      
00004ba1  Timer_A_getCaptureCompareCount                 
00004bc3  Timer_A_setOutputForOutputModeOutBitValue      
00004bfb  Timer_A_generatePWM                            
00004c71  Timer_A_stopTimer                              
00004c85  Timer_A_setCompareValue                        
00004cb1  Timer_A_clearInterruptFlag                     
00004cc7  Timer_A_clearCaptureCompareInterrupt           
00004cef  Timer_A_enableInterrupt                        
00004d03  Timer_A_disableInterrupt                       
00004d17  Timer_A_getInterruptStatus                     
00004d29  Timer_A_enableCaptureCompareInterrupt          
00004d55  Timer_A_disableCaptureCompareInterrupt         
00004d7d  Timer_A_getCaptureCompareInterruptStatus       
00004da5  Timer_A_getEnabledInterruptStatus              
00004dbd  Timer_A_getCaptureCompareEnabledInterruptStatus
00004df9  Timer_A_registerInterrupt                      
00004ecb  Timer_A_unregisterInterrupt                    
00004f95  Crystalfontz128x128_Init                       
000050a9  Crystalfontz128x128_SetDrawFrame               
000051d7  Crystalfontz128x128_SetOrientation             
0000564d  Graphics_getStringWidth                        
00005747  Graphics_drawString                            
00005bc5  Graphics_getStringBaseline                     
00005bd5  Graphics_drawStringCentered                    
00005c1d  Graphics_getStringHeight                       
00005c2d  Graphics_getStringMaxWidth                     
00005c3d  RTC_C_startClock                               
00005c5b  RTC_C_holdClock                                
00005c79  RTC_C_setCalibrationFrequency                  
00005ca9  RTC_C_setCalibrationData                       
00005cd5  RTC_C_setTemperatureCompensation               
00005cff  RTC_C_initCalendar                             
00005d71  RTC_C_getCalendarTime                          
00005dd7  RTC_C_setCalendarAlarm                         
00005e0f  RTC_C_setCalendarEvent                         
00005e3f  RTC_C_definePrescaleEvent                      
00005e67  RTC_C_getPrescaleValue                         
00005e93  RTC_C_setPrescaleValue                         
00005ee3  RTC_C_convertBCDToBinary                       
00005efb  RTC_C_convertBinaryToBCD                       
00005f13  RTC_C_enableInterrupt                          
00005f69  RTC_C_disableInterrupt                         
00005fd1  RTC_C_getInterruptStatus                       
00006039  RTC_C_getEnabledInterruptStatus                
00006099  RTC_C_clearInterruptFlag                       
000060df  RTC_C_registerInterrupt                        
000060fd  RTC_C_unregisterInterrupt                      
00006145  Graphics_drawLineH                             
000061e1  Graphics_drawLineV                             
00006461  Graphics_drawLine                              
000065d5  GPIO_setAsOutputPin                            
0000660f  GPIO_setAsInputPin                             
00006655  GPIO_setAsPeripheralModuleFunctionOutputPin    
000066d9  GPIO_setAsPeripheralModuleFunctionInputPin     
0000675d  GPIO_setOutputHighOnPin                        
0000677f  GPIO_setOutputLowOnPin                         
000067a1  GPIO_toggleOutputOnPin                         
000067c3  GPIO_setAsInputPinWithPullDownResistor         
00006815  GPIO_setAsInputPinWithPullUpResistor           
00006867  GPIO_getInputPinValue                          
00006895  GPIO_enableInterrupt                           
000068b7  GPIO_disableInterrupt                          
000068d9  GPIO_getInterruptStatus                        
000068f7  GPIO_clearInterruptFlag                        
00006919  GPIO_interruptEdgeSelect                       
0000694f  GPIO_getEnabledInterruptStatus                 
000069cb  GPIO_setDriveStrengthHigh                      
000069ed  GPIO_setDriveStrengthLow                       
00006a0f  GPIO_registerInterrupt                         
00006a2f  GPIO_unregisterInterrupt                       
00006a57  Interrupt_enableMaster                         
00006a67  Interrupt_disableMaster                        
00006a77  Interrupt_registerInterrupt                    
00006ac9  Interrupt_unregisterInterrupt                  
00006add  Interrupt_setPriorityGrouping                  
00006af7  Interrupt_getPriorityGrouping                  
00006b2f  Interrupt_setPriority                          
00006b7f  Interrupt_getPriority                          
00006ba5  Interrupt_enableInterrupt                      
00006c17  Interrupt_disableInterrupt                     
00006c89  Interrupt_isEnabled                            
00006d15  Interrupt_pendInterrupt                        
00006d85  Interrupt_unpendInterrupt                      
00006dd3  Interrupt_setPriorityMask                      
00006de3  Interrupt_getPriorityMask                      
00006ded  Interrupt_setVectorTableAddress                
00006dfd  Interrupt_getVectorTableAddress                
00006e03  Interrupt_enableSleepOnIsrExit                 
00006e15  Interrupt_disableSleepOnIsrExit                
00006e45  SystemCoreClockUpdate                          
000070bd  SystemInit                                     
00007179  __mktime32                                     
00007179  mktime                                         
00007689  main                                           
000076b9  startUp                                        
000076e7  buzzerPlay                                     
00007733  startFallAlert                                 
000077dd  startSOS                                       
00007807  ADC14_IRQHandler                               
00007807  ADC14_IRQHandler                               
0000783b  fallDetected                                   
000078f1  Graphics_initContext                           
0000793b  Graphics_setClipRegion                         
00007a05  Graphics_setBackgroundColor                    
00007a1f  Graphics_setBackgroundColorTranslated          
00007a35  Graphics_setFont                               
00007a4f  Graphics_getFontBaseline                       
00007a5d  Graphics_setForegroundColor                    
00007a73  Graphics_setForegroundColorTranslated          
00007a85  Graphics_getFontHeight                         
00007a93  Graphics_getFontMaxWidth                       
00007aa1  Graphics_getDisplayWidth                       
00007ab1  Graphics_getDisplayHeight                      
00007ac1  Graphics_getHeightOfDisplay                    
00007acf  Graphics_flushBuffer                           
00007add  Graphics_clearDisplay                          
00007aef  Graphics_drawPixel                             
00007b49  Graphics_getWidthOfDisplay                     
00007b57  __aeabi_idiv0                                  
00007b57  __aeabi_ldiv0                                  
00007b59  SysCtl_getTLVInfo                              
00007bcf  SysCtl_getSRAMSize                             
00007bd5  SysCtl_getFlashSize                            
00007bdb  SysCtl_disableNMISource                        
00007bef  SysCtl_enableNMISource                         
00007c03  SysCtl_getNMISourceStatus                      
00007c09  SysCtl_enableSRAMBank                          
00007c25  SysCtl_disableSRAMBank                         
00007c8d  SysCtl_enableSRAMBankRetention                 
00007ca9  SysCtl_disableSRAMBankRetention                
00007cc5  SysCtl_rebootDevice                            
00007ccf  SysCtl_enablePeripheralAtCPUHalt               
00007ce3  SysCtl_disablePeripheralAtCPUHalt              
00007cf7  SysCtl_setWDTTimeoutResetType                  
00007d1b  SysCtl_setWDTPasswordViolationResetType        
00007d3f  SysCtl_enableGlitchFilter                      
00007d4b  SysCtl_disableGlitchFilter                     
00007d57  SysCtl_getTempCalibrationConstant              
00007f6d  draw                                           
00007f93  delay                                          
00007fb3  delayWithCountDown                             
00008001  displayRealTimeClock                           
0000804d  lcd_AutoOrient                                 
0000812d  __aeabi_dsub                                   
00008137  __aeabi_dadd                                   
000082e5  _hwInit                                        
00008337  _realTimeClockInit                             
00008381  _ADCInit                                       
00008407  _accelSensorInit                               
0000841f  _joystickInit                                  
00008437  _graphicsInit                                  
00008467  _buzzerInit                                    
00008475  _buttonInit                                    
000085c1  __aeabi_ddiv                                   
000086f9  __localtime32                                  
000086f9  localtime                                      
0000882d  Graphics_drawPixelOnDisplay                    
00008857  Graphics_drawMultiplePixelsOnDisplay           
0000889b  Graphics_drawHorizontalLineOnDisplay           
000088cf  Graphics_drawVerticalLineOnDisplay             
00008903  Graphics_fillRectangleOnDisplay                
00008921  Graphics_translateColorOnDisplay               
00008937  Graphics_flushOnDisplay                        
00008949  Graphics_clearDisplayOnDisplay                 
00008a85  ldexp                                          
00008a85  ldexpl                                         
00008a85  scalbn                                         
00008a85  scalbnl                                        
00008b95  __aeabi_dmul                                   
00008c91  WDT_A_holdTimer                                
00008cb1  WDT_A_startTimer                               
00008cd1  WDT_A_clearTimer                               
00008cf1  WDT_A_initWatchdogTimer                        
00008d0d  WDT_A_initIntervalTimer                        
00008d29  WDT_A_setPasswordViolationReset                
00008d35  WDT_A_setTimeoutReset                          
00008d41  WDT_A_registerInterrupt                        
00008d55  WDT_A_unregisterInterrupt                      
00008d69  HAL_LCD_PortInit                               
00008d99  HAL_LCD_SpiInit                                
00008dcf  HAL_LCD_writeCommand                           
00008df7  HAL_LCD_writeData                              
00008ed7  __aeabi_memcpy                                 
00008ed7  __aeabi_memcpy4                                
00008ed7  __aeabi_memcpy8                                
00008ed7  memcpy                                         
00008f73  __aeabi_uldivmod                               
00009009  __aeabi_cdcmpeq                                
00009009  __aeabi_cdcmple                                
0000908f  __aeabi_cdrcmple                               
00009115  __aeabi_memclr                                 
00009115  __aeabi_memclr4                                
00009115  __aeabi_memclr8                                
00009117  __aeabi_memset                                 
00009117  __aeabi_memset4                                
00009117  __aeabi_memset8                                
0000911d  memset                                         
000091fd  __aeabi_ldivmod                                
0000926b  __TI_decompress_lzss                           
000092d5  frexp                                          
000092d5  frexpl                                         
0000938f  __TI_ltoa                                      
00009435  atoi                                           
00009481  HOSTtime                                       
000094c9  __aeabi_d2iz                                   
00009511  __TI_auto_init_nobinit_nopinit                 
00009555  __aeabi_uidiv                                  
00009555  __aeabi_uidivmod                               
00009595  sprintf                                        
00009613  CPU_cpsid                                      
0000961f  CPU_primask                                    
00009629  CPU_cpsie                                      
00009635  CPU_wfi                                        
00009639  CPU_basepriSet                                 
00009647  CPU_basepriGet                                 
00009651  __TI_writemsg                                  
0000967f  C$$IO$$                                        
00009689  __TI_readmsg                                   
000096bd  _c_int00_noargs                                
000096f1  __aeabi_i2d                                    
0000971f  __TI_zero_init_nomemset                        
0000973b  memccpy                                        
00009757  copysign                                       
00009757  copysignl                                      
00009789  strchr                                         
0000979f  strlen                                         
000097b3  wcslen                                         
000097c5  __time32                                       
000097c5  time                                           
000097d3  __TI_decompress_none                           
000097e1  Reset_Handler                                  
000097ed  AES256_IRQHandler                              
000097ed  BusFault_Handler                               
000097ed  COMP_E0_IRQHandler                             
000097ed  COMP_E1_IRQHandler                             
000097ed  CS_IRQHandler                                  
000097ed  DMA_ERR_IRQHandler                             
000097ed  DMA_INT0_IRQHandler                            
000097ed  DMA_INT1_IRQHandler                            
000097ed  DMA_INT2_IRQHandler                            
000097ed  DMA_INT3_IRQHandler                            
000097ed  DebugMon_Handler                               
000097ed  Default_Handler                                
000097ed  EUSCIA0_IRQHandler                             
000097ed  EUSCIA1_IRQHandler                             
000097ed  EUSCIA2_IRQHandler                             
000097ed  EUSCIA3_IRQHandler                             
000097ed  EUSCIB0_IRQHandler                             
000097ed  EUSCIB1_IRQHandler                             
000097ed  EUSCIB2_IRQHandler                             
000097ed  EUSCIB3_IRQHandler                             
000097ed  FLCTL_IRQHandler                               
000097ed  FPU_IRQHandler                                 
000097ed  HardFault_Handler                              
000097ed  MemManage_Handler                              
000097ed  NMI_Handler                                    
000097ed  PCM_IRQHandler                                 
000097ed  PORT1_IRQHandler                               
000097ed  PORT2_IRQHandler                               
000097ed  PORT3_IRQHandler                               
000097ed  PORT4_IRQHandler                               
000097ed  PORT5_IRQHandler                               
000097ed  PORT6_IRQHandler                               
000097ed  PSS_IRQHandler                                 
000097ed  PendSV_Handler                                 
000097ed  RTC_C_IRQHandler                               
000097ed  SVC_Handler                                    
000097ed  SysTick_Handler                                
000097ed  T32_INT1_IRQHandler                            
000097ed  T32_INT2_IRQHandler                            
000097ed  T32_INTC_IRQHandler                            
000097ed  TA0_0_IRQHandler                               
000097ed  TA0_N_IRQHandler                               
000097ed  TA1_0_IRQHandler                               
000097ed  TA1_N_IRQHandler                               
000097ed  TA2_0_IRQHandler                               
000097ed  TA2_N_IRQHandler                               
000097ed  TA3_0_IRQHandler                               
000097ed  TA3_N_IRQHandler                               
000097ed  UsageFault_Handler                             
000097ed  WDT_A_IRQHandler                               
000097f9  __aeabi_errno_addr                             
00009801  _system_pre_init                               
00009805  C$$EXIT                                        
00009805  abort                                          
00009b00  _ctypes_                                       
00009c04  g_sFontFixed6x8                                
00009dfc  g_sCrystalfontz128x128                         
00009e80  upConfig                                       
00009f4c  __TI_Handler_Table_Base                        
00009f58  __TI_Handler_Table_Limit                       
00009f68  __TI_CINIT_Base                                
00009f80  __TI_CINIT_Limit                               
20000000  __start___llvm_prf_cnts                        
20000000  __stop___llvm_prf_cnts                         
20000000  g_pfnRAMVectors                                
200000e4  __CIOBUF_                                      
20000204  g_sContext                                     
20000228  parmbuf                                        
20000230  Lcd_ScreenHeigth                               
20000232  Lcd_ScreenWidth                                
20000234  Lcd_TouchTrim                                  
20000236  Lcd_FlagRead                                   
20000237  Lcd_FontSolid                                  
20000238  Lcd_Orientation                                
20000239  Lcd_PenSolid                                   
200002d0  _tz                                            
200002e0  compareConfig_PWM                              
200002f0  _lock                                          
200002f4  _unlock                                        
200002f8  errno                                          
200002fc  SystemCoreClock                                
2000fe00  __stack                                        
20010000  __STACK_END                                    
4000480c  WDTCTL_SYM                                     
ffffffff  __TI_pprof_out_hndl                            
ffffffff  __TI_prof_data_size                            
ffffffff  __TI_prof_data_start                           
ffffffff  __binit__                                      
ffffffff  __c_args__                                     
ffffffff  binit                                          
UNDEFED   __mpu_init                                     
UNDEFED   _system_post_cinit                             

[514 symbols]
