<?xml version="1.0" encoding="ISO-8859-1" ?>
<link_info>
   <banner>TI ARM Linker Unix v20.2.5.LTS</banner>
   <copyright>Copyright (c) 1996-2018 Texas Instruments Incorporated</copyright>
   <link_time>0x61961ff2</link_time>
   <link_errors>0x0</link_errors>
   <output_file>AnhTu_FallDetector_v1.0_Nov17_08_10.out</output_file>
   <entry_point>
      <name>_c_int00_noargs</name>
      <address>0x96bd</address>
   </entry_point>
   <input_file_list>
      <input_file id="fl-2">
         <path>./</path>
         <kind>object</kind>
         <file>hardware_init.obj</file>
         <name>hardware_init.obj</name>
      </input_file>
      <input_file id="fl-3">
         <path>./</path>
         <kind>object</kind>
         <file>main.obj</file>
         <name>main.obj</name>
      </input_file>
      <input_file id="fl-4">
         <path>./</path>
         <kind>object</kind>
         <file>startup_msp432p401r_ccs.obj</file>
         <name>startup_msp432p401r_ccs.obj</name>
      </input_file>
      <input_file id="fl-5">
         <path>./</path>
         <kind>object</kind>
         <file>system_msp432p401r.obj</file>
         <name>system_msp432p401r.obj</name>
      </input_file>
      <input_file id="fl-6">
         <path>./</path>
         <kind>object</kind>
         <file>utils.obj</file>
         <name>utils.obj</name>
      </input_file>
      <input_file id="fl-7">
         <path>./GrLib/fonts/</path>
         <kind>object</kind>
         <file>fontfixed6x8.obj</file>
         <name>fontfixed6x8.obj</name>
      </input_file>
      <input_file id="fl-8">
         <path>./GrLib/grlib/</path>
         <kind>object</kind>
         <file>button.obj</file>
         <name>button.obj</name>
      </input_file>
      <input_file id="fl-9">
         <path>./GrLib/grlib/</path>
         <kind>object</kind>
         <file>checkbox.obj</file>
         <name>checkbox.obj</name>
      </input_file>
      <input_file id="fl-a">
         <path>./GrLib/grlib/</path>
         <kind>object</kind>
         <file>circle.obj</file>
         <name>circle.obj</name>
      </input_file>
      <input_file id="fl-b">
         <path>./GrLib/grlib/</path>
         <kind>object</kind>
         <file>context.obj</file>
         <name>context.obj</name>
      </input_file>
      <input_file id="fl-c">
         <path>./GrLib/grlib/</path>
         <kind>object</kind>
         <file>display.obj</file>
         <name>display.obj</name>
      </input_file>
      <input_file id="fl-d">
         <path>./GrLib/grlib/</path>
         <kind>object</kind>
         <file>image.obj</file>
         <name>image.obj</name>
      </input_file>
      <input_file id="fl-e">
         <path>./GrLib/grlib/</path>
         <kind>object</kind>
         <file>imageButton.obj</file>
         <name>imageButton.obj</name>
      </input_file>
      <input_file id="fl-f">
         <path>./GrLib/grlib/</path>
         <kind>object</kind>
         <file>line.obj</file>
         <name>line.obj</name>
      </input_file>
      <input_file id="fl-10">
         <path>./GrLib/grlib/</path>
         <kind>object</kind>
         <file>radioButton.obj</file>
         <name>radioButton.obj</name>
      </input_file>
      <input_file id="fl-11">
         <path>./GrLib/grlib/</path>
         <kind>object</kind>
         <file>rectangle.obj</file>
         <name>rectangle.obj</name>
      </input_file>
      <input_file id="fl-12">
         <path>./GrLib/grlib/</path>
         <kind>object</kind>
         <file>string.obj</file>
         <name>string.obj</name>
      </input_file>
      <input_file id="fl-13">
         <path>./LcdDriver/</path>
         <kind>object</kind>
         <file>Crystalfontz128x128_ST7735.obj</file>
         <name>Crystalfontz128x128_ST7735.obj</name>
      </input_file>
      <input_file id="fl-14">
         <path>./LcdDriver/</path>
         <kind>object</kind>
         <file>HAL_MSP_EXP432P401R_Crystalfontz128x128_ST7735.obj</file>
         <name>HAL_MSP_EXP432P401R_Crystalfontz128x128_ST7735.obj</name>
      </input_file>
      <input_file id="fl-15">
         <path>./driverlib/MSP432P4xx/</path>
         <kind>object</kind>
         <file>adc14.obj</file>
         <name>adc14.obj</name>
      </input_file>
      <input_file id="fl-16">
         <path>./driverlib/MSP432P4xx/</path>
         <kind>object</kind>
         <file>aes256.obj</file>
         <name>aes256.obj</name>
      </input_file>
      <input_file id="fl-17">
         <path>./driverlib/MSP432P4xx/</path>
         <kind>object</kind>
         <file>comp_e.obj</file>
         <name>comp_e.obj</name>
      </input_file>
      <input_file id="fl-18">
         <path>./driverlib/MSP432P4xx/</path>
         <kind>object</kind>
         <file>cpu.obj</file>
         <name>cpu.obj</name>
      </input_file>
      <input_file id="fl-19">
         <path>./driverlib/MSP432P4xx/</path>
         <kind>object</kind>
         <file>crc32.obj</file>
         <name>crc32.obj</name>
      </input_file>
      <input_file id="fl-1a">
         <path>./driverlib/MSP432P4xx/</path>
         <kind>object</kind>
         <file>cs.obj</file>
         <name>cs.obj</name>
      </input_file>
      <input_file id="fl-1b">
         <path>./driverlib/MSP432P4xx/</path>
         <kind>object</kind>
         <file>dma.obj</file>
         <name>dma.obj</name>
      </input_file>
      <input_file id="fl-1c">
         <path>./driverlib/MSP432P4xx/</path>
         <kind>object</kind>
         <file>flash.obj</file>
         <name>flash.obj</name>
      </input_file>
      <input_file id="fl-1d">
         <path>./driverlib/MSP432P4xx/</path>
         <kind>object</kind>
         <file>fpu.obj</file>
         <name>fpu.obj</name>
      </input_file>
      <input_file id="fl-1e">
         <path>./driverlib/MSP432P4xx/</path>
         <kind>object</kind>
         <file>gpio.obj</file>
         <name>gpio.obj</name>
      </input_file>
      <input_file id="fl-1f">
         <path>./driverlib/MSP432P4xx/</path>
         <kind>object</kind>
         <file>i2c.obj</file>
         <name>i2c.obj</name>
      </input_file>
      <input_file id="fl-20">
         <path>./driverlib/MSP432P4xx/</path>
         <kind>object</kind>
         <file>interrupt.obj</file>
         <name>interrupt.obj</name>
      </input_file>
      <input_file id="fl-21">
         <path>./driverlib/MSP432P4xx/</path>
         <kind>object</kind>
         <file>mpu.obj</file>
         <name>mpu.obj</name>
      </input_file>
      <input_file id="fl-22">
         <path>./driverlib/MSP432P4xx/</path>
         <kind>object</kind>
         <file>pcm.obj</file>
         <name>pcm.obj</name>
      </input_file>
      <input_file id="fl-23">
         <path>./driverlib/MSP432P4xx/</path>
         <kind>object</kind>
         <file>pmap.obj</file>
         <name>pmap.obj</name>
      </input_file>
      <input_file id="fl-24">
         <path>./driverlib/MSP432P4xx/</path>
         <kind>object</kind>
         <file>pss.obj</file>
         <name>pss.obj</name>
      </input_file>
      <input_file id="fl-25">
         <path>./driverlib/MSP432P4xx/</path>
         <kind>object</kind>
         <file>ref_a.obj</file>
         <name>ref_a.obj</name>
      </input_file>
      <input_file id="fl-26">
         <path>./driverlib/MSP432P4xx/</path>
         <kind>object</kind>
         <file>reset.obj</file>
         <name>reset.obj</name>
      </input_file>
      <input_file id="fl-27">
         <path>./driverlib/MSP432P4xx/</path>
         <kind>object</kind>
         <file>rtc_c.obj</file>
         <name>rtc_c.obj</name>
      </input_file>
      <input_file id="fl-28">
         <path>./driverlib/MSP432P4xx/</path>
         <kind>object</kind>
         <file>spi.obj</file>
         <name>spi.obj</name>
      </input_file>
      <input_file id="fl-29">
         <path>./driverlib/MSP432P4xx/</path>
         <kind>object</kind>
         <file>sysctl.obj</file>
         <name>sysctl.obj</name>
      </input_file>
      <input_file id="fl-2a">
         <path>./driverlib/MSP432P4xx/</path>
         <kind>object</kind>
         <file>systick.obj</file>
         <name>systick.obj</name>
      </input_file>
      <input_file id="fl-2b">
         <path>./driverlib/MSP432P4xx/</path>
         <kind>object</kind>
         <file>timer32.obj</file>
         <name>timer32.obj</name>
      </input_file>
      <input_file id="fl-2c">
         <path>./driverlib/MSP432P4xx/</path>
         <kind>object</kind>
         <file>timer_a.obj</file>
         <name>timer_a.obj</name>
      </input_file>
      <input_file id="fl-2d">
         <path>./driverlib/MSP432P4xx/</path>
         <kind>object</kind>
         <file>uart.obj</file>
         <name>uart.obj</name>
      </input_file>
      <input_file id="fl-2e">
         <path>./driverlib/MSP432P4xx/</path>
         <kind>object</kind>
         <file>wdt_a.obj</file>
         <name>wdt_a.obj</name>
      </input_file>
      <input_file id="fl-32">
         <kind>object</kind>
         <file>&lt;internal&gt;</file>
         <name>&lt;internal&gt;</name>
      </input_file>
      <input_file id="fl-e8">
         <path>/opt/ti/ccs1100/ccs/tools/compiler/ti-cgt-arm_20.2.5.LTS/lib/</path>
         <kind>archive</kind>
         <file>rtsv7M4_T_le_v4SPD16_eabi.lib</file>
         <name>sprintf.c.obj</name>
      </input_file>
      <input_file id="fl-e9">
         <path>/opt/ti/ccs1100/ccs/tools/compiler/ti-cgt-arm_20.2.5.LTS/lib/</path>
         <kind>archive</kind>
         <file>rtsv7M4_T_le_v4SPD16_eabi.lib</file>
         <name>memcpy_t2.asm.obj</name>
      </input_file>
      <input_file id="fl-ea">
         <path>/opt/ti/ccs1100/ccs/tools/compiler/ti-cgt-arm_20.2.5.LTS/lib/</path>
         <kind>archive</kind>
         <file>rtsv7M4_T_le_v4SPD16_eabi.lib</file>
         <name>copy_zero_init.c.obj</name>
      </input_file>
      <input_file id="fl-eb">
         <path>/opt/ti/ccs1100/ccs/tools/compiler/ti-cgt-arm_20.2.5.LTS/lib/</path>
         <kind>archive</kind>
         <file>rtsv7M4_T_le_v4SPD16_eabi.lib</file>
         <name>copy_decompress_none.c.obj</name>
      </input_file>
      <input_file id="fl-ec">
         <path>/opt/ti/ccs1100/ccs/tools/compiler/ti-cgt-arm_20.2.5.LTS/lib/</path>
         <kind>archive</kind>
         <file>rtsv7M4_T_le_v4SPD16_eabi.lib</file>
         <name>copy_decompress_lzss.c.obj</name>
      </input_file>
      <input_file id="fl-ed">
         <path>/opt/ti/ccs1100/ccs/tools/compiler/ti-cgt-arm_20.2.5.LTS/lib/</path>
         <kind>archive</kind>
         <file>rtsv7M4_T_le_v4SPD16_eabi.lib</file>
         <name>localtim.c.obj</name>
      </input_file>
      <input_file id="fl-ee">
         <path>/opt/ti/ccs1100/ccs/tools/compiler/ti-cgt-arm_20.2.5.LTS/lib/</path>
         <kind>archive</kind>
         <file>rtsv7M4_T_le_v4SPD16_eabi.lib</file>
         <name>mktime.c.obj</name>
      </input_file>
      <input_file id="fl-ef">
         <path>/opt/ti/ccs1100/ccs/tools/compiler/ti-cgt-arm_20.2.5.LTS/lib/</path>
         <kind>archive</kind>
         <file>rtsv7M4_T_le_v4SPD16_eabi.lib</file>
         <name>tmzone.c.obj</name>
      </input_file>
      <input_file id="fl-f0">
         <path>/opt/ti/ccs1100/ccs/tools/compiler/ti-cgt-arm_20.2.5.LTS/lib/</path>
         <kind>archive</kind>
         <file>rtsv7M4_T_le_v4SPD16_eabi.lib</file>
         <name>boot_cortex_m.c.obj</name>
      </input_file>
      <input_file id="fl-f1">
         <path>/opt/ti/ccs1100/ccs/tools/compiler/ti-cgt-arm_20.2.5.LTS/lib/</path>
         <kind>archive</kind>
         <file>rtsv7M4_T_le_v4SPD16_eabi.lib</file>
         <name>time.c.obj</name>
      </input_file>
      <input_file id="fl-f2">
         <path>/opt/ti/ccs1100/ccs/tools/compiler/ti-cgt-arm_20.2.5.LTS/lib/</path>
         <kind>archive</kind>
         <file>rtsv7M4_T_le_v4SPD16_eabi.lib</file>
         <name>_printfi.c.obj</name>
      </input_file>
      <input_file id="fl-f3">
         <path>/opt/ti/ccs1100/ccs/tools/compiler/ti-cgt-arm_20.2.5.LTS/lib/</path>
         <kind>archive</kind>
         <file>rtsv7M4_T_le_v4SPD16_eabi.lib</file>
         <name>s_frexp.c.obj</name>
      </input_file>
      <input_file id="fl-f4">
         <path>/opt/ti/ccs1100/ccs/tools/compiler/ti-cgt-arm_20.2.5.LTS/lib/</path>
         <kind>archive</kind>
         <file>rtsv7M4_T_le_v4SPD16_eabi.lib</file>
         <name>s_scalbn.c.obj</name>
      </input_file>
      <input_file id="fl-f5">
         <path>/opt/ti/ccs1100/ccs/tools/compiler/ti-cgt-arm_20.2.5.LTS/lib/</path>
         <kind>archive</kind>
         <file>rtsv7M4_T_le_v4SPD16_eabi.lib</file>
         <name>wcslen.c.obj</name>
      </input_file>
      <input_file id="fl-f6">
         <path>/opt/ti/ccs1100/ccs/tools/compiler/ti-cgt-arm_20.2.5.LTS/lib/</path>
         <kind>archive</kind>
         <file>rtsv7M4_T_le_v4SPD16_eabi.lib</file>
         <name>fd_add_t2.asm.obj</name>
      </input_file>
      <input_file id="fl-f7">
         <path>/opt/ti/ccs1100/ccs/tools/compiler/ti-cgt-arm_20.2.5.LTS/lib/</path>
         <kind>archive</kind>
         <file>rtsv7M4_T_le_v4SPD16_eabi.lib</file>
         <name>fd_cmp_t2.asm.obj</name>
      </input_file>
      <input_file id="fl-f8">
         <path>/opt/ti/ccs1100/ccs/tools/compiler/ti-cgt-arm_20.2.5.LTS/lib/</path>
         <kind>archive</kind>
         <file>rtsv7M4_T_le_v4SPD16_eabi.lib</file>
         <name>fd_div_t2.asm.obj</name>
      </input_file>
      <input_file id="fl-f9">
         <path>/opt/ti/ccs1100/ccs/tools/compiler/ti-cgt-arm_20.2.5.LTS/lib/</path>
         <kind>archive</kind>
         <file>rtsv7M4_T_le_v4SPD16_eabi.lib</file>
         <name>fd_mul_t2.asm.obj</name>
      </input_file>
      <input_file id="fl-fa">
         <path>/opt/ti/ccs1100/ccs/tools/compiler/ti-cgt-arm_20.2.5.LTS/lib/</path>
         <kind>archive</kind>
         <file>rtsv7M4_T_le_v4SPD16_eabi.lib</file>
         <name>fd_toi_t2.asm.obj</name>
      </input_file>
      <input_file id="fl-fb">
         <path>/opt/ti/ccs1100/ccs/tools/compiler/ti-cgt-arm_20.2.5.LTS/lib/</path>
         <kind>archive</kind>
         <file>rtsv7M4_T_le_v4SPD16_eabi.lib</file>
         <name>i_tofd_t2.asm.obj</name>
      </input_file>
      <input_file id="fl-fc">
         <path>/opt/ti/ccs1100/ccs/tools/compiler/ti-cgt-arm_20.2.5.LTS/lib/</path>
         <kind>archive</kind>
         <file>rtsv7M4_T_le_v4SPD16_eabi.lib</file>
         <name>u_divt2.asm.obj</name>
      </input_file>
      <input_file id="fl-fd">
         <path>/opt/ti/ccs1100/ccs/tools/compiler/ti-cgt-arm_20.2.5.LTS/lib/</path>
         <kind>archive</kind>
         <file>rtsv7M4_T_le_v4SPD16_eabi.lib</file>
         <name>ll_div_t2.asm.obj</name>
      </input_file>
      <input_file id="fl-fe">
         <path>/opt/ti/ccs1100/ccs/tools/compiler/ti-cgt-arm_20.2.5.LTS/lib/</path>
         <kind>archive</kind>
         <file>rtsv7M4_T_le_v4SPD16_eabi.lib</file>
         <name>ull_div_t2.asm.obj</name>
      </input_file>
      <input_file id="fl-ff">
         <path>/opt/ti/ccs1100/ccs/tools/compiler/ti-cgt-arm_20.2.5.LTS/lib/</path>
         <kind>archive</kind>
         <file>rtsv7M4_T_le_v4SPD16_eabi.lib</file>
         <name>memset_t2.asm.obj</name>
      </input_file>
      <input_file id="fl-100">
         <path>/opt/ti/ccs1100/ccs/tools/compiler/ti-cgt-arm_20.2.5.LTS/lib/</path>
         <kind>archive</kind>
         <file>rtsv7M4_T_le_v4SPD16_eabi.lib</file>
         <name>autoinit.c.obj</name>
      </input_file>
      <input_file id="fl-101">
         <path>/opt/ti/ccs1100/ccs/tools/compiler/ti-cgt-arm_20.2.5.LTS/lib/</path>
         <kind>archive</kind>
         <file>rtsv7M4_T_le_v4SPD16_eabi.lib</file>
         <name>pre_init.c.obj</name>
      </input_file>
      <input_file id="fl-102">
         <path>/opt/ti/ccs1100/ccs/tools/compiler/ti-cgt-arm_20.2.5.LTS/lib/</path>
         <kind>archive</kind>
         <file>rtsv7M4_T_le_v4SPD16_eabi.lib</file>
         <name>cpy_tbl.c.obj</name>
      </input_file>
      <input_file id="fl-103">
         <path>/opt/ti/ccs1100/ccs/tools/compiler/ti-cgt-arm_20.2.5.LTS/lib/</path>
         <kind>archive</kind>
         <file>rtsv7M4_T_le_v4SPD16_eabi.lib</file>
         <name>exit.c.obj</name>
      </input_file>
      <input_file id="fl-104">
         <path>/opt/ti/ccs1100/ccs/tools/compiler/ti-cgt-arm_20.2.5.LTS/lib/</path>
         <kind>archive</kind>
         <file>rtsv7M4_T_le_v4SPD16_eabi.lib</file>
         <name>_lock.c.obj</name>
      </input_file>
      <input_file id="fl-105">
         <path>/opt/ti/ccs1100/ccs/tools/compiler/ti-cgt-arm_20.2.5.LTS/lib/</path>
         <kind>archive</kind>
         <file>rtsv7M4_T_le_v4SPD16_eabi.lib</file>
         <name>_ltoa.c.obj</name>
      </input_file>
      <input_file id="fl-106">
         <path>/opt/ti/ccs1100/ccs/tools/compiler/ti-cgt-arm_20.2.5.LTS/lib/</path>
         <kind>archive</kind>
         <file>rtsv7M4_T_le_v4SPD16_eabi.lib</file>
         <name>args_main.c.obj</name>
      </input_file>
      <input_file id="fl-107">
         <path>/opt/ti/ccs1100/ccs/tools/compiler/ti-cgt-arm_20.2.5.LTS/lib/</path>
         <kind>archive</kind>
         <file>rtsv7M4_T_le_v4SPD16_eabi.lib</file>
         <name>atoi.c.obj</name>
      </input_file>
      <input_file id="fl-108">
         <path>/opt/ti/ccs1100/ccs/tools/compiler/ti-cgt-arm_20.2.5.LTS/lib/</path>
         <kind>archive</kind>
         <file>rtsv7M4_T_le_v4SPD16_eabi.lib</file>
         <name>ctype.c.obj</name>
      </input_file>
      <input_file id="fl-109">
         <path>/opt/ti/ccs1100/ccs/tools/compiler/ti-cgt-arm_20.2.5.LTS/lib/</path>
         <kind>archive</kind>
         <file>rtsv7M4_T_le_v4SPD16_eabi.lib</file>
         <name>memccpy.c.obj</name>
      </input_file>
      <input_file id="fl-10a">
         <path>/opt/ti/ccs1100/ccs/tools/compiler/ti-cgt-arm_20.2.5.LTS/lib/</path>
         <kind>archive</kind>
         <file>rtsv7M4_T_le_v4SPD16_eabi.lib</file>
         <name>strchr.c.obj</name>
      </input_file>
      <input_file id="fl-10b">
         <path>/opt/ti/ccs1100/ccs/tools/compiler/ti-cgt-arm_20.2.5.LTS/lib/</path>
         <kind>archive</kind>
         <file>rtsv7M4_T_le_v4SPD16_eabi.lib</file>
         <name>strlen.c.obj</name>
      </input_file>
      <input_file id="fl-10c">
         <path>/opt/ti/ccs1100/ccs/tools/compiler/ti-cgt-arm_20.2.5.LTS/lib/</path>
         <kind>archive</kind>
         <file>rtsv7M4_T_le_v4SPD16_eabi.lib</file>
         <name>errno.c.obj</name>
      </input_file>
      <input_file id="fl-10d">
         <path>/opt/ti/ccs1100/ccs/tools/compiler/ti-cgt-arm_20.2.5.LTS/lib/</path>
         <kind>archive</kind>
         <file>rtsv7M4_T_le_v4SPD16_eabi.lib</file>
         <name>hosttime.c.obj</name>
      </input_file>
      <input_file id="fl-10e">
         <path>/opt/ti/ccs1100/ccs/tools/compiler/ti-cgt-arm_20.2.5.LTS/lib/</path>
         <kind>archive</kind>
         <file>rtsv7M4_T_le_v4SPD16_eabi.lib</file>
         <name>trgmsg.c.obj</name>
      </input_file>
      <input_file id="fl-10f">
         <path>/opt/ti/ccs1100/ccs/tools/compiler/ti-cgt-arm_20.2.5.LTS/lib/</path>
         <kind>archive</kind>
         <file>rtsv7M4_T_le_v4SPD16_eabi.lib</file>
         <name>s_copysign.c.obj</name>
      </input_file>
      <input_file id="fl-110">
         <path>/opt/ti/ccs1100/ccs/tools/compiler/ti-cgt-arm_20.2.5.LTS/lib/</path>
         <kind>archive</kind>
         <file>rtsv7M4_T_le_v4SPD16_eabi.lib</file>
         <name>div0.asm.obj</name>
      </input_file>
      <input_file id="fl-111">
         <path>/opt/ti/ccs1100/ccs/tools/compiler/ti-cgt-arm_20.2.5.LTS/lib/</path>
         <kind>archive</kind>
         <file>rtsv7M4_T_le_v4SPD16_eabi.lib</file>
         <name>hostopen.c.obj</name>
      </input_file>
   </input_file_list>
   <object_component_list>
      <object_component id="oc-26">
         <name>.intvecs:retain</name>
         <load_address>0x0</load_address>
         <run_address>0x0</run_address>
         <size>0xe4</size>
         <input_file_ref idref="fl-4"/>
      </object_component>
      <object_component id="oc-14a">
         <name>.text</name>
         <load_address>0xe4</load_address>
         <run_address>0xe4</run_address>
         <size>0x1598</size>
         <input_file_ref idref="fl-1c"/>
      </object_component>
      <object_component id="oc-150">
         <name>.text</name>
         <load_address>0x167c</load_address>
         <run_address>0x167c</run_address>
         <size>0xd80</size>
         <input_file_ref idref="fl-1a"/>
      </object_component>
      <object_component id="oc-1a5">
         <name>.text:__TI_printfi</name>
         <load_address>0x23fc</load_address>
         <run_address>0x23fc</run_address>
         <size>0xa4e</size>
         <input_file_ref idref="fl-f2"/>
      </object_component>
      <object_component id="oc-2f1">
         <name>.text:_nop</name>
         <load_address>0x2e4a</load_address>
         <run_address>0x2e4a</run_address>
         <size>0x2</size>
         <input_file_ref idref="fl-104"/>
      </object_component>
      <object_component id="oc-ca">
         <name>.text</name>
         <load_address>0x2e4c</load_address>
         <run_address>0x2e4c</run_address>
         <size>0x8d4</size>
         <input_file_ref idref="fl-15"/>
      </object_component>
      <object_component id="oc-374">
         <name>.text</name>
         <load_address>0x3720</load_address>
         <run_address>0x3720</run_address>
         <size>0x8a4</size>
         <input_file_ref idref="fl-28"/>
      </object_component>
      <object_component id="oc-144">
         <name>.text</name>
         <load_address>0x3fc4</load_address>
         <run_address>0x3fc4</run_address>
         <size>0x838</size>
         <input_file_ref idref="fl-22"/>
      </object_component>
      <object_component id="oc-be">
         <name>.text</name>
         <load_address>0x47fc</load_address>
         <run_address>0x47fc</run_address>
         <size>0x798</size>
         <input_file_ref idref="fl-2c"/>
      </object_component>
      <object_component id="oc-16e">
         <name>.text</name>
         <load_address>0x4f94</load_address>
         <run_address>0x4f94</run_address>
         <size>0x678</size>
         <input_file_ref idref="fl-13"/>
      </object_component>
      <object_component id="oc-186">
         <name>.text</name>
         <load_address>0x560c</load_address>
         <run_address>0x560c</run_address>
         <size>0x630</size>
         <input_file_ref idref="fl-12"/>
      </object_component>
      <object_component id="oc-162">
         <name>.text</name>
         <load_address>0x5c3c</load_address>
         <run_address>0x5c3c</run_address>
         <size>0x508</size>
         <input_file_ref idref="fl-27"/>
      </object_component>
      <object_component id="oc-283">
         <name>.text</name>
         <load_address>0x6144</load_address>
         <run_address>0x6144</run_address>
         <size>0x490</size>
         <input_file_ref idref="fl-f"/>
      </object_component>
      <object_component id="oc-168">
         <name>.text</name>
         <load_address>0x65d4</load_address>
         <run_address>0x65d4</run_address>
         <size>0x480</size>
         <input_file_ref idref="fl-1e"/>
      </object_component>
      <object_component id="oc-13e">
         <name>.text</name>
         <load_address>0x6a54</load_address>
         <run_address>0x6a54</run_address>
         <size>0x3f0</size>
         <input_file_ref idref="fl-20"/>
      </object_component>
      <object_component id="oc-a5">
         <name>.text</name>
         <load_address>0x6e44</load_address>
         <run_address>0x6e44</run_address>
         <size>0x334</size>
         <input_file_ref idref="fl-5"/>
      </object_component>
      <object_component id="oc-247">
         <name>.text:__mktime32</name>
         <load_address>0x7178</load_address>
         <run_address>0x7178</run_address>
         <size>0x2a0</size>
         <input_file_ref idref="fl-ee"/>
      </object_component>
      <object_component id="oc-2c3">
         <name>.text:_pconv_a</name>
         <load_address>0x7418</load_address>
         <run_address>0x7418</run_address>
         <size>0x270</size>
         <input_file_ref idref="fl-f2"/>
      </object_component>
      <object_component id="oc-6d">
         <name>.text</name>
         <load_address>0x7688</load_address>
         <run_address>0x7688</run_address>
         <size>0x268</size>
         <input_file_ref idref="fl-3"/>
      </object_component>
      <object_component id="oc-b8">
         <name>.text</name>
         <load_address>0x78f0</load_address>
         <run_address>0x78f0</run_address>
         <size>0x266</size>
         <input_file_ref idref="fl-b"/>
      </object_component>
      <object_component id="oc-350">
         <name>.text</name>
         <load_address>0x7b56</load_address>
         <run_address>0x7b56</run_address>
         <size>0x2</size>
         <input_file_ref idref="fl-110"/>
      </object_component>
      <object_component id="oc-204">
         <name>.text</name>
         <load_address>0x7b58</load_address>
         <run_address>0x7b58</run_address>
         <size>0x244</size>
         <input_file_ref idref="fl-29"/>
      </object_component>
      <object_component id="oc-2b1">
         <name>.text:_pconv_g</name>
         <load_address>0x7d9c</load_address>
         <run_address>0x7d9c</run_address>
         <size>0x1d0</size>
         <input_file_ref idref="fl-f2"/>
      </object_component>
      <object_component id="oc-b2">
         <name>.text</name>
         <load_address>0x7f6c</load_address>
         <run_address>0x7f6c</run_address>
         <size>0x1c0</size>
         <input_file_ref idref="fl-6"/>
      </object_component>
      <object_component id="oc-3bc">
         <name>.text</name>
         <load_address>0x812c</load_address>
         <run_address>0x812c</run_address>
         <size>0x1b6</size>
         <input_file_ref idref="fl-f6"/>
      </object_component>
      <object_component id="oc-ac">
         <name>.text</name>
         <load_address>0x82e4</load_address>
         <run_address>0x82e4</run_address>
         <size>0x1a0</size>
         <input_file_ref idref="fl-2"/>
      </object_component>
      <object_component id="oc-2bd">
         <name>.text:_pconv_e</name>
         <load_address>0x8484</load_address>
         <run_address>0x8484</run_address>
         <size>0x13c</size>
         <input_file_ref idref="fl-f2"/>
      </object_component>
      <object_component id="oc-3a2">
         <name>.text</name>
         <load_address>0x85c0</load_address>
         <run_address>0x85c0</run_address>
         <size>0x136</size>
         <input_file_ref idref="fl-f8"/>
      </object_component>
      <object_component id="oc-15c">
         <name>.text:__localtime32</name>
         <load_address>0x86f8</load_address>
         <run_address>0x86f8</run_address>
         <size>0x134</size>
         <input_file_ref idref="fl-ed"/>
      </object_component>
      <object_component id="oc-196">
         <name>.text</name>
         <load_address>0x882c</load_address>
         <run_address>0x882c</run_address>
         <size>0x134</size>
         <input_file_ref idref="fl-c"/>
      </object_component>
      <object_component id="oc-3ce">
         <name>.text:fcvt</name>
         <load_address>0x8960</load_address>
         <run_address>0x8960</run_address>
         <size>0x124</size>
         <input_file_ref idref="fl-f2"/>
      </object_component>
      <object_component id="oc-3e2">
         <name>.text:scalbn</name>
         <load_address>0x8a84</load_address>
         <run_address>0x8a84</run_address>
         <size>0x110</size>
         <input_file_ref idref="fl-f4"/>
      </object_component>
      <object_component id="oc-39d">
         <name>.text</name>
         <load_address>0x8b94</load_address>
         <run_address>0x8b94</run_address>
         <size>0xfc</size>
         <input_file_ref idref="fl-f9"/>
      </object_component>
      <object_component id="oc-138">
         <name>.text</name>
         <load_address>0x8c90</load_address>
         <run_address>0x8c90</run_address>
         <size>0xd8</size>
         <input_file_ref idref="fl-2e"/>
      </object_component>
      <object_component id="oc-264">
         <name>.text</name>
         <load_address>0x8d68</load_address>
         <run_address>0x8d68</run_address>
         <size>0xbc</size>
         <input_file_ref idref="fl-14"/>
      </object_component>
      <object_component id="oc-2a6">
         <name>.text:_ltostr</name>
         <load_address>0x8e24</load_address>
         <run_address>0x8e24</run_address>
         <size>0xb1</size>
         <input_file_ref idref="fl-f2"/>
      </object_component>
      <object_component id="oc-37">
         <name>.text</name>
         <load_address>0x8ed6</load_address>
         <run_address>0x8ed6</run_address>
         <size>0x9c</size>
         <input_file_ref idref="fl-e9"/>
      </object_component>
      <object_component id="oc-396">
         <name>.text</name>
         <load_address>0x8f72</load_address>
         <run_address>0x8f72</run_address>
         <size>0x96</size>
         <input_file_ref idref="fl-fe"/>
      </object_component>
      <object_component id="oc-2ac">
         <name>.text:__aeabi_cdcmple</name>
         <load_address>0x9008</load_address>
         <run_address>0x9008</run_address>
         <size>0x86</size>
         <input_file_ref idref="fl-f7"/>
      </object_component>
      <object_component id="oc-3a7">
         <name>.text:__aeabi_cdrcmple</name>
         <load_address>0x908e</load_address>
         <run_address>0x908e</run_address>
         <size>0x86</size>
         <input_file_ref idref="fl-f7"/>
      </object_component>
      <object_component id="oc-8d">
         <name>.text</name>
         <load_address>0x9114</load_address>
         <run_address>0x9114</run_address>
         <size>0x7a</size>
         <input_file_ref idref="fl-ff"/>
      </object_component>
      <object_component id="oc-3c7">
         <name>.text:_mcpy</name>
         <load_address>0x918e</load_address>
         <run_address>0x918e</run_address>
         <size>0x6e</size>
         <input_file_ref idref="fl-f2"/>
      </object_component>
      <object_component id="oc-356">
         <name>.text</name>
         <load_address>0x91fc</load_address>
         <run_address>0x91fc</run_address>
         <size>0x6e</size>
         <input_file_ref idref="fl-fd"/>
      </object_component>
      <object_component id="oc-17">
         <name>.text:decompress:lzss:__TI_decompress_lzss</name>
         <load_address>0x926a</load_address>
         <run_address>0x926a</run_address>
         <size>0x68</size>
         <input_file_ref idref="fl-ec"/>
      </object_component>
      <object_component id="oc-3dc">
         <name>.text:frexp</name>
         <load_address>0x92d4</load_address>
         <run_address>0x92d4</run_address>
         <size>0x64</size>
         <input_file_ref idref="fl-f3"/>
      </object_component>
      <object_component id="oc-2b7">
         <name>.text:_pconv_f</name>
         <load_address>0x9338</load_address>
         <run_address>0x9338</run_address>
         <size>0x56</size>
         <input_file_ref idref="fl-f2"/>
      </object_component>
      <object_component id="oc-3b1">
         <name>.text:__TI_ltoa</name>
         <load_address>0x938e</load_address>
         <run_address>0x938e</run_address>
         <size>0x54</size>
         <input_file_ref idref="fl-105"/>
      </object_component>
      <object_component id="oc-3c1">
         <name>.text:_ecpy</name>
         <load_address>0x93e2</load_address>
         <run_address>0x93e2</run_address>
         <size>0x52</size>
         <input_file_ref idref="fl-f2"/>
      </object_component>
      <object_component id="oc-2a0">
         <name>.text:atoi</name>
         <load_address>0x9434</load_address>
         <run_address>0x9434</run_address>
         <size>0x4c</size>
         <input_file_ref idref="fl-107"/>
      </object_component>
      <object_component id="oc-235">
         <name>.text:HOSTtime</name>
         <load_address>0x9480</load_address>
         <run_address>0x9480</run_address>
         <size>0x48</size>
         <input_file_ref idref="fl-10d"/>
      </object_component>
      <object_component id="oc-3ac">
         <name>.text</name>
         <load_address>0x94c8</load_address>
         <run_address>0x94c8</run_address>
         <size>0x48</size>
         <input_file_ref idref="fl-fa"/>
      </object_component>
      <object_component id="oc-102">
         <name>.text:__TI_auto_init_nobinit_nopinit:__TI_auto_init_nobinit_nopinit</name>
         <load_address>0x9510</load_address>
         <run_address>0x9510</run_address>
         <size>0x44</size>
         <input_file_ref idref="fl-100"/>
      </object_component>
      <object_component id="oc-242">
         <name>.text</name>
         <load_address>0x9554</load_address>
         <run_address>0x9554</run_address>
         <size>0x40</size>
         <input_file_ref idref="fl-fc"/>
      </object_component>
      <object_component id="oc-c4">
         <name>.text:sprintf</name>
         <load_address>0x9594</load_address>
         <run_address>0x9594</run_address>
         <size>0x40</size>
         <input_file_ref idref="fl-e8"/>
      </object_component>
      <object_component id="oc-3d4">
         <name>.text:_fcpy</name>
         <load_address>0x95d4</load_address>
         <run_address>0x95d4</run_address>
         <size>0x3e</size>
         <input_file_ref idref="fl-f2"/>
      </object_component>
      <object_component id="oc-20c">
         <name>.text</name>
         <load_address>0x9612</load_address>
         <run_address>0x9612</run_address>
         <size>0x3e</size>
         <input_file_ref idref="fl-18"/>
      </object_component>
      <object_component id="oc-334">
         <name>.text:__TI_writemsg</name>
         <load_address>0x9650</load_address>
         <run_address>0x9650</run_address>
         <size>0x38</size>
         <input_file_ref idref="fl-10e"/>
      </object_component>
      <object_component id="oc-33a">
         <name>.text:__TI_readmsg</name>
         <load_address>0x9688</load_address>
         <run_address>0x9688</run_address>
         <size>0x34</size>
         <input_file_ref idref="fl-10e"/>
      </object_component>
      <object_component id="oc-55">
         <name>.text:_c_int00_noargs:_c_int00_noargs</name>
         <load_address>0x96bc</load_address>
         <run_address>0x96bc</run_address>
         <size>0x34</size>
         <input_file_ref idref="fl-f0"/>
      </object_component>
      <object_component id="oc-3b7">
         <name>.text</name>
         <load_address>0x96f0</load_address>
         <run_address>0x96f0</run_address>
         <size>0x2e</size>
         <input_file_ref idref="fl-fb"/>
      </object_component>
      <object_component id="oc-43">
         <name>.text:decompress:ZI:__TI_zero_init_nomemset:__TI_zero_init_nomemset</name>
         <load_address>0x971e</load_address>
         <run_address>0x971e</run_address>
         <size>0x1c</size>
         <input_file_ref idref="fl-ea"/>
      </object_component>
      <object_component id="oc-2c9">
         <name>.text:memccpy</name>
         <load_address>0x973a</load_address>
         <run_address>0x973a</run_address>
         <size>0x1c</size>
         <input_file_ref idref="fl-109"/>
      </object_component>
      <object_component id="oc-455">
         <name>.text:copysign</name>
         <load_address>0x9756</load_address>
         <run_address>0x9756</run_address>
         <size>0x1a</size>
         <input_file_ref idref="fl-10f"/>
      </object_component>
      <object_component id="oc-1ab">
         <name>.text:_outs</name>
         <load_address>0x9770</load_address>
         <run_address>0x9770</run_address>
         <size>0x18</size>
         <input_file_ref idref="fl-e8"/>
      </object_component>
      <object_component id="oc-3e8">
         <name>.text:strchr</name>
         <load_address>0x9788</load_address>
         <run_address>0x9788</run_address>
         <size>0x16</size>
         <input_file_ref idref="fl-10a"/>
      </object_component>
      <object_component id="oc-29a">
         <name>.text:strlen</name>
         <load_address>0x979e</load_address>
         <run_address>0x979e</run_address>
         <size>0x14</size>
         <input_file_ref idref="fl-10b"/>
      </object_component>
      <object_component id="oc-2cf">
         <name>.text:wcslen</name>
         <load_address>0x97b2</load_address>
         <run_address>0x97b2</run_address>
         <size>0x12</size>
         <input_file_ref idref="fl-f5"/>
      </object_component>
      <object_component id="oc-156">
         <name>.text:__time32</name>
         <load_address>0x97c4</load_address>
         <run_address>0x97c4</run_address>
         <size>0xe</size>
         <input_file_ref idref="fl-f1"/>
      </object_component>
      <object_component id="oc-1d">
         <name>.text:decompress:none:__TI_decompress_none</name>
         <load_address>0x97d2</load_address>
         <run_address>0x97d2</run_address>
         <size>0xe</size>
         <input_file_ref idref="fl-eb"/>
      </object_component>
      <object_component id="oc-67">
         <name>.text</name>
         <load_address>0x97e0</load_address>
         <run_address>0x97e0</run_address>
         <size>0xe</size>
         <input_file_ref idref="fl-4"/>
      </object_component>
      <object_component id="oc-1b1">
         <name>.text:_outc</name>
         <load_address>0x97ee</load_address>
         <run_address>0x97ee</run_address>
         <size>0xa</size>
         <input_file_ref idref="fl-e8"/>
      </object_component>
      <object_component id="oc-2d5">
         <name>.text:__aeabi_errno_addr</name>
         <load_address>0x97f8</load_address>
         <run_address>0x97f8</run_address>
         <size>0x8</size>
         <input_file_ref idref="fl-10c"/>
      </object_component>
      <object_component id="oc-93">
         <name>.text:_system_pre_init</name>
         <load_address>0x9800</load_address>
         <run_address>0x9800</run_address>
         <size>0x4</size>
         <input_file_ref idref="fl-101"/>
      </object_component>
      <object_component id="oc-f6">
         <name>.text:abort:abort</name>
         <load_address>0x9804</load_address>
         <run_address>0x9804</run_address>
         <size>0x4</size>
         <input_file_ref idref="fl-103"/>
      </object_component>
      <object_component id="oc-276">
         <name>.const:.string:g_pucFontFixed6x8Data</name>
         <load_address>0x9808</load_address>
         <run_address>0x9808</run_address>
         <size>0x2f8</size>
         <input_file_ref idref="fl-7"/>
      </object_component>
      <object_component id="oc-391">
         <name>.const:.string:_ctypes_</name>
         <load_address>0x9b00</load_address>
         <run_address>0x9b00</run_address>
         <size>0x101</size>
         <input_file_ref idref="fl-108"/>
      </object_component>
      <object_component id="oc-177">
         <name>.const:g_sFontFixed6x8</name>
         <load_address>0x9c04</load_address>
         <run_address>0x9c04</run_address>
         <size>0xc8</size>
         <input_file_ref idref="fl-7"/>
      </object_component>
      <object_component id="oc-1be">
         <name>.const:_ctlRegs</name>
         <load_address>0x9ccc</load_address>
         <run_address>0x9ccc</run_address>
         <size>0x80</size>
         <input_file_ref idref="fl-15"/>
      </object_component>
      <object_component id="oc-35b">
         <name>.const:$O1$$</name>
         <load_address>0x9d4c</load_address>
         <run_address>0x9d4c</run_address>
         <size>0x60</size>
         <input_file_ref idref="fl-ee"/>
      </object_component>
      <object_component id="oc-218">
         <name>.const:g_pulRegs</name>
         <load_address>0x9dac</load_address>
         <run_address>0x9dac</run_address>
         <size>0x50</size>
         <input_file_ref idref="fl-20"/>
      </object_component>
      <object_component id="oc-174">
         <name>.const:g_sCrystalfontz128x128</name>
         <load_address>0x9dfc</load_address>
         <run_address>0x9dfc</run_address>
         <size>0x2c</size>
         <input_file_ref idref="fl-13"/>
      </object_component>
      <object_component id="oc-215">
         <name>.const:g_pulPriority</name>
         <load_address>0x9e28</load_address>
         <run_address>0x9e28</run_address>
         <size>0x20</size>
         <input_file_ref idref="fl-20"/>
      </object_component>
      <object_component id="oc-37a">
         <name>.const:$P$T0$1</name>
         <load_address>0x9e48</load_address>
         <run_address>0x9e48</run_address>
         <size>0x1c</size>
         <input_file_ref idref="fl-14"/>
      </object_component>
      <object_component id="oc-25f">
         <name>.const:GPIO_PORT_TO_INT</name>
         <load_address>0x9e64</load_address>
         <run_address>0x9e64</run_address>
         <size>0x1c</size>
         <input_file_ref idref="fl-1e"/>
      </object_component>
      <object_component id="oc-d3">
         <name>.const:upConfig</name>
         <load_address>0x9e80</load_address>
         <run_address>0x9e80</run_address>
         <size>0x18</size>
         <input_file_ref idref="fl-3"/>
      </object_component>
      <object_component id="oc-270">
         <name>.const:$P$T0$1</name>
         <load_address>0x9e98</load_address>
         <run_address>0x9e98</run_address>
         <size>0x8</size>
         <input_file_ref idref="fl-13"/>
      </object_component>
      <object_component id="oc-21e">
         <name>.const:g_pulDisRegs</name>
         <load_address>0x9ea0</load_address>
         <run_address>0x9ea0</run_address>
         <size>0x8</size>
         <input_file_ref idref="fl-20"/>
      </object_component>
      <object_component id="oc-21b">
         <name>.const:g_pulEnRegs</name>
         <load_address>0x9ea8</load_address>
         <run_address>0x9ea8</run_address>
         <size>0x8</size>
         <input_file_ref idref="fl-20"/>
      </object_component>
      <object_component id="oc-221">
         <name>.const:g_pulPendRegs</name>
         <load_address>0x9eb0</load_address>
         <run_address>0x9eb0</run_address>
         <size>0x8</size>
         <input_file_ref idref="fl-20"/>
      </object_component>
      <object_component id="oc-224">
         <name>.const:g_pulUnpendRegs</name>
         <load_address>0x9eb8</load_address>
         <run_address>0x9eb8</run_address>
         <size>0x8</size>
         <input_file_ref idref="fl-20"/>
      </object_component>
      <object_component id="oc-4bd">
         <name>.cinit..data.load</name>
         <load_address>0x9ec0</load_address>
         <run_address>0x9ec0</run_address>
         <size>0x8a</size>
      </object_component>
      <object_component id="oc-4ba">
         <name>__TI_handler_table</name>
         <load_address>0x9f4c</load_address>
         <run_address>0x9f4c</run_address>
         <size>0xc</size>
      </object_component>
      <object_component id="oc-4be">
         <name>.cinit..bss.load</name>
         <load_address>0x9f58</load_address>
         <run_address>0x9f58</run_address>
         <size>0x8</size>
      </object_component>
      <object_component id="oc-4bc">
         <name>.cinit..vtable.load</name>
         <load_address>0x9f60</load_address>
         <run_address>0x9f60</run_address>
         <size>0x8</size>
      </object_component>
      <object_component id="oc-4bb">
         <name>__TI_cinit_table</name>
         <load_address>0x9f68</load_address>
         <run_address>0x9f68</run_address>
         <size>0x18</size>
      </object_component>
      <object_component id="oc-48e">
         <name>.binit</name>
         <load_address>0x0</load_address>
         <run_address>0x0</run_address>
         <size>0x0</size>
      </object_component>
      <object_component id="oc-212">
         <name>.vtable</name>
         <uninitialized>true</uninitialized>
         <run_address>0x20000000</run_address>
         <size>0xe4</size>
         <input_file_ref idref="fl-20"/>
      </object_component>
      <object_component id="oc-d6">
         <name>.data:compareConfig_PWM</name>
         <load_address>0x200002e0</load_address>
         <run_address>0x200002e0</run_address>
         <size>0x10</size>
         <input_file_ref idref="fl-3"/>
      </object_component>
      <object_component id="oc-134">
         <name>.data</name>
         <load_address>0x200002fc</load_address>
         <run_address>0x200002fc</run_address>
         <size>0x4</size>
         <input_file_ref idref="fl-5"/>
      </object_component>
      <object_component id="oc-22b">
         <name>.data:__getBurstProgramRegs</name>
         <load_address>0x2000023c</load_address>
         <run_address>0x2000023c</run_address>
         <size>0x40</size>
         <input_file_ref idref="fl-1c"/>
      </object_component>
      <object_component id="oc-25c">
         <name>.data:GPIO_PORT_TO_BASE</name>
         <load_address>0x2000027c</load_address>
         <run_address>0x2000027c</run_address>
         <size>0x30</size>
         <input_file_ref idref="fl-1e"/>
      </object_component>
      <object_component id="oc-250">
         <name>.data:local_tm</name>
         <load_address>0x200002ac</load_address>
         <run_address>0x200002ac</run_address>
         <size>0x24</size>
         <input_file_ref idref="fl-ed"/>
      </object_component>
      <object_component id="oc-24d">
         <name>.data:_tz</name>
         <load_address>0x200002d0</load_address>
         <run_address>0x200002d0</run_address>
         <size>0x10</size>
         <input_file_ref idref="fl-ef"/>
      </object_component>
      <object_component id="oc-1e6">
         <name>.data:$O1$$</name>
         <load_address>0x200002f0</load_address>
         <run_address>0x200002f0</run_address>
         <size>0x8</size>
         <input_file_ref idref="fl-104"/>
      </object_component>
      <object_component id="oc-3f8">
         <name>.data</name>
         <load_address>0x200002f8</load_address>
         <run_address>0x200002f8</run_address>
         <size>0x4</size>
         <input_file_ref idref="fl-10c"/>
      </object_component>
      <object_component id="oc-230">
         <name>.bss</name>
         <uninitialized>true</uninitialized>
         <run_address>0x20000220</run_address>
         <size>0x8</size>
         <input_file_ref idref="fl-1a"/>
      </object_component>
      <object_component id="oc-41f">
         <name>.bss:_CIOBUF_</name>
         <uninitialized>true</uninitialized>
         <run_address>0x200000e4</run_address>
         <size>0x120</size>
         <input_file_ref idref="fl-10e"/>
      </object_component>
      <object_component id="oc-d0">
         <name>.common:g_sContext</name>
         <uninitialized>true</uninitialized>
         <run_address>0x20000204</run_address>
         <size>0x1c</size>
      </object_component>
      <object_component id="oc-18c">
         <name>.common:Lcd_Orientation</name>
         <uninitialized>true</uninitialized>
         <run_address>0x20000238</run_address>
         <size>0x1</size>
      </object_component>
      <object_component id="oc-26a">
         <name>.common:Lcd_ScreenWidth</name>
         <uninitialized>true</uninitialized>
         <run_address>0x20000232</run_address>
         <size>0x2</size>
      </object_component>
      <object_component id="oc-26b">
         <name>.common:Lcd_ScreenHeigth</name>
         <uninitialized>true</uninitialized>
         <run_address>0x20000230</run_address>
         <size>0x2</size>
      </object_component>
      <object_component id="oc-26c">
         <name>.common:Lcd_PenSolid</name>
         <uninitialized>true</uninitialized>
         <run_address>0x20000239</run_address>
         <size>0x1</size>
      </object_component>
      <object_component id="oc-26d">
         <name>.common:Lcd_FontSolid</name>
         <uninitialized>true</uninitialized>
         <run_address>0x20000237</run_address>
         <size>0x1</size>
      </object_component>
      <object_component id="oc-26e">
         <name>.common:Lcd_FlagRead</name>
         <uninitialized>true</uninitialized>
         <run_address>0x20000236</run_address>
         <size>0x1</size>
      </object_component>
      <object_component id="oc-26f">
         <name>.common:Lcd_TouchTrim</name>
         <uninitialized>true</uninitialized>
         <run_address>0x20000234</run_address>
         <size>0x2</size>
      </object_component>
      <object_component id="oc-340">
         <name>.common:parmbuf</name>
         <uninitialized>true</uninitialized>
         <run_address>0x20000228</run_address>
         <size>0x8</size>
      </object_component>
      <object_component id="oc-29">
         <name>.stack</name>
         <uninitialized>true</uninitialized>
         <run_address>0x2000fe00</run_address>
         <size>0x4</size>
         <input_file_ref idref="fl-f0"/>
      </object_component>
      <object_component id="oc-4c0">
         <name>.stack</name>
         <uninitialized>true</uninitialized>
         <run_address>0x2000fe00</run_address>
         <size>0x0</size>
      </object_component>
      <object_component id="oc-185">
         <name>.debug_info</name>
         <load_address>0x0</load_address>
         <run_address>0x0</run_address>
         <size>0xe94</size>
         <input_file_ref idref="fl-2"/>
      </object_component>
      <object_component id="oc-ad">
         <name>.debug_info</name>
         <load_address>0xe94</load_address>
         <run_address>0xe94</run_address>
         <size>0x902</size>
         <input_file_ref idref="fl-2"/>
      </object_component>
      <object_component id="oc-e1">
         <name>.debug_info</name>
         <load_address>0x1796</load_address>
         <run_address>0x1796</run_address>
         <size>0x26b</size>
         <input_file_ref idref="fl-2"/>
      </object_component>
      <object_component id="oc-1ca">
         <name>.debug_info</name>
         <load_address>0x1a01</load_address>
         <run_address>0x1a01</run_address>
         <size>0x1055</size>
         <input_file_ref idref="fl-2"/>
      </object_component>
      <object_component id="oc-1c5">
         <name>.debug_info</name>
         <load_address>0x2a56</load_address>
         <run_address>0x2a56</run_address>
         <size>0x37e2</size>
         <input_file_ref idref="fl-2"/>
      </object_component>
      <object_component id="oc-32b">
         <name>.debug_info</name>
         <load_address>0x6238</load_address>
         <run_address>0x6238</run_address>
         <size>0x1b5</size>
         <input_file_ref idref="fl-2"/>
      </object_component>
      <object_component id="oc-180">
         <name>.debug_info</name>
         <load_address>0x63ed</load_address>
         <run_address>0x63ed</run_address>
         <size>0x189</size>
         <input_file_ref idref="fl-2"/>
      </object_component>
      <object_component id="oc-1cf">
         <name>.debug_info</name>
         <load_address>0x6576</load_address>
         <run_address>0x6576</run_address>
         <size>0x40a</size>
         <input_file_ref idref="fl-2"/>
      </object_component>
      <object_component id="oc-17b">
         <name>.debug_info</name>
         <load_address>0x6980</load_address>
         <run_address>0x6980</run_address>
         <size>0xc6</size>
         <input_file_ref idref="fl-2"/>
      </object_component>
      <object_component id="oc-1d4">
         <name>.debug_info</name>
         <load_address>0x6a46</load_address>
         <run_address>0x6a46</run_address>
         <size>0x341</size>
         <input_file_ref idref="fl-2"/>
      </object_component>
      <object_component id="oc-191">
         <name>.debug_info</name>
         <load_address>0x6d87</load_address>
         <run_address>0x6d87</run_address>
         <size>0x8b</size>
         <input_file_ref idref="fl-2"/>
      </object_component>
      <object_component id="oc-1dd">
         <name>.debug_info</name>
         <load_address>0x6e12</load_address>
         <run_address>0x6e12</run_address>
         <size>0x2a4</size>
         <input_file_ref idref="fl-2"/>
      </object_component>
      <object_component id="oc-19f">
         <name>.debug_info</name>
         <load_address>0x70b6</load_address>
         <run_address>0x70b6</run_address>
         <size>0xef</size>
         <input_file_ref idref="fl-2"/>
      </object_component>
      <object_component id="oc-da">
         <name>.debug_info</name>
         <load_address>0x71a5</load_address>
         <run_address>0x71a5</run_address>
         <size>0xbb</size>
         <input_file_ref idref="fl-2"/>
      </object_component>
      <object_component id="oc-1b9">
         <name>.debug_info</name>
         <load_address>0x7260</load_address>
         <run_address>0x7260</run_address>
         <size>0x2c</size>
         <input_file_ref idref="fl-2"/>
      </object_component>
      <object_component id="oc-37e">
         <name>.debug_info</name>
         <load_address>0x728c</load_address>
         <run_address>0x728c</run_address>
         <size>0x131</size>
         <input_file_ref idref="fl-2"/>
      </object_component>
      <object_component id="oc-27e">
         <name>.debug_info</name>
         <load_address>0x73bd</load_address>
         <run_address>0x73bd</run_address>
         <size>0x35</size>
         <input_file_ref idref="fl-2"/>
      </object_component>
      <object_component id="oc-d1">
         <name>.debug_info</name>
         <load_address>0x73f2</load_address>
         <run_address>0x73f2</run_address>
         <size>0xa96</size>
         <input_file_ref idref="fl-3"/>
      </object_component>
      <object_component id="oc-d7">
         <name>.debug_info</name>
         <load_address>0x7e88</load_address>
         <run_address>0x7e88</run_address>
         <size>0xf6</size>
         <input_file_ref idref="fl-3"/>
      </object_component>
      <object_component id="oc-d4">
         <name>.debug_info</name>
         <load_address>0x7f7e</load_address>
         <run_address>0x7f7e</run_address>
         <size>0xe4</size>
         <input_file_ref idref="fl-3"/>
      </object_component>
      <object_component id="oc-6e">
         <name>.debug_info</name>
         <load_address>0x8062</load_address>
         <run_address>0x8062</run_address>
         <size>0x6f0</size>
         <input_file_ref idref="fl-3"/>
      </object_component>
      <object_component id="oc-32">
         <name>.debug_info</name>
         <load_address>0x8752</load_address>
         <run_address>0x8752</run_address>
         <size>0x84</size>
         <input_file_ref idref="fl-3"/>
      </object_component>
      <object_component id="oc-75">
         <name>.debug_info</name>
         <load_address>0x87d6</load_address>
         <run_address>0x87d6</run_address>
         <size>0x2db</size>
         <input_file_ref idref="fl-4"/>
      </object_component>
      <object_component id="oc-27">
         <name>.debug_info</name>
         <load_address>0x8ab1</load_address>
         <run_address>0x8ab1</run_address>
         <size>0x107</size>
         <input_file_ref idref="fl-4"/>
      </object_component>
      <object_component id="oc-68">
         <name>.debug_info</name>
         <load_address>0x8bb8</load_address>
         <run_address>0x8bb8</run_address>
         <size>0x1ce</size>
         <input_file_ref idref="fl-4"/>
      </object_component>
      <object_component id="oc-135">
         <name>.debug_info</name>
         <load_address>0x8d86</load_address>
         <run_address>0x8d86</run_address>
         <size>0x100</size>
         <input_file_ref idref="fl-5"/>
      </object_component>
      <object_component id="oc-a6">
         <name>.debug_info</name>
         <load_address>0x8e86</load_address>
         <run_address>0x8e86</run_address>
         <size>0x272</size>
         <input_file_ref idref="fl-5"/>
      </object_component>
      <object_component id="oc-190">
         <name>.debug_info</name>
         <load_address>0x90f8</load_address>
         <run_address>0x90f8</run_address>
         <size>0x896</size>
         <input_file_ref idref="fl-6"/>
      </object_component>
      <object_component id="oc-b3">
         <name>.debug_info</name>
         <load_address>0x998e</load_address>
         <run_address>0x998e</run_address>
         <size>0x55f</size>
         <input_file_ref idref="fl-6"/>
      </object_component>
      <object_component id="oc-27b">
         <name>.debug_info</name>
         <load_address>0x9eed</load_address>
         <run_address>0x9eed</run_address>
         <size>0x225</size>
         <input_file_ref idref="fl-7"/>
      </object_component>
      <object_component id="oc-277">
         <name>.debug_info</name>
         <load_address>0xa112</load_address>
         <run_address>0xa112</run_address>
         <size>0x111</size>
         <input_file_ref idref="fl-7"/>
      </object_component>
      <object_component id="oc-178">
         <name>.debug_info</name>
         <load_address>0xa223</load_address>
         <run_address>0xa223</run_address>
         <size>0x106</size>
         <input_file_ref idref="fl-7"/>
      </object_component>
      <object_component id="oc-19d">
         <name>.debug_info</name>
         <load_address>0xa329</load_address>
         <run_address>0xa329</run_address>
         <size>0x50a</size>
         <input_file_ref idref="fl-b"/>
      </object_component>
      <object_component id="oc-b9">
         <name>.debug_info</name>
         <load_address>0xa833</load_address>
         <run_address>0xa833</run_address>
         <size>0xf31</size>
         <input_file_ref idref="fl-b"/>
      </object_component>
      <object_component id="oc-295">
         <name>.debug_info</name>
         <load_address>0xb764</load_address>
         <run_address>0xb764</run_address>
         <size>0x3aa</size>
         <input_file_ref idref="fl-c"/>
      </object_component>
      <object_component id="oc-197">
         <name>.debug_info</name>
         <load_address>0xbb0e</load_address>
         <run_address>0xbb0e</run_address>
         <size>0x94e</size>
         <input_file_ref idref="fl-c"/>
      </object_component>
      <object_component id="oc-38a">
         <name>.debug_info</name>
         <load_address>0xc45c</load_address>
         <run_address>0xc45c</run_address>
         <size>0x4ea</size>
         <input_file_ref idref="fl-f"/>
      </object_component>
      <object_component id="oc-284">
         <name>.debug_info</name>
         <load_address>0xc946</load_address>
         <run_address>0xc946</run_address>
         <size>0x7bd</size>
         <input_file_ref idref="fl-f"/>
      </object_component>
      <object_component id="oc-28a">
         <name>.debug_info</name>
         <load_address>0xd103</load_address>
         <run_address>0xd103</run_address>
         <size>0x469</size>
         <input_file_ref idref="fl-12"/>
      </object_component>
      <object_component id="oc-187">
         <name>.debug_info</name>
         <load_address>0xd56c</load_address>
         <run_address>0xd56c</run_address>
         <size>0xa2b</size>
         <input_file_ref idref="fl-12"/>
      </object_component>
      <object_component id="oc-18d">
         <name>.debug_info</name>
         <load_address>0xdf97</load_address>
         <run_address>0xdf97</run_address>
         <size>0x90f</size>
         <input_file_ref idref="fl-13"/>
      </object_component>
      <object_component id="oc-175">
         <name>.debug_info</name>
         <load_address>0xe8a6</load_address>
         <run_address>0xe8a6</run_address>
         <size>0x121</size>
         <input_file_ref idref="fl-13"/>
      </object_component>
      <object_component id="oc-271">
         <name>.debug_info</name>
         <load_address>0xe9c7</load_address>
         <run_address>0xe9c7</run_address>
         <size>0x102</size>
         <input_file_ref idref="fl-13"/>
      </object_component>
      <object_component id="oc-16f">
         <name>.debug_info</name>
         <load_address>0xeac9</load_address>
         <run_address>0xeac9</run_address>
         <size>0x15d0</size>
         <input_file_ref idref="fl-13"/>
      </object_component>
      <object_component id="oc-28d">
         <name>.debug_info</name>
         <load_address>0x10099</load_address>
         <run_address>0x10099</run_address>
         <size>0x37e2</size>
         <input_file_ref idref="fl-13"/>
      </object_component>
      <object_component id="oc-437">
         <name>.debug_info</name>
         <load_address>0x1387b</load_address>
         <run_address>0x1387b</run_address>
         <size>0x855</size>
         <input_file_ref idref="fl-14"/>
      </object_component>
      <object_component id="oc-37b">
         <name>.debug_info</name>
         <load_address>0x140d0</load_address>
         <run_address>0x140d0</run_address>
         <size>0x115</size>
         <input_file_ref idref="fl-14"/>
      </object_component>
      <object_component id="oc-265">
         <name>.debug_info</name>
         <load_address>0x141e5</load_address>
         <run_address>0x141e5</run_address>
         <size>0x5af</size>
         <input_file_ref idref="fl-14"/>
      </object_component>
      <object_component id="oc-1c2">
         <name>.debug_info</name>
         <load_address>0x14794</load_address>
         <run_address>0x14794</run_address>
         <size>0x6a3</size>
         <input_file_ref idref="fl-15"/>
      </object_component>
      <object_component id="oc-1bf">
         <name>.debug_info</name>
         <load_address>0x14e37</load_address>
         <run_address>0x14e37</run_address>
         <size>0xf9</size>
         <input_file_ref idref="fl-15"/>
      </object_component>
      <object_component id="oc-cb">
         <name>.debug_info</name>
         <load_address>0x14f30</load_address>
         <run_address>0x14f30</run_address>
         <size>0x230a</size>
         <input_file_ref idref="fl-15"/>
      </object_component>
      <object_component id="oc-20d">
         <name>.debug_info</name>
         <load_address>0x1723a</load_address>
         <run_address>0x1723a</run_address>
         <size>0x3d6</size>
         <input_file_ref idref="fl-18"/>
      </object_component>
      <object_component id="oc-234">
         <name>.debug_info</name>
         <load_address>0x17610</load_address>
         <run_address>0x17610</run_address>
         <size>0x795</size>
         <input_file_ref idref="fl-1a"/>
      </object_component>
      <object_component id="oc-231">
         <name>.debug_info</name>
         <load_address>0x17da5</load_address>
         <run_address>0x17da5</run_address>
         <size>0x116</size>
         <input_file_ref idref="fl-1a"/>
      </object_component>
      <object_component id="oc-151">
         <name>.debug_info</name>
         <load_address>0x17ebb</load_address>
         <run_address>0x17ebb</run_address>
         <size>0x22f0</size>
         <input_file_ref idref="fl-1a"/>
      </object_component>
      <object_component id="oc-22f">
         <name>.debug_info</name>
         <load_address>0x1a1ab</load_address>
         <run_address>0x1a1ab</run_address>
         <size>0x7b3</size>
         <input_file_ref idref="fl-1c"/>
      </object_component>
      <object_component id="oc-22c">
         <name>.debug_info</name>
         <load_address>0x1a95e</load_address>
         <run_address>0x1a95e</run_address>
         <size>0x113</size>
         <input_file_ref idref="fl-1c"/>
      </object_component>
      <object_component id="oc-14b">
         <name>.debug_info</name>
         <load_address>0x1aa71</load_address>
         <run_address>0x1aa71</run_address>
         <size>0x3be5</size>
         <input_file_ref idref="fl-1c"/>
      </object_component>
      <object_component id="oc-263">
         <name>.debug_info</name>
         <load_address>0x1e656</load_address>
         <run_address>0x1e656</run_address>
         <size>0x69e</size>
         <input_file_ref idref="fl-1e"/>
      </object_component>
      <object_component id="oc-260">
         <name>.debug_info</name>
         <load_address>0x1ecf4</load_address>
         <run_address>0x1ecf4</run_address>
         <size>0x108</size>
         <input_file_ref idref="fl-1e"/>
      </object_component>
      <object_component id="oc-25d">
         <name>.debug_info</name>
         <load_address>0x1edfc</load_address>
         <run_address>0x1edfc</run_address>
         <size>0x10a</size>
         <input_file_ref idref="fl-1e"/>
      </object_component>
      <object_component id="oc-169">
         <name>.debug_info</name>
         <load_address>0x1ef06</load_address>
         <run_address>0x1ef06</run_address>
         <size>0x1a0b</size>
         <input_file_ref idref="fl-1e"/>
      </object_component>
      <object_component id="oc-228">
         <name>.debug_info</name>
         <load_address>0x20911</load_address>
         <run_address>0x20911</run_address>
         <size>0x62c</size>
         <input_file_ref idref="fl-20"/>
      </object_component>
      <object_component id="oc-216">
         <name>.debug_info</name>
         <load_address>0x20f3d</load_address>
         <run_address>0x20f3d</run_address>
         <size>0x107</size>
         <input_file_ref idref="fl-20"/>
      </object_component>
      <object_component id="oc-219">
         <name>.debug_info</name>
         <load_address>0x21044</load_address>
         <run_address>0x21044</run_address>
         <size>0xff</size>
         <input_file_ref idref="fl-20"/>
      </object_component>
      <object_component id="oc-21c">
         <name>.debug_info</name>
         <load_address>0x21143</load_address>
         <run_address>0x21143</run_address>
         <size>0x103</size>
         <input_file_ref idref="fl-20"/>
      </object_component>
      <object_component id="oc-21f">
         <name>.debug_info</name>
         <load_address>0x21246</load_address>
         <run_address>0x21246</run_address>
         <size>0x105</size>
         <input_file_ref idref="fl-20"/>
      </object_component>
      <object_component id="oc-222">
         <name>.debug_info</name>
         <load_address>0x2134b</load_address>
         <run_address>0x2134b</run_address>
         <size>0x107</size>
         <input_file_ref idref="fl-20"/>
      </object_component>
      <object_component id="oc-225">
         <name>.debug_info</name>
         <load_address>0x21452</load_address>
         <run_address>0x21452</run_address>
         <size>0x10b</size>
         <input_file_ref idref="fl-20"/>
      </object_component>
      <object_component id="oc-213">
         <name>.debug_info</name>
         <load_address>0x2155d</load_address>
         <run_address>0x2155d</run_address>
         <size>0x10c</size>
         <input_file_ref idref="fl-20"/>
      </object_component>
      <object_component id="oc-13f">
         <name>.debug_info</name>
         <load_address>0x21669</load_address>
         <run_address>0x21669</run_address>
         <size>0x11af</size>
         <input_file_ref idref="fl-20"/>
      </object_component>
      <object_component id="oc-22a">
         <name>.debug_info</name>
         <load_address>0x22818</load_address>
         <run_address>0x22818</run_address>
         <size>0x750</size>
         <input_file_ref idref="fl-22"/>
      </object_component>
      <object_component id="oc-145">
         <name>.debug_info</name>
         <load_address>0x22f68</load_address>
         <run_address>0x22f68</run_address>
         <size>0x239e</size>
         <input_file_ref idref="fl-22"/>
      </object_component>
      <object_component id="oc-25b">
         <name>.debug_info</name>
         <load_address>0x25306</load_address>
         <run_address>0x25306</run_address>
         <size>0x689</size>
         <input_file_ref idref="fl-27"/>
      </object_component>
      <object_component id="oc-163">
         <name>.debug_info</name>
         <load_address>0x2598f</load_address>
         <run_address>0x2598f</run_address>
         <size>0x1480</size>
         <input_file_ref idref="fl-27"/>
      </object_component>
      <object_component id="oc-434">
         <name>.debug_info</name>
         <load_address>0x26e0f</load_address>
         <run_address>0x26e0f</run_address>
         <size>0x692</size>
         <input_file_ref idref="fl-28"/>
      </object_component>
      <object_component id="oc-375">
         <name>.debug_info</name>
         <load_address>0x274a1</load_address>
         <run_address>0x274a1</run_address>
         <size>0x3d77</size>
         <input_file_ref idref="fl-28"/>
      </object_component>
      <object_component id="oc-311">
         <name>.debug_info</name>
         <load_address>0x2b218</load_address>
         <run_address>0x2b218</run_address>
         <size>0x564</size>
         <input_file_ref idref="fl-29"/>
      </object_component>
      <object_component id="oc-205">
         <name>.debug_info</name>
         <load_address>0x2b77c</load_address>
         <run_address>0x2b77c</run_address>
         <size>0xeae</size>
         <input_file_ref idref="fl-29"/>
      </object_component>
      <object_component id="oc-1a4">
         <name>.debug_info</name>
         <load_address>0x2c62a</load_address>
         <run_address>0x2c62a</run_address>
         <size>0x6c2</size>
         <input_file_ref idref="fl-2c"/>
      </object_component>
      <object_component id="oc-bf">
         <name>.debug_info</name>
         <load_address>0x2ccec</load_address>
         <run_address>0x2ccec</run_address>
         <size>0x24b4</size>
         <input_file_ref idref="fl-2c"/>
      </object_component>
      <object_component id="oc-20b">
         <name>.debug_info</name>
         <load_address>0x2f1a0</load_address>
         <run_address>0x2f1a0</run_address>
         <size>0x72c</size>
         <input_file_ref idref="fl-2e"/>
      </object_component>
      <object_component id="oc-139">
         <name>.debug_info</name>
         <load_address>0x2f8cc</load_address>
         <run_address>0x2f8cc</run_address>
         <size>0x8be</size>
         <input_file_ref idref="fl-2e"/>
      </object_component>
      <object_component id="oc-1b8">
         <name>.debug_info</name>
         <load_address>0x3018a</load_address>
         <run_address>0x3018a</run_address>
         <size>0x333</size>
         <input_file_ref idref="fl-e8"/>
      </object_component>
      <object_component id="oc-c5">
         <name>.debug_info</name>
         <load_address>0x304bd</load_address>
         <run_address>0x304bd</run_address>
         <size>0x1d1</size>
         <input_file_ref idref="fl-e8"/>
      </object_component>
      <object_component id="oc-1ae">
         <name>.debug_info</name>
         <load_address>0x3068e</load_address>
         <run_address>0x3068e</run_address>
         <size>0x18d</size>
         <input_file_ref idref="fl-e8"/>
      </object_component>
      <object_component id="oc-1b4">
         <name>.debug_info</name>
         <load_address>0x3081b</load_address>
         <run_address>0x3081b</run_address>
         <size>0x16d</size>
         <input_file_ref idref="fl-e8"/>
      </object_component>
      <object_component id="oc-3ff">
         <name>.debug_info</name>
         <load_address>0x30988</load_address>
         <run_address>0x30988</run_address>
         <size>0x2c</size>
         <input_file_ref idref="fl-e8"/>
      </object_component>
      <object_component id="oc-3a">
         <name>.debug_info</name>
         <load_address>0x309b4</load_address>
         <run_address>0x309b4</run_address>
         <size>0x119</size>
         <input_file_ref idref="fl-e9"/>
      </object_component>
      <object_component id="oc-8c">
         <name>.debug_info</name>
         <load_address>0x30acd</load_address>
         <run_address>0x30acd</run_address>
         <size>0x2d4</size>
         <input_file_ref idref="fl-ea"/>
      </object_component>
      <object_component id="oc-44">
         <name>.debug_info</name>
         <load_address>0x30da1</load_address>
         <run_address>0x30da1</run_address>
         <size>0x1d2</size>
         <input_file_ref idref="fl-ea"/>
      </object_component>
      <object_component id="oc-87">
         <name>.debug_info</name>
         <load_address>0x30f73</load_address>
         <run_address>0x30f73</run_address>
         <size>0x46</size>
         <input_file_ref idref="fl-ea"/>
      </object_component>
      <object_component id="oc-ed">
         <name>.debug_info</name>
         <load_address>0x30fb9</load_address>
         <run_address>0x30fb9</run_address>
         <size>0x2c</size>
         <input_file_ref idref="fl-ea"/>
      </object_component>
      <object_component id="oc-42">
         <name>.debug_info</name>
         <load_address>0x30fe5</load_address>
         <run_address>0x30fe5</run_address>
         <size>0x2a8</size>
         <input_file_ref idref="fl-eb"/>
      </object_component>
      <object_component id="oc-1e">
         <name>.debug_info</name>
         <load_address>0x3128d</load_address>
         <run_address>0x3128d</run_address>
         <size>0x1ea</size>
         <input_file_ref idref="fl-eb"/>
      </object_component>
      <object_component id="oc-3d">
         <name>.debug_info</name>
         <load_address>0x31477</load_address>
         <run_address>0x31477</run_address>
         <size>0x46</size>
         <input_file_ref idref="fl-eb"/>
      </object_component>
      <object_component id="oc-7f">
         <name>.debug_info</name>
         <load_address>0x314bd</load_address>
         <run_address>0x314bd</run_address>
         <size>0x2c</size>
         <input_file_ref idref="fl-eb"/>
      </object_component>
      <object_component id="oc-7d">
         <name>.debug_info</name>
         <load_address>0x314e9</load_address>
         <run_address>0x314e9</run_address>
         <size>0x29e</size>
         <input_file_ref idref="fl-ec"/>
      </object_component>
      <object_component id="oc-18">
         <name>.debug_info</name>
         <load_address>0x31787</load_address>
         <run_address>0x31787</run_address>
         <size>0x250</size>
         <input_file_ref idref="fl-ec"/>
      </object_component>
      <object_component id="oc-2d">
         <name>.debug_info</name>
         <load_address>0x319d7</load_address>
         <run_address>0x319d7</run_address>
         <size>0x60</size>
         <input_file_ref idref="fl-ec"/>
      </object_component>
      <object_component id="oc-e6">
         <name>.debug_info</name>
         <load_address>0x31a37</load_address>
         <run_address>0x31a37</run_address>
         <size>0x46</size>
         <input_file_ref idref="fl-ec"/>
      </object_component>
      <object_component id="oc-78">
         <name>.debug_info</name>
         <load_address>0x31a7d</load_address>
         <run_address>0x31a7d</run_address>
         <size>0x39</size>
         <input_file_ref idref="fl-ec"/>
      </object_component>
      <object_component id="oc-254">
         <name>.debug_info</name>
         <load_address>0x31ab6</load_address>
         <run_address>0x31ab6</run_address>
         <size>0x2e1</size>
         <input_file_ref idref="fl-ed"/>
      </object_component>
      <object_component id="oc-251">
         <name>.debug_info</name>
         <load_address>0x31d97</load_address>
         <run_address>0x31d97</run_address>
         <size>0x107</size>
         <input_file_ref idref="fl-ed"/>
      </object_component>
      <object_component id="oc-15d">
         <name>.debug_info</name>
         <load_address>0x31e9e</load_address>
         <run_address>0x31e9e</run_address>
         <size>0x1cc</size>
         <input_file_ref idref="fl-ed"/>
      </object_component>
      <object_component id="oc-255">
         <name>.debug_info</name>
         <load_address>0x3206a</load_address>
         <run_address>0x3206a</run_address>
         <size>0x162</size>
         <input_file_ref idref="fl-ed"/>
      </object_component>
      <object_component id="oc-349">
         <name>.debug_info</name>
         <load_address>0x321cc</load_address>
         <run_address>0x321cc</run_address>
         <size>0x39</size>
         <input_file_ref idref="fl-ed"/>
      </object_component>
      <object_component id="oc-35f">
         <name>.debug_info</name>
         <load_address>0x32205</load_address>
         <run_address>0x32205</run_address>
         <size>0x2ff</size>
         <input_file_ref idref="fl-ee"/>
      </object_component>
      <object_component id="oc-35c">
         <name>.debug_info</name>
         <load_address>0x32504</load_address>
         <run_address>0x32504</run_address>
         <size>0x121</size>
         <input_file_ref idref="fl-ee"/>
      </object_component>
      <object_component id="oc-248">
         <name>.debug_info</name>
         <load_address>0x32625</load_address>
         <run_address>0x32625</run_address>
         <size>0x23a</size>
         <input_file_ref idref="fl-ee"/>
      </object_component>
      <object_component id="oc-432">
         <name>.debug_info</name>
         <load_address>0x3285f</load_address>
         <run_address>0x3285f</run_address>
         <size>0xf3</size>
         <input_file_ref idref="fl-ef"/>
      </object_component>
      <object_component id="oc-24e">
         <name>.debug_info</name>
         <load_address>0x32952</load_address>
         <run_address>0x32952</run_address>
         <size>0xfc</size>
         <input_file_ref idref="fl-ef"/>
      </object_component>
      <object_component id="oc-363">
         <name>.debug_info</name>
         <load_address>0x32a4e</load_address>
         <run_address>0x32a4e</run_address>
         <size>0x86</size>
         <input_file_ref idref="fl-ef"/>
      </object_component>
      <object_component id="oc-2a">
         <name>.debug_info</name>
         <load_address>0x32ad4</load_address>
         <run_address>0x32ad4</run_address>
         <size>0x10b</size>
         <input_file_ref idref="fl-f0"/>
      </object_component>
      <object_component id="oc-56">
         <name>.debug_info</name>
         <load_address>0x32bdf</load_address>
         <run_address>0x32bdf</run_address>
         <size>0x1a9</size>
         <input_file_ref idref="fl-f0"/>
      </object_component>
      <object_component id="oc-241">
         <name>.debug_info</name>
         <load_address>0x32d88</load_address>
         <run_address>0x32d88</run_address>
         <size>0x2a4</size>
         <input_file_ref idref="fl-f1"/>
      </object_component>
      <object_component id="oc-157">
         <name>.debug_info</name>
         <load_address>0x3302c</load_address>
         <run_address>0x3302c</run_address>
         <size>0x181</size>
         <input_file_ref idref="fl-f1"/>
      </object_component>
      <object_component id="oc-23c">
         <name>.debug_info</name>
         <load_address>0x331ad</load_address>
         <run_address>0x331ad</run_address>
         <size>0x39</size>
         <input_file_ref idref="fl-f1"/>
      </object_component>
      <object_component id="oc-2dc">
         <name>.debug_info</name>
         <load_address>0x331e6</load_address>
         <run_address>0x331e6</run_address>
         <size>0x590</size>
         <input_file_ref idref="fl-f2"/>
      </object_component>
      <object_component id="oc-2a7">
         <name>.debug_info</name>
         <load_address>0x33776</load_address>
         <run_address>0x33776</run_address>
         <size>0x21e</size>
[...]
         <name>Timer_A_getSynchronizedCaptureCompareInput</name>
         <value>0x4b43</value>
         <object_component_ref idref="oc-be"/>
      </symbol>
      <symbol id="sm-aab">
         <name>Timer_A_configureUpMode</name>
         <value>0x4987</value>
         <object_component_ref idref="oc-be"/>
      </symbol>
      <symbol id="sm-aac">
         <name>Timer_A_getEnabledInterruptStatus</name>
         <value>0x4da5</value>
         <object_component_ref idref="oc-be"/>
      </symbol>
      <symbol id="sm-aad">
         <name>Timer_A_disableInterrupt</name>
         <value>0x4d03</value>
         <object_component_ref idref="oc-be"/>
      </symbol>
      <symbol id="sm-aae">
         <name>Timer_A_configureContinuousMode</name>
         <value>0x4957</value>
         <object_component_ref idref="oc-be"/>
      </symbol>
      <symbol id="sm-aaf">
         <name>Timer_A_getCaptureCompareEnabledInterruptStatus</name>
         <value>0x4dbd</value>
         <object_component_ref idref="oc-be"/>
      </symbol>
      <symbol id="sm-ab0">
         <name>Timer_A_getInterruptStatus</name>
         <value>0x4d17</value>
         <object_component_ref idref="oc-be"/>
      </symbol>
      <symbol id="sm-ab1">
         <name>Timer_A_enableInterrupt</name>
         <value>0x4cef</value>
         <object_component_ref idref="oc-be"/>
      </symbol>
      <symbol id="sm-ab2">
         <name>Timer_A_unregisterInterrupt</name>
         <value>0x4ecb</value>
         <object_component_ref idref="oc-be"/>
      </symbol>
      <symbol id="sm-aca">
         <name>WDT_A_setTimeoutReset</name>
         <value>0x8d35</value>
         <object_component_ref idref="oc-138"/>
      </symbol>
      <symbol id="sm-acb">
         <name>WDT_A_registerInterrupt</name>
         <value>0x8d41</value>
         <object_component_ref idref="oc-138"/>
      </symbol>
      <symbol id="sm-acc">
         <name>WDT_A_setPasswordViolationReset</name>
         <value>0x8d29</value>
         <object_component_ref idref="oc-138"/>
      </symbol>
      <symbol id="sm-acd">
         <name>WDT_A_initIntervalTimer</name>
         <value>0x8d0d</value>
         <object_component_ref idref="oc-138"/>
      </symbol>
      <symbol id="sm-ace">
         <name>WDT_A_clearTimer</name>
         <value>0x8cd1</value>
         <object_component_ref idref="oc-138"/>
      </symbol>
      <symbol id="sm-acf">
         <name>WDT_A_holdTimer</name>
         <value>0x8c91</value>
         <object_component_ref idref="oc-138"/>
      </symbol>
      <symbol id="sm-ad0">
         <name>WDT_A_initWatchdogTimer</name>
         <value>0x8cf1</value>
         <object_component_ref idref="oc-138"/>
      </symbol>
      <symbol id="sm-ad1">
         <name>WDT_A_startTimer</name>
         <value>0x8cb1</value>
         <object_component_ref idref="oc-138"/>
      </symbol>
      <symbol id="sm-ad2">
         <name>WDT_A_unregisterInterrupt</name>
         <value>0x8d55</value>
         <object_component_ref idref="oc-138"/>
      </symbol>
      <symbol id="sm-af9">
         <name>sprintf</name>
         <value>0x9595</value>
         <object_component_ref idref="oc-c4"/>
      </symbol>
      <symbol id="sm-b14">
         <name>memcpy</name>
         <value>0x8ed7</value>
         <object_component_ref idref="oc-37"/>
      </symbol>
      <symbol id="sm-b15">
         <name>__aeabi_memcpy</name>
         <value>0x8ed7</value>
         <object_component_ref idref="oc-37"/>
      </symbol>
      <symbol id="sm-b16">
         <name>__aeabi_memcpy8</name>
         <value>0x8ed7</value>
         <object_component_ref idref="oc-37"/>
      </symbol>
      <symbol id="sm-b17">
         <name>__aeabi_memcpy4</name>
         <value>0x8ed7</value>
         <object_component_ref idref="oc-37"/>
      </symbol>
      <symbol id="sm-b30">
         <name>__TI_zero_init_nomemset</name>
         <value>0x971f</value>
         <object_component_ref idref="oc-43"/>
      </symbol>
      <symbol id="sm-b47">
         <name>__TI_decompress_none</name>
         <value>0x97d3</value>
         <object_component_ref idref="oc-1d"/>
      </symbol>
      <symbol id="sm-b6a">
         <name>__TI_decompress_lzss</name>
         <value>0x926b</value>
         <object_component_ref idref="oc-17"/>
      </symbol>
      <symbol id="sm-b97">
         <name>__localtime32</name>
         <value>0x86f9</value>
         <object_component_ref idref="oc-15c"/>
      </symbol>
      <symbol id="sm-b98">
         <name>localtime</name>
         <value>0x86f9</value>
         <object_component_ref idref="oc-15c"/>
      </symbol>
      <symbol id="sm-bca">
         <name>mktime</name>
         <value>0x7179</value>
         <object_component_ref idref="oc-247"/>
      </symbol>
      <symbol id="sm-bcb">
         <name>__mktime32</name>
         <value>0x7179</value>
         <object_component_ref idref="oc-247"/>
      </symbol>
      <symbol id="sm-bdb">
         <name>_tz</name>
         <value>0x200002d0</value>
         <object_component_ref idref="oc-24d"/>
      </symbol>
      <symbol id="sm-bee">
         <name>__stack</name>
         <value>0x2000fe00</value>
         <object_component_ref idref="oc-29"/>
      </symbol>
      <symbol id="sm-bef">
         <name>_c_int00_noargs</name>
         <value>0x96bd</value>
         <object_component_ref idref="oc-55"/>
      </symbol>
      <symbol id="sm-c02">
         <name>__time32</name>
         <value>0x97c5</value>
         <object_component_ref idref="oc-156"/>
      </symbol>
      <symbol id="sm-c03">
         <name>time</name>
         <value>0x97c5</value>
         <object_component_ref idref="oc-156"/>
      </symbol>
      <symbol id="sm-d68">
         <name>__TI_printfi</name>
         <value>0x23fd</value>
         <object_component_ref idref="oc-1a5"/>
      </symbol>
      <symbol id="sm-d88">
         <name>frexpl</name>
         <value>0x92d5</value>
         <object_component_ref idref="oc-3dc"/>
      </symbol>
      <symbol id="sm-d89">
         <name>frexp</name>
         <value>0x92d5</value>
         <object_component_ref idref="oc-3dc"/>
      </symbol>
      <symbol id="sm-da6">
         <name>scalbn</name>
         <value>0x8a85</value>
         <object_component_ref idref="oc-3e2"/>
      </symbol>
      <symbol id="sm-da7">
         <name>scalbnl</name>
         <value>0x8a85</value>
         <object_component_ref idref="oc-3e2"/>
      </symbol>
      <symbol id="sm-da8">
         <name>ldexpl</name>
         <value>0x8a85</value>
         <object_component_ref idref="oc-3e2"/>
      </symbol>
      <symbol id="sm-da9">
         <name>ldexp</name>
         <value>0x8a85</value>
         <object_component_ref idref="oc-3e2"/>
      </symbol>
      <symbol id="sm-dc2">
         <name>wcslen</name>
         <value>0x97b3</value>
         <object_component_ref idref="oc-2cf"/>
      </symbol>
      <symbol id="sm-dd9">
         <name>__aeabi_dsub</name>
         <value>0x812d</value>
         <object_component_ref idref="oc-3bc"/>
      </symbol>
      <symbol id="sm-dda">
         <name>__aeabi_dadd</name>
         <value>0x8137</value>
         <object_component_ref idref="oc-3bc"/>
      </symbol>
      <symbol id="sm-dfc">
         <name>__aeabi_cdcmpeq</name>
         <value>0x9009</value>
         <object_component_ref idref="oc-2ac"/>
      </symbol>
      <symbol id="sm-dfd">
         <name>__aeabi_cdcmple</name>
         <value>0x9009</value>
         <object_component_ref idref="oc-2ac"/>
      </symbol>
      <symbol id="sm-dfe">
         <name>__aeabi_cdrcmple</name>
         <value>0x908f</value>
         <object_component_ref idref="oc-3a7"/>
      </symbol>
      <symbol id="sm-e12">
         <name>__aeabi_ddiv</name>
         <value>0x85c1</value>
         <object_component_ref idref="oc-3a2"/>
      </symbol>
      <symbol id="sm-e1d">
         <name>__aeabi_dmul</name>
         <value>0x8b95</value>
         <object_component_ref idref="oc-39d"/>
      </symbol>
      <symbol id="sm-e27">
         <name>__aeabi_d2iz</name>
         <value>0x94c9</value>
         <object_component_ref idref="oc-3ac"/>
      </symbol>
      <symbol id="sm-e31">
         <name>__aeabi_i2d</name>
         <value>0x96f1</value>
         <object_component_ref idref="oc-3b7"/>
      </symbol>
      <symbol id="sm-e40">
         <name>__aeabi_uidivmod</name>
         <value>0x9555</value>
         <object_component_ref idref="oc-242"/>
      </symbol>
      <symbol id="sm-e41">
         <name>__aeabi_uidiv</name>
         <value>0x9555</value>
         <object_component_ref idref="oc-242"/>
      </symbol>
      <symbol id="sm-e4f">
         <name>__aeabi_ldivmod</name>
         <value>0x91fd</value>
         <object_component_ref idref="oc-356"/>
      </symbol>
      <symbol id="sm-e5c">
         <name>__aeabi_uldivmod</name>
         <value>0x8f73</value>
         <object_component_ref idref="oc-396"/>
      </symbol>
      <symbol id="sm-e6b">
         <name>__aeabi_memset</name>
         <value>0x9117</value>
         <object_component_ref idref="oc-8d"/>
      </symbol>
      <symbol id="sm-e6c">
         <name>memset</name>
         <value>0x911d</value>
         <object_component_ref idref="oc-8d"/>
      </symbol>
      <symbol id="sm-e6d">
         <name>__aeabi_memset8</name>
         <value>0x9117</value>
         <object_component_ref idref="oc-8d"/>
      </symbol>
      <symbol id="sm-e6e">
         <name>__aeabi_memset4</name>
         <value>0x9117</value>
         <object_component_ref idref="oc-8d"/>
      </symbol>
      <symbol id="sm-e6f">
         <name>__aeabi_memclr8</name>
         <value>0x9115</value>
         <object_component_ref idref="oc-8d"/>
      </symbol>
      <symbol id="sm-e70">
         <name>__aeabi_memclr4</name>
         <value>0x9115</value>
         <object_component_ref idref="oc-8d"/>
      </symbol>
      <symbol id="sm-e71">
         <name>__aeabi_memclr</name>
         <value>0x9115</value>
         <object_component_ref idref="oc-8d"/>
      </symbol>
      <symbol id="sm-e99">
         <name>__TI_auto_init_nobinit_nopinit</name>
         <value>0x9511</value>
         <object_component_ref idref="oc-102"/>
      </symbol>
      <symbol id="sm-ea3">
         <name>_system_pre_init</name>
         <value>0x9801</value>
         <object_component_ref idref="oc-93"/>
      </symbol>
      <symbol id="sm-eaf">
         <name>C$$EXIT</name>
         <value>0x9805</value>
         <object_component_ref idref="oc-f6"/>
      </symbol>
      <symbol id="sm-eb0">
         <name>abort</name>
         <value>0x9805</value>
         <object_component_ref idref="oc-f6"/>
      </symbol>
      <symbol id="sm-ec5">
         <name>_nop</name>
         <value>0x2e4b</value>
         <object_component_ref idref="oc-2f1"/>
      </symbol>
      <symbol id="sm-ec6">
         <name>_lock</name>
         <value>0x200002f0</value>
         <object_component_ref idref="oc-1e6"/>
      </symbol>
      <symbol id="sm-ec7">
         <name>_unlock</name>
         <value>0x200002f4</value>
         <object_component_ref idref="oc-1e6"/>
      </symbol>
      <symbol id="sm-ed6">
         <name>__TI_ltoa</name>
         <value>0x938f</value>
         <object_component_ref idref="oc-3b1"/>
      </symbol>
      <symbol id="sm-eed">
         <name>atoi</name>
         <value>0x9435</value>
         <object_component_ref idref="oc-2a0"/>
      </symbol>
      <symbol id="sm-ef8">
         <name>_ctypes_</name>
         <value>0x9b00</value>
         <object_component_ref idref="oc-391"/>
      </symbol>
      <symbol id="sm-f08">
         <name>memccpy</name>
         <value>0x973b</value>
         <object_component_ref idref="oc-2c9"/>
      </symbol>
      <symbol id="sm-f18">
         <name>strchr</name>
         <value>0x9789</value>
         <object_component_ref idref="oc-3e8"/>
      </symbol>
      <symbol id="sm-f26">
         <name>strlen</name>
         <value>0x979f</value>
         <object_component_ref idref="oc-29a"/>
      </symbol>
      <symbol id="sm-f3c">
         <name>__aeabi_errno_addr</name>
         <value>0x97f9</value>
         <object_component_ref idref="oc-2d5"/>
      </symbol>
      <symbol id="sm-f3d">
         <name>errno</name>
         <value>0x200002f8</value>
         <object_component_ref idref="oc-3f8"/>
      </symbol>
      <symbol id="sm-f55">
         <name>HOSTtime</name>
         <value>0x9481</value>
         <object_component_ref idref="oc-235"/>
      </symbol>
      <symbol id="sm-f79">
         <name>__TI_readmsg</name>
         <value>0x9689</value>
         <object_component_ref idref="oc-33a"/>
      </symbol>
      <symbol id="sm-f7a">
         <name>C$$IO$$</name>
         <value>0x967f</value>
         <object_component_ref idref="oc-334"/>
      </symbol>
      <symbol id="sm-f7b">
         <name>__CIOBUF_</name>
         <value>0x200000e4</value>
         <object_component_ref idref="oc-41f"/>
      </symbol>
      <symbol id="sm-f7c">
         <name>__TI_writemsg</name>
         <value>0x9651</value>
         <object_component_ref idref="oc-334"/>
      </symbol>
      <symbol id="sm-f86">
         <name>copysign</name>
         <value>0x9757</value>
         <object_component_ref idref="oc-455"/>
      </symbol>
      <symbol id="sm-f87">
         <name>copysignl</name>
         <value>0x9757</value>
         <object_component_ref idref="oc-455"/>
      </symbol>
      <symbol id="sm-f91">
         <name>__aeabi_idiv0</name>
         <value>0x7b57</value>
         <object_component_ref idref="oc-350"/>
      </symbol>
      <symbol id="sm-f92">
         <name>__aeabi_ldiv0</name>
         <value>0x7b57</value>
         <object_component_ref idref="oc-350"/>
      </symbol>
      <symbol id="sm-f98">
         <name>parmbuf</name>
         <value>0x20000228</value>
      </symbol>
      <symbol id="sm-f99">
         <name>__TI_static_base__</name>
         <value>0x0</value>
      </symbol>
      <symbol id="sm-f9c">
         <name>__mpu_init</name>
         <value>0x0</value>
      </symbol>
      <symbol id="sm-f9d">
         <name>_system_post_cinit</name>
         <value>0x0</value>
      </symbol>
      <symbol id="sm-f9e">
         <name>NMI_Handler</name>
         <value>0x97ed</value>
      </symbol>
      <symbol id="sm-f9f">
         <name>HardFault_Handler</name>
         <value>0x97ed</value>
      </symbol>
      <symbol id="sm-fa0">
         <name>MemManage_Handler</name>
         <value>0x97ed</value>
      </symbol>
      <symbol id="sm-fa1">
         <name>BusFault_Handler</name>
         <value>0x97ed</value>
      </symbol>
      <symbol id="sm-fa2">
         <name>UsageFault_Handler</name>
         <value>0x97ed</value>
      </symbol>
      <symbol id="sm-fa3">
         <name>SVC_Handler</name>
         <value>0x97ed</value>
      </symbol>
      <symbol id="sm-fa4">
         <name>DebugMon_Handler</name>
         <value>0x97ed</value>
      </symbol>
      <symbol id="sm-fa5">
         <name>PendSV_Handler</name>
         <value>0x97ed</value>
      </symbol>
      <symbol id="sm-fa6">
         <name>SysTick_Handler</name>
         <value>0x97ed</value>
      </symbol>
      <symbol id="sm-fa7">
         <name>PSS_IRQHandler</name>
         <value>0x97ed</value>
      </symbol>
      <symbol id="sm-fa8">
         <name>CS_IRQHandler</name>
         <value>0x97ed</value>
      </symbol>
      <symbol id="sm-fa9">
         <name>PCM_IRQHandler</name>
         <value>0x97ed</value>
      </symbol>
      <symbol id="sm-faa">
         <name>WDT_A_IRQHandler</name>
         <value>0x97ed</value>
      </symbol>
      <symbol id="sm-fab">
         <name>FPU_IRQHandler</name>
         <value>0x97ed</value>
      </symbol>
      <symbol id="sm-fac">
         <name>FLCTL_IRQHandler</name>
         <value>0x97ed</value>
      </symbol>
      <symbol id="sm-fad">
         <name>COMP_E0_IRQHandler</name>
         <value>0x97ed</value>
      </symbol>
      <symbol id="sm-fae">
         <name>COMP_E1_IRQHandler</name>
         <value>0x97ed</value>
      </symbol>
      <symbol id="sm-faf">
         <name>TA0_0_IRQHandler</name>
         <value>0x97ed</value>
      </symbol>
      <symbol id="sm-fb0">
         <name>TA0_N_IRQHandler</name>
         <value>0x97ed</value>
      </symbol>
      <symbol id="sm-fb1">
         <name>TA1_0_IRQHandler</name>
         <value>0x97ed</value>
      </symbol>
      <symbol id="sm-fb2">
         <name>TA1_N_IRQHandler</name>
         <value>0x97ed</value>
      </symbol>
      <symbol id="sm-fb3">
         <name>TA2_0_IRQHandler</name>
         <value>0x97ed</value>
      </symbol>
      <symbol id="sm-fb4">
         <name>TA2_N_IRQHandler</name>
         <value>0x97ed</value>
      </symbol>
      <symbol id="sm-fb5">
         <name>TA3_0_IRQHandler</name>
         <value>0x97ed</value>
      </symbol>
      <symbol id="sm-fb6">
         <name>TA3_N_IRQHandler</name>
         <value>0x97ed</value>
      </symbol>
      <symbol id="sm-fb7">
         <name>EUSCIA0_IRQHandler</name>
         <value>0x97ed</value>
      </symbol>
      <symbol id="sm-fb8">
         <name>EUSCIA1_IRQHandler</name>
         <value>0x97ed</value>
      </symbol>
      <symbol id="sm-fb9">
         <name>EUSCIA2_IRQHandler</name>
         <value>0x97ed</value>
      </symbol>
      <symbol id="sm-fba">
         <name>EUSCIA3_IRQHandler</name>
         <value>0x97ed</value>
      </symbol>
      <symbol id="sm-fbb">
         <name>EUSCIB0_IRQHandler</name>
         <value>0x97ed</value>
      </symbol>
      <symbol id="sm-fbc">
         <name>EUSCIB1_IRQHandler</name>
         <value>0x97ed</value>
      </symbol>
      <symbol id="sm-fbd">
         <name>EUSCIB2_IRQHandler</name>
         <value>0x97ed</value>
      </symbol>
      <symbol id="sm-fbe">
         <name>EUSCIB3_IRQHandler</name>
         <value>0x97ed</value>
      </symbol>
      <symbol id="sm-fbf">
         <name>ADC14_IRQHandler</name>
         <value>0x7807</value>
      </symbol>
      <symbol id="sm-fc0">
         <name>T32_INT1_IRQHandler</name>
         <value>0x97ed</value>
      </symbol>
      <symbol id="sm-fc1">
         <name>T32_INT2_IRQHandler</name>
         <value>0x97ed</value>
      </symbol>
      <symbol id="sm-fc2">
         <name>T32_INTC_IRQHandler</name>
         <value>0x97ed</value>
      </symbol>
      <symbol id="sm-fc3">
         <name>AES256_IRQHandler</name>
         <value>0x97ed</value>
      </symbol>
      <symbol id="sm-fc4">
         <name>RTC_C_IRQHandler</name>
         <value>0x97ed</value>
      </symbol>
      <symbol id="sm-fc5">
         <name>DMA_ERR_IRQHandler</name>
         <value>0x97ed</value>
      </symbol>
      <symbol id="sm-fc6">
         <name>DMA_INT3_IRQHandler</name>
         <value>0x97ed</value>
      </symbol>
      <symbol id="sm-fc7">
         <name>DMA_INT2_IRQHandler</name>
         <value>0x97ed</value>
      </symbol>
      <symbol id="sm-fc8">
         <name>DMA_INT1_IRQHandler</name>
         <value>0x97ed</value>
      </symbol>
      <symbol id="sm-fc9">
         <name>DMA_INT0_IRQHandler</name>
         <value>0x97ed</value>
      </symbol>
      <symbol id="sm-fca">
         <name>PORT1_IRQHandler</name>
         <value>0x97ed</value>
      </symbol>
      <symbol id="sm-fcb">
         <name>PORT2_IRQHandler</name>
         <value>0x97ed</value>
      </symbol>
      <symbol id="sm-fcc">
         <name>PORT3_IRQHandler</name>
         <value>0x97ed</value>
      </symbol>
      <symbol id="sm-fcd">
         <name>PORT4_IRQHandler</name>
         <value>0x97ed</value>
      </symbol>
      <symbol id="sm-fce">
         <name>PORT5_IRQHandler</name>
         <value>0x97ed</value>
      </symbol>
      <symbol id="sm-fcf">
         <name>PORT6_IRQHandler</name>
         <value>0x97ed</value>
      </symbol>
   </symbol_table>
   <title>Link successful</title>
</link_info>
