******************************************************************************
                  TI ARM Linker Unix v20.2.5                   
******************************************************************************
>> Linked Wed Dec 15 11:06:41 2021

OUTPUT FILE NAME:   <AnhTu_FallDetector_Dec3_18_06.out>
ENTRY POINT SYMBOL: "_c_int00_noargs"  address: 0000f5f5


MEMORY CONFIGURATION

         name            origin    length      used     unused   attr    fill
----------------------  --------  ---------  --------  --------  ----  --------
  MAIN                  00000000   00040000  000100b8  0002ff48  R  X
  INFO                  00200000   00004000  00000000  00004000  R  X
  SRAM_CODE             01000000   00010000  00000cc7  0000f339  RW X
  SRAM_DATA             20000000   00010000  00000cc7  0000f339  RW  


SEGMENT ALLOCATION MAP

run origin  load origin   length   init length attrs members
----------  ----------- ---------- ----------- ----- -------
00000000    00000000    000100b8   000100b8    r-x
  00000000    00000000    000000e4   000000e4    r-- .intvecs
  000000e4    000000e4    0000f660   0000f660    r-x .text
  0000f744    0000f744    000008b4   000008b4    r-- .const
  0000fff8    0000fff8    000000c0   000000c0    r-- .cinit
20000000    20000000    00000ac8   00000000    rw-
  20000000    20000000    000000e4   00000000    rw- .vtable
  200000e4    200000e4    0000090b   00000000    rw- .bss
  200009f0    200009f0    000000d8   00000000    rw- .data
2000fe00    2000fe00    00000200   00000000    rw-
  2000fe00    2000fe00    00000200   00000000    rw- .stack


SECTION ALLOCATION MAP

 output                                  attributes/
section   page    origin      length       input sections
--------  ----  ----------  ----------   ----------------
.intvecs   0    00000000    000000e4     
                  00000000    000000e4     startup_msp432p401r_ccs.obj (.intvecs:retain)

.text      0    000000e4    0000f660     
                  000000e4    00002034     driver.obj (.text)
                  00002118    00001598     flash.obj (.text)
                  000036b0    00000ed4     socket.obj (.text)
                  00004584    00000d80     cs.obj (.text)
                  00005304    00000bdc     wifi.obj (.text)
                  00005ee0    00000b3c     netapp.obj (.text)
                  00006a1c    00000ac0     wlan.obj (.text)
                  000074dc    00000a4e     rtsv7M4_T_le_v4SPD16_eabi.lib : _printfi.c.obj (.text:__TI_printfi)
                  00007f2a    00000002                                   : _lock.c.obj (.text:_nop)
                  00007f2c    000008d4     adc14.obj (.text)
                  00008800    000008a4     spi.obj (.text)
                  000090a4    00000838     pcm.obj (.text)
                  000098dc    00000798     timer_a.obj (.text)
                  0000a074    00000678     Crystalfontz128x128_ST7735.obj (.text)
                  0000a6ec    00000630     string.obj (.text)
                  0000ad1c    000005b4     device.obj (.text)
                  0000b2d0    00000508     rtc_c.obj (.text)
                  0000b7d8    00000490     line.obj (.text)
                  0000bc68    00000480     gpio.obj (.text)
                  0000c0e8    000003f0     interrupt.obj (.text)
                  0000c4d8    00000344     board.obj (.text)
                  0000c81c    00000334     system_msp432p401r.obj (.text)
                  0000cb50    000002a0     rtsv7M4_T_le_v4SPD16_eabi.lib : mktime.c.obj (.text:__mktime32)
                  0000cdf0    0000029c     main.obj (.text)
                  0000d08c    00000270     rtsv7M4_T_le_v4SPD16_eabi.lib : _printfi.c.obj (.text:_pconv_a)
                  0000d2fc    00000266     context.obj (.text)
                  0000d562    00000002     rtsv7M4_T_le_v4SPD16_eabi.lib : div0.asm.obj (.text)
                  0000d564    00000244     sysctl.obj (.text)
                  0000d7a8    00000214     spi_cc3100.obj (.text)
                  0000d9bc    000001d0     rtsv7M4_T_le_v4SPD16_eabi.lib : _printfi.c.obj (.text:_pconv_g)
                  0000db8c    000001c0     utils.obj (.text)
                  0000dd4c    000001b8     hardware_init.obj (.text)
                  0000df04    000001b6     rtsv7M4_T_le_v4SPD16_eabi.lib : fd_add_t2.asm.obj (.text)
                  0000e0ba    00000002     --HOLE-- [fill = 0]
                  0000e0bc    0000013c                                   : _printfi.c.obj (.text:_pconv_e)
                  0000e1f8    00000136                                   : fd_div_t2.asm.obj (.text)
                  0000e32e    00000002     --HOLE-- [fill = 0]
                  0000e330    00000134                                   : localtim.c.obj (.text:__localtime32)
                  0000e464    00000134     display.obj (.text)
                  0000e598    00000130     nonos.obj (.text)
                  0000e6c8    00000124     rtsv7M4_T_le_v4SPD16_eabi.lib : _printfi.c.obj (.text:fcvt)
                  0000e7ec    00000110     netcfg.obj (.text)
                  0000e8fc    00000110     rtsv7M4_T_le_v4SPD16_eabi.lib : s_scalbn.c.obj (.text:scalbn)
                  0000ea0c    000000fc                                   : fd_mul_t2.asm.obj (.text)
                  0000eb08    000000d8     wdt_a.obj (.text)
                  0000ebe0    000000bc     HAL_MSP_EXP432P401R_Crystalfontz128x128_ST7735.obj (.text)
                  0000ec9c    000000b1     rtsv7M4_T_le_v4SPD16_eabi.lib : _printfi.c.obj (.text:_ltostr)
                  0000ed4d    00000001     --HOLE-- [fill = 0]
                  0000ed4e    0000009c                                   : memcpy_t2.asm.obj (.text)
                  0000edea    00000096                                   : ull_div_t2.asm.obj (.text)
                  0000ee80    00000086                                   : fd_cmp_t2.asm.obj (.text:__aeabi_cdcmple)
                  0000ef06    00000086                                   : fd_cmp_t2.asm.obj (.text:__aeabi_cdrcmple)
                  0000ef8c    00000080     flowcont.obj (.text)
                  0000f00c    0000007a     rtsv7M4_T_le_v4SPD16_eabi.lib : memset_t2.asm.obj (.text)
                  0000f086    0000006e                                   : _printfi.c.obj (.text:_mcpy)
                  0000f0f4    0000006e                                   : ll_div_t2.asm.obj (.text)
                  0000f162    00000068                                   : copy_decompress_lzss.c.obj (.text:decompress:lzss:__TI_decompress_lzss)
                  0000f1ca    00000002     --HOLE-- [fill = 0]
                  0000f1cc    00000064                                   : s_frexp.c.obj (.text:frexp)
                  0000f230    00000056                                   : _printfi.c.obj (.text:_pconv_f)
                  0000f286    00000054                                   : _ltoa.c.obj (.text:__TI_ltoa)
                  0000f2da    00000052                                   : _printfi.c.obj (.text:_ecpy)
                  0000f32c    0000004c                                   : atoi.c.obj (.text:atoi)
                  0000f378    00000048                                   : hosttime.c.obj (.text:HOSTtime)
                  0000f3c0    00000048                                   : fd_toi_t2.asm.obj (.text)
                  0000f408    00000044                                   : autoinit.c.obj (.text:__TI_auto_init_nobinit_nopinit:__TI_auto_init_nobinit_nopinit)
                  0000f44c    00000040     cli_uart.obj (.text)
                  0000f48c    00000040     rtsv7M4_T_le_v4SPD16_eabi.lib : u_divt2.asm.obj (.text)
                  0000f4cc    00000040                                   : sprintf.c.obj (.text:sprintf)
                  0000f50c    0000003e                                   : _printfi.c.obj (.text:_fcpy)
                  0000f54a    0000003e     cpu.obj (.text)
                  0000f588    00000038     rtsv7M4_T_le_v4SPD16_eabi.lib : trgmsg.c.obj (.text:__TI_writemsg)
                  0000f5c0    00000034                                   : trgmsg.c.obj (.text:__TI_readmsg)
                  0000f5f4    00000034                                   : boot_cortex_m.c.obj (.text:_c_int00_noargs:_c_int00_noargs)
                  0000f628    0000002e                                   : i_tofd_t2.asm.obj (.text)
                  0000f656    0000001c                                   : memccpy.c.obj (.text:memccpy)
                  0000f672    0000001a                                   : s_copysign.c.obj (.text:copysign)
                  0000f68c    00000018                                   : sprintf.c.obj (.text:_outs)
                  0000f6a4    00000016                                   : strchr.c.obj (.text:strchr)
                  0000f6ba    00000014                                   : strcpy.c.obj (.text:strcpy)
                  0000f6ce    00000014                                   : strlen.c.obj (.text:strlen)
                  0000f6e2    00000012                                   : wcslen.c.obj (.text:wcslen)
                  0000f6f4    0000000e                                   : time.c.obj (.text:__time32)
                  0000f702    0000000e                                   : copy_decompress_none.c.obj (.text:decompress:none:__TI_decompress_none)
                  0000f710    0000000e     startup_msp432p401r_ccs.obj (.text)
                  0000f71e    0000000c     rtsv7M4_T_le_v4SPD16_eabi.lib : copy_zero_init.c.obj (.text:decompress:ZI:__TI_zero_init)
                  0000f72a    0000000a                                   : sprintf.c.obj (.text:_outc)
                  0000f734    00000008                                   : errno.c.obj (.text:__aeabi_errno_addr)
                  0000f73c    00000004                                   : pre_init.c.obj (.text:_system_pre_init)
                  0000f740    00000004                                   : exit.c.obj (.text:abort:abort)

.const     0    0000f744    000008b4     
                  0000f744    000002f8     fontfixed6x8.obj (.const:.string:g_pucFontFixed6x8Data)
                  0000fa3c    00000101     rtsv7M4_T_le_v4SPD16_eabi.lib : ctype.c.obj (.const:.string:_ctypes_)
                  0000fb3d    00000003     --HOLE-- [fill = 0]
                  0000fb40    000000c8     fontfixed6x8.obj (.const:g_sFontFixed6x8)
                  0000fc08    000000b0     wlan.obj (.const:$P$T0$1)
                  0000fcb8    00000080     adc14.obj (.const:_ctlRegs)
                  0000fd38    00000060     rtsv7M4_T_le_v4SPD16_eabi.lib : mktime.c.obj (.const:$O1$$)
                  0000fd98    00000050     interrupt.obj (.const:g_pulRegs)
                  0000fde8    00000038     driver.obj (.const:_SlActionLookupTable)
                  0000fe20    0000002c     wifi.obj (.const:$P$T0$1)
                  0000fe4c    0000002c     Crystalfontz128x128_ST7735.obj (.const:g_sCrystalfontz128x128)
                  0000fe78    00000020     interrupt.obj (.const:g_pulPriority)
                  0000fe98    0000001c     HAL_MSP_EXP432P401R_Crystalfontz128x128_ST7735.obj (.const:$P$T0$1)
                  0000feb4    0000001c     gpio.obj (.const:GPIO_PORT_TO_INT)
                  0000fed0    00000018     main.obj (.const:upConfig)
                  0000fee8    00000014     wifi.obj (.const:$P$T1$2)
                  0000fefc    0000000c     wifi.obj (.const:$P$T2$3)
                  0000ff08    00000008     Crystalfontz128x128_ST7735.obj (.const:$P$T0$1)
                  0000ff10    00000008     driver.obj (.const:g_H2NCnysPattern)
                  0000ff18    00000008     driver.obj (.const:g_H2NSyncPattern)
                  0000ff20    00000008     interrupt.obj (.const:g_pulDisRegs)
                  0000ff28    00000008     interrupt.obj (.const:g_pulEnRegs)
                  0000ff30    00000008     interrupt.obj (.const:g_pulPendRegs)
                  0000ff38    00000008     interrupt.obj (.const:g_pulUnpendRegs)
                  0000ff40    00000004     driver.obj (.const:$P$T0$1)
                  0000ff44    00000004     netapp.obj (.const:$P$T0$1)
                  0000ff48    00000004     socket.obj (.const:$P$T0$1)
                  0000ff4c    00000004     socket.obj (.const:$P$T1$2)
                  0000ff50    00000004     wlan.obj (.const:$P$T1$2)
                  0000ff54    00000004     socket.obj (.const:$P$T2$3)
                  0000ff58    00000004     wlan.obj (.const:$P$T2$3)
                  0000ff5c    00000004     wlan.obj (.const:$P$T3$4)
                  0000ff60    00000004     socket.obj (.const:_SlAcceptCmdCtrl)
                  0000ff64    00000004     device.obj (.const:_SlDeviceGetCmdCtrl)
                  0000ff68    00000004     device.obj (.const:_SlDeviceSetCmdCtrl)
                  0000ff6c    00000004     device.obj (.const:_SlEventMaskGetCmdCtrl)
                  0000ff70    00000004     device.obj (.const:_SlEventMaskSetCmdCtrl)
                  0000ff74    00000004     netapp.obj (.const:_SlGetHostByNameCtrl)
                  0000ff78    00000004     netapp.obj (.const:_SlGetHostByServiceCtrl)
                  0000ff7c    00000004     netapp.obj (.const:_SlGetServiceListeCtrl)
                  0000ff80    00000004     socket.obj (.const:_SlGetSockOptCmdCtrl)
                  0000ff84    00000004     socket.obj (.const:_SlListenCmdCtrl)
                  0000ff88    00000004     netapp.obj (.const:_SlNetAppGetCmdCtrl)
                  0000ff8c    00000004     netapp.obj (.const:_SlNetAppSendTokenValueCmdCtrl)
                  0000ff90    00000004     netapp.obj (.const:_SlNetAppSetCmdCtrl)
                  0000ff94    00000004     netapp.obj (.const:_SlNetAppStartCtrl)
                  0000ff98    00000004     netapp.obj (.const:_SlNetAppStopCtrl)
                  0000ff9c    00000004     netcfg.obj (.const:_SlNetCfgGetCmdCtrl)
                  0000ffa0    00000004     netcfg.obj (.const:_SlNetCfgSetCmdCtrl)
                  0000ffa4    00000004     wlan.obj (.const:_SlPolicyGetCmdCtrl)
                  0000ffa8    00000004     wlan.obj (.const:_SlPolicySetCmdCtrl)
                  0000ffac    00000004     wlan.obj (.const:_SlProfileDelCmdCtrl)
                  0000ffb0    00000004     wlan.obj (.const:_SlProfileGetCmdCtrl)
                  0000ffb4    00000004     socket.obj (.const:_SlRecvCmdCtrl)
                  0000ffb8    00000004     socket.obj (.const:_SlRecvfomCmdCtrl)
                  0000ffbc    00000004     netapp.obj (.const:_SlRegisterServiceCtrl)
                  0000ffc0    00000004     wlan.obj (.const:_SlRxFilterAddtCmdCtrl)
                  0000ffc4    00000004     wlan.obj (.const:_SlRxFilterGetCmdCtrl)
                  0000ffc8    00000004     wlan.obj (.const:_SlRxFilterSetCmdCtrl)
                  0000ffcc    00000004     socket.obj (.const:_SlSelectCmdCtrl)
                  0000ffd0    00000004     socket.obj (.const:_SlSendCmdCtrl)
                  0000ffd4    00000004     socket.obj (.const:_SlSetSockOptCmdCtrl)
                  0000ffd8    00000004     wlan.obj (.const:_SlSmartConfigStartCmdCtrl)
                  0000ffdc    00000004     socket.obj (.const:_SlSockCloseCmdCtrl)
                  0000ffe0    00000004     socket.obj (.const:_SlSockSocketCmdCtrl)
                  0000ffe4    00000004     device.obj (.const:_SlStopCmdCtrl)
                  0000ffe8    00000004     wlan.obj (.const:_SlWlanCfgGetCmdCtrl)
                  0000ffec    00000004     wlan.obj (.const:_SlWlanCfgSetCmdCtrl)
                  0000fff0    00000004     wlan.obj (.const:_SlWlanGetNetworkListCtrl)
                  0000fff4    00000004     wlan.obj (.const:_SlWlanSetModeCmdCtrl)

.cinit     0    0000fff8    000000c0     
                  0000fff8    0000008c     (.cinit..data.load) [load image, compression = lzss]
                  00010084    0000000c     (__TI_handler_table)
                  00010090    00000008     (.cinit..bss.load) [load image, compression = zero_init]
                  00010098    00000008     (.cinit..vtable.load) [load image, compression = zero_init]
                  000100a0    00000018     (__TI_cinit_table)

.init_array 
*          0    00000000    00000000     UNINITIALIZED

.binit     0    00000000    00000000     

.vtable    0    20000000    000000e4     UNINITIALIZED
                  20000000    000000e4     interrupt.obj (.vtable)

.bss       0    200000e4    0000090b     UNINITIALIZED
                  200000e4    00000628     (.common:g_AppData)
                  2000070c    00000164     (.common:g_StatMem)
                  20000870    00000120     rtsv7M4_T_le_v4SPD16_eabi.lib : trgmsg.c.obj (.bss:_CIOBUF_)
                  20000990    00000028     (.common:g__SlNonOsCB)
                  200009b8    0000001c     (.common:g_sContext)
                  200009d4    00000008     cs.obj (.bss)
                  200009dc    00000008     (.common:parmbuf)
                  200009e4    00000002     (.common:Lcd_ScreenHeigth)
                  200009e6    00000002     (.common:Lcd_ScreenWidth)
                  200009e8    00000002     (.common:Lcd_TouchTrim)
                  200009ea    00000001     (.common:IntIsMasked)
                  200009eb    00000001     (.common:Lcd_FlagRead)
                  200009ec    00000001     (.common:Lcd_FontSolid)
                  200009ed    00000001     (.common:Lcd_Orientation)
                  200009ee    00000001     (.common:Lcd_PenSolid)

.data      0    200009f0    000000d8     UNINITIALIZED
                  200009f0    00000040     flash.obj (.data:__getBurstProgramRegs)
                  20000a30    00000030     gpio.obj (.data:GPIO_PORT_TO_BASE)
                  20000a60    00000024     rtsv7M4_T_le_v4SPD16_eabi.lib : localtim.c.obj (.data:local_tm)
                  20000a84    00000010                                   : tmzone.c.obj (.data:_tz)
                  20000a94    00000010     main.obj (.data:compareConfig_PWM)
                  20000aa4    00000009     driver.obj (.data)
                  20000aad    00000003     --HOLE--
                  20000ab0    00000008     rtsv7M4_T_le_v4SPD16_eabi.lib : _lock.c.obj (.data:$O1$$)
                  20000ab8    00000004     board.obj (.data)
                  20000abc    00000004     rtsv7M4_T_le_v4SPD16_eabi.lib : errno.c.obj (.data)
                  20000ac0    00000004     system_msp432p401r.obj (.data)
                  20000ac4    00000004     wifi.obj (.data)

.stack     0    2000fe00    00000200     UNINITIALIZED
                  2000fe00    00000004     rtsv7M4_T_le_v4SPD16_eabi.lib : boot_cortex_m.c.obj (.stack)
                  2000fe04    000001fc     --HOLE--

__llvm_prf_cnts 
*          0    20000000    00000000     UNINITIALIZED

MODULE SUMMARY

       Module                                               code    ro data   rw data
       ------                                               ----    -------   -------
    ./
       system_msp432p401r.obj                               820     0         8      
       main.obj                                             668     24        88     
       startup_msp432p401r_ccs.obj                          14      228       0      
    +--+----------------------------------------------------+-------+---------+---------+
       Total:                                               1502    252       96     
                                                                                     
    ./Lib/
       wifi.obj                                             3036    76        3160   
       utils.obj                                            448     0         0      
       hardware_init.obj                                    440     0         0      
    +--+----------------------------------------------------+-------+---------+---------+
       Total:                                               3924    76        3160   
                                                                                     
    ./Lib/GrLib/fonts/
       fontfixed6x8.obj                                     0       960       0      
    +--+----------------------------------------------------+-------+---------+---------+
       Total:                                               0       960       0      
                                                                                     
    ./Lib/GrLib/grlib/
       string.obj                                           1584    0         0      
       line.obj                                             1168    0         0      
       context.obj                                          614     0         0      
       display.obj                                          308     0         0      
    +--+----------------------------------------------------+-------+---------+---------+
       Total:                                               3674    0         0      
                                                                                     
    ./Lib/LcdDriver/
       Crystalfontz128x128_ST7735.obj                       1656    52        20     
       HAL_MSP_EXP432P401R_Crystalfontz128x128_ST7735.obj   188     28        0      
    +--+----------------------------------------------------+-------+---------+---------+
       Total:                                               1844    80        20     
                                                                                     
    ./Lib/board/
       board.obj                                            836     0         10     
    +--+----------------------------------------------------+-------+---------+---------+
       Total:                                               836     0         10     
                                                                                     
    ./Lib/cli_uart/
       cli_uart.obj                                         64      0         0      
    +--+----------------------------------------------------+-------+---------+---------+
       Total:                                               64      0         0      
                                                                                     
    ./Lib/driverlib/MSP432P4xx/
       flash.obj                                            5528    0         128    
       cs.obj                                               3456    0         16     
       adc14.obj                                            2260    128       0      
       spi.obj                                              2212    0         0      
       pcm.obj                                              2104    0         0      
       timer_a.obj                                          1944    0         0      
       interrupt.obj                                        1008    144       456    
       rtc_c.obj                                            1288    0         0      
       gpio.obj                                             1152    28        96     
       sysctl.obj                                           580     0         0      
       wdt_a.obj                                            216     0         0      
       cpu.obj                                              62      0         0      
    +--+----------------------------------------------------+-------+---------+---------+
       Total:                                               21810   300       696    
                                                                                     
    ./Lib/simplelink/source/
       driver.obj                                           8244    76        730    
       socket.obj                                           3796    52        0      
       wlan.obj                                             2752    236       0      
       netapp.obj                                           2876    40        0      
       device.obj                                           1460    20        0      
       nonos.obj                                            304     0         80     
       netcfg.obj                                           272     8         0      
       flowcont.obj                                         128     0         0      
    +--+----------------------------------------------------+-------+---------+---------+
       Total:                                               19832   432       810    
                                                                                     
    ./Lib/spi_cc3100/
       spi_cc3100.obj                                       532     0         0      
    +--+----------------------------------------------------+-------+---------+---------+
       Total:                                               532     0         0      
                                                                                     
    /opt/ti/ccs1100/ccs/tools/compiler/ti-cgt-arm_20.2.5.LTS/lib/rtsv7M4_T_le_v4SPD16_eabi.lib
       _printfi.c.obj                                       4851    0         0      
       mktime.c.obj                                         672     96        0      
       trgmsg.c.obj                                         108     0         576    
       fd_add_t2.asm.obj                                    438     0         0      
       localtim.c.obj                                       308     0         72     
       fd_div_t2.asm.obj                                    310     0         0      
       s_scalbn.c.obj                                       272     0         0      
       fd_cmp_t2.asm.obj                                    268     0         0      
       ctype.c.obj                                          0       257       0      
       fd_mul_t2.asm.obj                                    252     0         0      
       memcpy_t2.asm.obj                                    156     0         0      
       ull_div_t2.asm.obj                                   150     0         0      
       memset_t2.asm.obj                                    122     0         0      
       ll_div_t2.asm.obj                                    110     0         0      
       copy_decompress_lzss.c.obj                           104     0         0      
       s_frexp.c.obj                                        100     0         0      
       sprintf.c.obj                                        98      0         0      
       _ltoa.c.obj                                          84      0         0      
       atoi.c.obj                                           76      0         0      
       fd_toi_t2.asm.obj                                    72      0         0      
       hosttime.c.obj                                       72      0         0      
       autoinit.c.obj                                       68      0         0      
       u_divt2.asm.obj                                      64      0         0      
       boot_cortex_m.c.obj                                  52      0         0      
       i_tofd_t2.asm.obj                                    46      0         0      
       tmzone.c.obj                                         0       0         32     
       memccpy.c.obj                                        28      0         0      
       s_copysign.c.obj                                     26      0         0      
       strchr.c.obj                                         22      0         0      
       strcpy.c.obj                                         20      0         0      
       strlen.c.obj                                         20      0         0      
       _lock.c.obj                                          2       0         16     
       wcslen.c.obj                                         18      0         0      
       errno.c.obj                                          8       0         8      
       hostopen.c.obj                                       0       0         16     
       copy_decompress_none.c.obj                           14      0         0      
       time.c.obj                                           14      0         0      
       copy_zero_init.c.obj                                 12      0         0      
       exit.c.obj                                           4       0         0      
       pre_init.c.obj                                       4       0         0      
       div0.asm.obj                                         2       0         0      
    +--+----------------------------------------------------+-------+---------+---------+
       Total:                                               9047    353       720    
                                                                                     
       Stack:                                               0       0         1024   
       Linker Generated:                                    0       192       0      
    +--+----------------------------------------------------+-------+---------+---------+
       Grand Total:                                         63065   2645      6536   


LINKER GENERATED COPY TABLES

__TI_cinit_table @ 000100a0 records: 3, size/record: 8, table size: 24
	.data: load addr=0000fff8, load size=0000008c bytes, run addr=200009f0, run size=000000d8 bytes, compression=lzss
	.bss: load addr=00010090, load size=00000008 bytes, run addr=200000e4, run size=0000090b bytes, compression=zero_init
	.vtable: load addr=00010098, load size=00000008 bytes, run addr=20000000, run size=000000e4 bytes, compression=zero_init


LINKER GENERATED HANDLER TABLE

__TI_handler_table @ 00010084 records: 3, size/record: 4, table size: 12
	index: 0, handler: __TI_zero_init
	index: 1, handler: __TI_decompress_lzss
	index: 2, handler: __TI_decompress_none


GLOBAL SYMBOLS: SORTED ALPHABETICALLY BY Name 

address   name                                           
-------   ----                                           
0000cfad  ADC14_IRQHandler                               
0000cfad  ADC14_IRQHandler                               
00008779  ADC14_clearInterruptFlag                       
00008321  ADC14_configureConversionMemory                
000081c9  ADC14_configureMultiSequenceMode               
0000825f  ADC14_configureSingleSampleMode                
00008459  ADC14_disableComparatorWindow                  
000082f7  ADC14_disableConversion                        
000086f7  ADC14_disableInterrupt                         
0000809d  ADC14_disableModule                            
00008677  ADC14_disableReferenceBurst                    
000080dd  ADC14_disableSampleTimer                       
000083c9  ADC14_enableComparatorWindow                   
000082b5  ADC14_enableConversion                         
000086cf  ADC14_enableInterrupt                          
00008095  ADC14_enableModule                             
00008661  ADC14_enableReferenceBurst                     
000080b3  ADC14_enableSampleTimer                        
00008743  ADC14_getEnabledInterruptStatus                
0000871f  ADC14_getInterruptStatus                       
00008581  ADC14_getMultiSequenceResult                   
00008153  ADC14_getResolution                            
00008567  ADC14_getResult                                
000085ed  ADC14_getResultArray                           
000080f3  ADC14_initModule                               
00008303  ADC14_isBusy                                   
000087a5  ADC14_registerInterrupt                        
000084b7  ADC14_setComparatorWindowValue                 
0000868d  ADC14_setPowerMode                             
00008139  ADC14_setResolution                            
0000853d  ADC14_setResultFormat                          
0000819f  ADC14_setSampleHoldTime                        
0000815d  ADC14_setSampleHoldTrigger                     
000082d5  ADC14_toggleConversionTrigger                  
000087b9  ADC14_unregisterInterrupt                      
0000f71d  AES256_IRQHandler                              
0000f71d  BusFault_Handler                               
0000f741  C$$EXIT                                        
0000f5b7  C$$IO$$                                        
0000c527  CC3100_InterruptDisable                        
0000c505  CC3100_InterruptEnable                         
0000c7cf  CC3100_UART_ISR                                
0000c4ed  CC3100_disable                                 
0000c4f9  CC3100_enable                                  
0000f485  CLI_Configure                                  
0000f459  CLI_Read                                       
0000f46f  CLI_Write                                      
0000f71d  COMP_E0_IRQHandler                             
0000f71d  COMP_E1_IRQHandler                             
0000f57f  CPU_basepriGet                                 
0000f571  CPU_basepriSet                                 
0000f54b  CPU_cpsid                                      
0000f561  CPU_cpsie                                      
0000f557  CPU_primask                                    
0000f56d  CPU_wfi                                        
0000f71d  CS_IRQHandler                                  
00005289  CS_clearInterruptFlag                          
00004b2d  CS_disableClockRequest                         
00004c13  CS_disableDCOExternalResistor                  
0000515d  CS_disableFaultCounter                         
00005247  CS_disableInterrupt                            
00004b05  CS_enableClockRequest                          
00004b75  CS_enableDCOExternalResistor                   
00005131  CS_enableFaultCounter                          
00005225  CS_enableInterrupt                             
000050c9  CS_getACLK                                     
00005089  CS_getBCLK                                     
00004d0d  CS_getDCOFrequency                             
0000526f  CS_getEnabledInterruptStatus                   
000050a5  CS_getHSMCLK                                   
00005269  CS_getInterruptStatus                          
0000510f  CS_getMCLK                                     
000050ed  CS_getSMCLK                                    
00004825  CS_initClockSignal                             
000052ab  CS_registerInterrupt                           
00005189  CS_resetFaultCounter                           
00004c31  CS_setDCOCenteredFrequency                     
00004b9d  CS_setDCOExternalResistorCalibration           
00004eb1  CS_setDCOFrequency                             
000047e9  CS_setExternalClockSourceFrequency             
00004b4f  CS_setReferenceOscillatorFrequency             
000051d5  CS_startFaultCounter                           
00004929  CS_startHFXT                                   
0000494d  CS_startHFXTWithTimeout                        
00004a11  CS_startLFXT                                   
00004a35  CS_startLFXTWithTimeout                        
00004c69  CS_tuneDCOFrequency                            
000052bf  CS_unregisterInterrupt                         
0000653d  CopyPingResultsToReport                        
0000a075  Crystalfontz128x128_Init                       
0000a189  Crystalfontz128x128_SetDrawFrame               
0000a2b7  Crystalfontz128x128_SetOrientation             
0000f71d  DMA_ERR_IRQHandler                             
0000f71d  DMA_INT0_IRQHandler                            
0000f71d  DMA_INT1_IRQHandler                            
0000f71d  DMA_INT2_IRQHandler                            
0000f71d  DMA_INT3_IRQHandler                            
0000f71d  DebugMon_Handler                               
0000f71d  Default_Handler                                
0000c779  Delay                                          
0000f44d  EUSCIA0_IRQHandler                             
0000f44d  EUSCIA0_IRQHandler                             
0000f71d  EUSCIA1_IRQHandler                             
0000f71d  EUSCIA2_IRQHandler                             
0000f71d  EUSCIA3_IRQHandler                             
0000f71d  EUSCIB0_IRQHandler                             
0000f71d  EUSCIB1_IRQHandler                             
0000f71d  EUSCIB2_IRQHandler                             
0000f71d  EUSCIB3_IRQHandler                             
00008f6f  EUSCI_A_SPI_changeClockPhasePolarity           
00009023  EUSCI_A_SPI_clearInterruptFlag                 
00009053  EUSCI_A_SPI_disable                            
00008ff1  EUSCI_A_SPI_disableInterrupt                   
0000903d  EUSCI_A_SPI_enable                             
00008fd7  EUSCI_A_SPI_enableInterrupt                    
0000900b  EUSCI_A_SPI_getInterruptStatus                 
00009069  EUSCI_A_SPI_getReceiveBufferAddressForDMA      
00009077  EUSCI_A_SPI_getTransmitBufferAddressForDMA     
00009085  EUSCI_A_SPI_isBusy                             
00008eef  EUSCI_A_SPI_masterChangeClock                  
00008fc7  EUSCI_A_SPI_receiveData                        
00008ecf  EUSCI_A_SPI_select4PinFunctionality            
00008f25  EUSCI_A_SPI_slaveInit                          
00008fb1  EUSCI_A_SPI_transmitData                       
00008da1  EUSCI_B_SPI_changeClockPhasePolarity           
00008e55  EUSCI_B_SPI_clearInterruptFlag                 
00008e85  EUSCI_B_SPI_disable                            
00008e23  EUSCI_B_SPI_disableInterrupt                   
00008e6f  EUSCI_B_SPI_enable                             
00008e09  EUSCI_B_SPI_enableInterrupt                    
00008e3d  EUSCI_B_SPI_getInterruptStatus                 
00008e9b  EUSCI_B_SPI_getReceiveBufferAddressForDMA      
00008ea9  EUSCI_B_SPI_getTransmitBufferAddressForDMA     
00008eb7  EUSCI_B_SPI_isBusy                             
00008d25  EUSCI_B_SPI_masterChangeClock                  
00008df9  EUSCI_B_SPI_receiveData                        
00008d05  EUSCI_B_SPI_select4PinFunctionality            
00008d57  EUSCI_B_SPI_slaveInit                          
00008de3  EUSCI_B_SPI_transmitData                       
0000f71d  FLCTL_IRQHandler                               
0000f71d  FPU_IRQHandler                                 
0000315f  FlashCtl_clearInterruptFlag                    
00003023  FlashCtl_clearProgramVerification              
00003135  FlashCtl_disableInterrupt                      
00002695  FlashCtl_disableReadBuffering                  
0000308d  FlashCtl_disableWordProgramming                
00003121  FlashCtl_enableInterrupt                       
00002641  FlashCtl_enableReadBuffering                   
0000305d  FlashCtl_enableWordProgramming                 
00002cc1  FlashCtl_eraseSector                           
0000314f  FlashCtl_getEnabledInterruptStatus             
00003149  FlashCtl_getInterruptStatus                    
000022c3  FlashCtl_getMemoryInfo                         
00002b25  FlashCtl_getReadMode                           
000030f3  FlashCtl_getWaitState                          
00002b4f  FlashCtl_initiateMassErase                     
00002de5  FlashCtl_initiateSectorErase                   
000027c5  FlashCtl_isSectorProtected                     
00003095  FlashCtl_isWordProgrammingEnabled              
00002b75  FlashCtl_performMassErase                      
00002e7d  FlashCtl_programMemory                         
00002765  FlashCtl_protectSector                         
00003173  FlashCtl_registerInterrupt                     
00002fe9  FlashCtl_setProgramVerification                
00002ab9  FlashCtl_setReadMode                           
000030b5  FlashCtl_setWaitState                          
000026f5  FlashCtl_unprotectSector                       
00003187  FlashCtl_unregisterInterrupt                   
00002851  FlashCtl_verifyMemory                          
0000bf8b  GPIO_clearInterruptFlag                        
0000bf4b  GPIO_disableInterrupt                          
0000bf29  GPIO_enableInterrupt                           
0000bfe3  GPIO_getEnabledInterruptStatus                 
0000befb  GPIO_getInputPinValue                          
0000bf6d  GPIO_getInterruptStatus                        
0000bfad  GPIO_interruptEdgeSelect                       
0000c0a3  GPIO_registerInterrupt                         
0000bca3  GPIO_setAsInputPin                             
0000be57  GPIO_setAsInputPinWithPullDownResistor         
0000bea9  GPIO_setAsInputPinWithPullUpResistor           
0000bc69  GPIO_setAsOutputPin                            
0000bd6d  GPIO_setAsPeripheralModuleFunctionInputPin     
0000bce9  GPIO_setAsPeripheralModuleFunctionOutputPin    
0000c05f  GPIO_setDriveStrengthHigh                      
0000c081  GPIO_setDriveStrengthLow                       
0000bdf1  GPIO_setOutputHighOnPin                        
0000be13  GPIO_setOutputLowOnPin                         
0000be35  GPIO_toggleOutputOnPin                         
0000c0c3  GPIO_unregisterInterrupt                       
0000c6c5  GetLEDStatus                                   
0000d4e9  Graphics_clearDisplay                          
0000e581  Graphics_clearDisplayOnDisplay                 
0000e4d3  Graphics_drawHorizontalLineOnDisplay           
0000baf5  Graphics_drawLine                              
0000b7d9  Graphics_drawLineH                             
0000b875  Graphics_drawLineV                             
0000e48f  Graphics_drawMultiplePixelsOnDisplay           
0000d4fb  Graphics_drawPixel                             
0000e465  Graphics_drawPixelOnDisplay                    
0000a827  Graphics_drawString                            
0000acb5  Graphics_drawStringCentered                    
0000e507  Graphics_drawVerticalLineOnDisplay             
0000e53b  Graphics_fillRectangleOnDisplay                
0000d4db  Graphics_flushBuffer                           
0000e56f  Graphics_flushOnDisplay                        
0000d4bd  Graphics_getDisplayHeight                      
0000d4ad  Graphics_getDisplayWidth                       
0000d45b  Graphics_getFontBaseline                       
0000d491  Graphics_getFontHeight                         
0000d49f  Graphics_getFontMaxWidth                       
0000d4cd  Graphics_getHeightOfDisplay                    
0000aca5  Graphics_getStringBaseline                     
0000acfd  Graphics_getStringHeight                       
0000ad0d  Graphics_getStringMaxWidth                     
0000a72d  Graphics_getStringWidth                        
0000d555  Graphics_getWidthOfDisplay                     
0000d2fd  Graphics_initContext                           
0000d411  Graphics_setBackgroundColor                    
0000d42b  Graphics_setBackgroundColorTranslated          
0000d347  Graphics_setClipRegion                         
0000d441  Graphics_setFont                               
0000d469  Graphics_setForegroundColor                    
0000d47f  Graphics_setForegroundColorTranslated          
0000e559  Graphics_translateColorOnDisplay               
0000ebe1  HAL_LCD_PortInit                               
0000ec11  HAL_LCD_SpiInit                                
0000ec47  HAL_LCD_writeCommand                           
0000ec6f  HAL_LCD_writeData                              
0000f379  HOSTtime                                       
0000f71d  HardFault_Handler                              
200009ea  IntIsMasked                                    
0000c2ab  Interrupt_disableInterrupt                     
0000c0fb  Interrupt_disableMaster                        
0000c4a9  Interrupt_disableSleepOnIsrExit                
0000c239  Interrupt_enableInterrupt                      
0000c0eb  Interrupt_enableMaster                         
0000c497  Interrupt_enableSleepOnIsrExit                 
0000c213  Interrupt_getPriority                          
0000c18b  Interrupt_getPriorityGrouping                  
0000c477  Interrupt_getPriorityMask                      
0000c491  Interrupt_getVectorTableAddress                
0000c31d  Interrupt_isEnabled                            
0000c3a9  Interrupt_pendInterrupt                        
0000c10b  Interrupt_registerInterrupt                    
0000c1c3  Interrupt_setPriority                          
0000c171  Interrupt_setPriorityGrouping                  
0000c467  Interrupt_setPriorityMask                      
0000c481  Interrupt_setVectorTableAddress                
0000c419  Interrupt_unpendInterrupt                      
0000c15d  Interrupt_unregisterInterrupt                  
200009eb  Lcd_FlagRead                                   
200009ec  Lcd_FontSolid                                  
200009ed  Lcd_Orientation                                
200009ee  Lcd_PenSolid                                   
200009e4  Lcd_ScreenHeigth                               
200009e6  Lcd_ScreenWidth                                
200009e8  Lcd_TouchTrim                                  
0000c53b  MaskIntHdlr                                    
0000f71d  MemManage_Handler                              
0000f71d  NMI_Handler                                    
0000f71d  PCM_IRQHandler                                 
0000987f  PCM_clearInterruptFlag                         
00009855  PCM_disableInterrupt                           
0000982d  PCM_disableRudeMode                            
00009841  PCM_enableInterrupt                            
0000981b  PCM_enableRudeMode                             
00009227  PCM_getCoreVoltageLevel                        
0000986f  PCM_getEnabledInterruptStatus                  
00009869  PCM_getInterruptStatus                         
000091cd  PCM_getPowerMode                               
0000980f  PCM_getPowerState                              
00009741  PCM_gotoLPM0                                   
0000975f  PCM_gotoLPM0InterruptSafe                      
0000977b  PCM_gotoLPM3                                   
000097f3  PCM_gotoLPM3InterruptSafe                      
00009715  PCM_gotoLPM4                                   
00009725  PCM_gotoLPM4InterruptSafe                      
00009893  PCM_registerInterrupt                          
0000919b  PCM_setCoreVoltageLevel                        
000091bd  PCM_setCoreVoltageLevelNonBlocking             
000091ab  PCM_setCoreVoltageLevelWithTimeout             
000093cd  PCM_setPowerMode                               
000093dd  PCM_setPowerModeNonBlocking                    
000093ed  PCM_setPowerModeWithTimeout                    
0000969f  PCM_setPowerState                              
000096c1  PCM_setPowerStateNonBlocking                   
000096af  PCM_setPowerStateWithTimeout                   
000096d1  PCM_shutdownDevice                             
000098a7  PCM_unregisterInterrupt                        
0000f71d  PORT1_IRQHandler                               
0000c7a9  PORT2_IRQHandler                               
0000c7a9  PORT2_IRQHandler                               
0000f71d  PORT3_IRQHandler                               
0000f71d  PORT4_IRQHandler                               
0000f71d  PORT5_IRQHandler                               
0000f71d  PORT6_IRQHandler                               
0000f71d  PSS_IRQHandler                                 
0000f71d  PendSV_Handler                                 
0000c777  Port1_ISR                                      
0000f71d  RTC_C_IRQHandler                               
0000b72d  RTC_C_clearInterruptFlag                       
0000b577  RTC_C_convertBCDToBinary                       
0000b58f  RTC_C_convertBinaryToBCD                       
0000b4d3  RTC_C_definePrescaleEvent                      
0000b5fd  RTC_C_disableInterrupt                         
0000b5a7  RTC_C_enableInterrupt                          
0000b405  RTC_C_getCalendarTime                          
0000b6cd  RTC_C_getEnabledInterruptStatus                
0000b665  RTC_C_getInterruptStatus                       
0000b4fb  RTC_C_getPrescaleValue                         
0000b2ef  RTC_C_holdClock                                
0000b393  RTC_C_initCalendar                             
0000b773  RTC_C_registerInterrupt                        
0000b46b  RTC_C_setCalendarAlarm                         
0000b4a3  RTC_C_setCalendarEvent                         
0000b33d  RTC_C_setCalibrationData                       
0000b30d  RTC_C_setCalibrationFrequency                  
0000b527  RTC_C_setPrescaleValue                         
0000b369  RTC_C_setTemperatureCompensation               
0000b2d1  RTC_C_startClock                               
0000b791  RTC_C_unregisterInterrupt                      
0000f711  Reset_Handler                                  
00004487  SL_FD_CLR                                      
000044ad  SL_FD_ISSET                                    
00004465  SL_FD_SET                                      
000044d5  SL_FD_ZERO                                     
000089c3  SPI_changeClockPhasePolarity                   
0000891d  SPI_changeMasterClock                          
00008b75  SPI_clearInterruptFlag                         
00008af7  SPI_disableInterrupt                           
00008a51  SPI_disableModule                              
00008ad1  SPI_enableInterrupt                            
00008a35  SPI_enableModule                               
00008b45  SPI_getEnabledInterruptStatus                  
00008b1d  SPI_getInterruptStatus                         
00008a6d  SPI_getReceiveBufferAddressForDMA              
00008a89  SPI_getTransmitBufferAddressForDMA             
00008831  SPI_initMaster                                 
00008945  SPI_initSlave                                  
00008ab5  SPI_isBusy                                     
00008a19  SPI_receiveData                                
00008b9b  SPI_registerInterrupt                          
000088f7  SPI_selectFourPinFunctionality                 
000089f3  SPI_transmitData                               
00008c59  SPI_unregisterInterrupt                        
0000f71d  SVC_Handler                                    
0000c733  SelAntenna                                     
00005803  SimpleLinkGeneralEventHandler                  
000057f5  SimpleLinkHttpServerCallback                   
000057c5  SimpleLinkNetAppEventHandler                   
0000587f  SimpleLinkSockEventHandler                     
00005739  SimpleLinkWlanEventHandler                     
0000d757  SysCtl_disableGlitchFilter                     
0000d5e7  SysCtl_disableNMISource                        
0000d6ef  SysCtl_disablePeripheralAtCPUHalt              
0000d631  SysCtl_disableSRAMBank                         
0000d6b5  SysCtl_disableSRAMBankRetention                
0000d74b  SysCtl_enableGlitchFilter                      
0000d5fb  SysCtl_enableNMISource                         
0000d6db  SysCtl_enablePeripheralAtCPUHalt               
0000d615  SysCtl_enableSRAMBank                          
0000d699  SysCtl_enableSRAMBankRetention                 
0000d5e1  SysCtl_getFlashSize                            
0000d60f  SysCtl_getNMISourceStatus                      
0000d5db  SysCtl_getSRAMSize                             
0000d565  SysCtl_getTLVInfo                              
0000d763  SysCtl_getTempCalibrationConstant              
0000d6d1  SysCtl_rebootDevice                            
0000d727  SysCtl_setWDTPasswordViolationResetType        
0000d703  SysCtl_setWDTTimeoutResetType                  
0000f71d  SysTick_Handler                                
20000ac0  SystemCoreClock                                
0000c81d  SystemCoreClockUpdate                          
0000ca95  SystemInit                                     
0000f71d  T32_INT1_IRQHandler                            
0000f71d  T32_INT2_IRQHandler                            
0000f71d  T32_INTC_IRQHandler                            
0000f71d  TA0_0_IRQHandler                               
0000f71d  TA0_N_IRQHandler                               
0000f71d  TA1_0_IRQHandler                               
0000f71d  TA1_N_IRQHandler                               
0000f71d  TA2_0_IRQHandler                               
0000f71d  TA2_N_IRQHandler                               
0000f71d  TA3_0_IRQHandler                               
0000f71d  TA3_N_IRQHandler                               
00009da7  Timer_A_clearCaptureCompareInterrupt           
00009d91  Timer_A_clearInterruptFlag                     
00009c0f  Timer_A_clearTimer                             
00009a37  Timer_A_configureContinuousMode                
00009ac5  Timer_A_configureUpDownMode                    
00009a67  Timer_A_configureUpMode                        
00009e35  Timer_A_disableCaptureCompareInterrupt         
00009de3  Timer_A_disableInterrupt                       
00009e09  Timer_A_enableCaptureCompareInterrupt          
00009dcf  Timer_A_enableInterrupt                        
00009cdb  Timer_A_generatePWM                            
00009c81  Timer_A_getCaptureCompareCount                 
00009e9d  Timer_A_getCaptureCompareEnabledInterruptStatus
00009e5d  Timer_A_getCaptureCompareInterruptStatus       
00009bc3  Timer_A_getCounterValue                        
00009e85  Timer_A_getEnabledInterruptStatus              
00009df7  Timer_A_getInterruptStatus                     
00009c53  Timer_A_getOutputForOutputModeOutBitValue      
00009c23  Timer_A_getSynchronizedCaptureCompareInput     
00009b23  Timer_A_initCapture                            
00009b75  Timer_A_initCompare                            
00009ed9  Timer_A_registerInterrupt                      
00009d65  Timer_A_setCompareValue                        
00009ca3  Timer_A_setOutputForOutputModeOutBitValue      
00009a21  Timer_A_startCounter                           
00009d51  Timer_A_stopTimer                              
00009fab  Timer_A_unregisterInterrupt                    
0000c543  UnMaskIntHdlr                                  
0000f71d  UsageFault_Handler                             
4000480c  WDTCTL_SYM                                     
0000f71d  WDT_A_IRQHandler                               
0000eb49  WDT_A_clearTimer                               
0000eb09  WDT_A_holdTimer                                
0000eb85  WDT_A_initIntervalTimer                        
0000eb69  WDT_A_initWatchdogTimer                        
0000ebb9  WDT_A_registerInterrupt                        
0000eba1  WDT_A_setPasswordViolationReset                
0000ebad  WDT_A_setTimeoutReset                          
0000eb29  WDT_A_startTimer                               
0000ebcd  WDT_A_unregisterInterrupt                      
0000dde9  _ADCInit                                       
0000de5d  _ADC_Interrupt_enable_init                     
0000ff60  _SlAcceptCmdCtrl                               
0000fde8  _SlActionLookupTable                           
00000fb1  _SlAsyncEventGenericHandler                    
0000ff64  _SlDeviceGetCmdCtrl                            
0000ff68  _SlDeviceSetCmdCtrl                            
000019c9  _SlDrvBasicCmd                                 
00001677  _SlDrvClassifyRxMsg                            
000002af  _SlDrvCmdOp                                    
0000035f  _SlDrvCmdSend                                  
000003b5  _SlDrvDataReadOp                               
000005b9  _SlDrvDataWriteOp                              
0000b251  _SlDrvDeviceEventHandler                       
000001c9  _SlDrvDriverCBDeinit                           
000000e5  _SlDrvDriverCBInit                             
0000efcb  _SlDrvFlowContDeinit                           
0000ef8d  _SlDrvFlowContInit                             
00000979  _SlDrvMsgRead                                  
00001499  _SlDrvMsgReadCmdCtx                            
00001593  _SlDrvMsgReadSpawnCtx                          
00000785  _SlDrvMsgWrite                                 
0000690d  _SlDrvNetAppEventHandler                       
00001ec1  _SlDrvObjDeInit                                
00001e45  _SlDrvObjInit                                  
00001c39  _SlDrvReleasePoolObj                           
000017c5  _SlDrvRxHdrRead                                
0000026d  _SlDrvRxIrqHandler                             
0000177d  _SlDrvShiftDWord                               
00001a31  _SlDrvWaitForPoolObj                           
0000ff6c  _SlEventMaskGetCmdCtrl                         
0000ff70  _SlEventMaskSetCmdCtrl                         
00001f9f  _SlFindAndSetActiveObj                         
0000ff74  _SlGetHostByNameCtrl                           
0000ff78  _SlGetHostByServiceCtrl                        
0000ff7c  _SlGetServiceListeCtrl                         
0000ff80  _SlGetSockOptCmdCtrl                           
0000ff84  _SlListenCmdCtrl                               
0000ff88  _SlNetAppGetCmdCtrl                            
0000ff8c  _SlNetAppSendTokenValueCmdCtrl                 
0000ff90  _SlNetAppSetCmdCtrl                            
0000ff94  _SlNetAppStartCtrl                             
0000ff98  _SlNetAppStopCtrl                              
0000ff9c  _SlNetCfgGetCmdCtrl                            
0000ffa0  _SlNetCfgSetCmdCtrl                            
0000e65d  _SlNonOsMainLoopTask                           
0000e5b1  _SlNonOsSemGet                                 
0000e599  _SlNonOsSemSet                                 
0000e60d  _SlNonOsSpawn                                  
0000ffa4  _SlPolicyGetCmdCtrl                            
0000ffa8  _SlPolicySetCmdCtrl                            
0000ffac  _SlProfileDelCmdCtrl                           
0000ffb0  _SlProfileGetCmdCtrl                           
0000ffb4  _SlRecvCmdCtrl                                 
0000ffb8  _SlRecvfomCmdCtrl                              
0000ffbc  _SlRegisterServiceCtrl                         
00001ee1  _SlRemoveFromList                              
0000ffc0  _SlRxFilterAddtCmdCtrl                         
0000ffc4  _SlRxFilterGetCmdCtrl                          
0000ffc8  _SlRxFilterSetCmdCtrl                          
0000ffcc  _SlSelectCmdCtrl                               
0000ffd0  _SlSendCmdCtrl                                 
0000ffd4  _SlSetSockOptCmdCtrl                           
0000ffd8  _SlSmartConfigStartCmdCtrl                     
0000ffdc  _SlSockCloseCmdCtrl                            
0000ffe0  _SlSockSocketCmdCtrl                           
0000ffe4  _SlStopCmdCtrl                                 
0000ffe8  _SlWlanCfgGetCmdCtrl                           
0000ffec  _SlWlanCfgSetCmdCtrl                           
0000fff0  _SlWlanGetNetworkListCtrl                      
0000fff4  _SlWlanSetModeCmdCtrl                          
20000870  __CIOBUF_                                      
0000358b  __FlashCtl_remaskBurstDataPost                 
00003471  __FlashCtl_remaskBurstDataPre                  
000032b5  __FlashCtl_remaskData32Post                    
00003399  __FlashCtl_remaskData32Pre                     
00003197  __FlashCtl_remaskData8Post                     
00003217  __FlashCtl_remaskData8Pre                      
20010000  __STACK_END                                    
00000200  __STACK_SIZE                                   
000100a0  __TI_CINIT_Base                                
000100b8  __TI_CINIT_Limit                               
00010084  __TI_Handler_Table_Base                        
00010090  __TI_Handler_Table_Limit                       
0000f409  __TI_auto_init_nobinit_nopinit                 
0000f163  __TI_decompress_lzss                           
0000f703  __TI_decompress_none                           
0000f287  __TI_ltoa                                      
ffffffff  __TI_pprof_out_hndl                            
000074dd  __TI_printfi                                   
ffffffff  __TI_prof_data_size                            
ffffffff  __TI_prof_data_start                           
0000f5c1  __TI_readmsg                                   
00000000  __TI_static_base__                             
0000f589  __TI_writemsg                                  
0000f71f  __TI_zero_init                                 
0000ee81  __aeabi_cdcmpeq                                
0000ee81  __aeabi_cdcmple                                
0000ef07  __aeabi_cdrcmple                               
0000f3c1  __aeabi_d2iz                                   
0000df0f  __aeabi_dadd                                   
0000e1f9  __aeabi_ddiv                                   
0000ea0d  __aeabi_dmul                                   
0000df05  __aeabi_dsub                                   
0000f735  __aeabi_errno_addr                             
0000f629  __aeabi_i2d                                    
0000d563  __aeabi_idiv0                                  
0000d563  __aeabi_ldiv0                                  
0000f0f5  __aeabi_ldivmod                                
0000f00d  __aeabi_memclr                                 
0000f00d  __aeabi_memclr4                                
0000f00d  __aeabi_memclr8                                
0000ed4f  __aeabi_memcpy                                 
0000ed4f  __aeabi_memcpy4                                
0000ed4f  __aeabi_memcpy8                                
0000f00f  __aeabi_memset                                 
0000f00f  __aeabi_memset4                                
0000f00f  __aeabi_memset8                                
0000f48d  __aeabi_uidiv                                  
0000f48d  __aeabi_uidivmod                               
0000edeb  __aeabi_uldivmod                               
ffffffff  __binit__                                      
ffffffff  __c_args__                                     
0000e331  __localtime32                                  
0000cb51  __mktime32                                     
UNDEFED   __mpu_init                                     
2000fe00  __stack                                        
20000000  __start___llvm_prf_cnts                        
20000000  __stop___llvm_prf_cnts                         
0000f6f5  __time32                                       
0000de73  _accelSensorInit                               
0000dee1  _buttonInit                                    
0000ded3  _buzzerInit                                    
0000f5f5  _c_int00_noargs                                
0000fa3c  _ctypes_                                       
0000dea3  _graphicsInit                                  
0000dd4d  _hwInit                                        
0000de8b  _joystickInit                                  
20000ab0  _lock                                          
00007f2b  _nop                                           
0000dd9f  _realTimeClockInit                             
000036b1  _sl_BuildAddress                               
0000ad1d  _sl_GetStartResponseConvert                    
000040c5  _sl_HandleAsync_Accept                         
00003cbf  _sl_HandleAsync_Connect                        
00006327  _sl_HandleAsync_DnsGetHostByAddr               
00006475  _sl_HandleAsync_DnsGetHostByName               
00006259  _sl_HandleAsync_DnsGetHostByService            
0000ae81  _sl_HandleAsync_InitComplete                   
00006579  _sl_HandleAsync_PingResponse                   
000044ed  _sl_HandleAsync_Select                         
0000af33  _sl_HandleAsync_Stop                           
000037c9  _sl_ParseAddress                               
00003701  _sl_TruncatePayloadByProtocol                  
UNDEFED   _system_post_cinit                             
0000f73d  _system_pre_init                               
20000a84  _tz                                            
20000ab4  _unlock                                        
0000f741  abort                                          
0000f32d  atoi                                           
ffffffff  binit                                          
0000ce61  buzzerPlay                                     
0000c557  clear_rts                                      
00005413  communicateServer                              
20000a94  compareConfig_PWM                              
0000f673  copysign                                       
0000f673  copysignl                                      
0000dbb3  delay                                          
0000dbd3  delayWithCountDown                             
0000dc21  displayRealTimeClock                           
0000db8d  draw                                           
20000abc  errno                                          
0000cfd7  fallDetected                                   
0000f1cd  frexp                                          
0000f1cd  frexpl                                         
20000aac  gFirstCmdMode                                  
200000e4  g_AppData                                      
0000ff10  g_H2NCnysPattern                               
0000ff18  g_H2NSyncPattern                               
2000070c  g_StatMem                                      
20000ac4  g_Status                                       
20000990  g__SlNonOsCB                                   
20000aa4  g_pCB                                          
20000000  g_pfnRAMVectors                                
200009b8  g_sContext                                     
0000fe4c  g_sCrystalfontz128x128                         
0000fb40  g_sFontFixed6x8                                
0000c6ff  initAntSelGPIO                                 
0000c563  initClk                                        
0000c5d7  initLEDs                                       
00000000  interruptVectors                               
0000dc6d  lcd_AutoOrient                                 
0000e8fd  ldexp                                          
0000e8fd  ldexpl                                         
0000e331  localtime                                      
0000cdf1  main                                           
0000f657  memccpy                                        
0000ed4f  memcpy                                         
0000f015  memset                                         
0000cb51  mktime                                         
20000ab8  pIraEventHandler                               
20000aa8  pPingCallBackFunc                              
200009dc  parmbuf                                        
0000c4d9  registerInterruptHandler                       
0000e8fd  scalbn                                         
0000e8fd  scalbnl                                        
0000c54b  set_rts                                        
00003ec1  sl_Accept                                      
000038a3  sl_Bind                                        
00003879  sl_Close                                       
00003b69  sl_Connect                                     
0000b14d  sl_DevGet                                      
0000b1eb  sl_DevSet                                      
0000b119  sl_EventMaskGet                                
0000b0df  sl_EventMaskSet                                
00004245  sl_GetSockOpt                                  
00004043  sl_Htonl                                       
00004085  sl_Htons                                       
00003e81  sl_Listen                                      
00006335  sl_NetAppDnsGetHostByName                      
00006129  sl_NetAppDnsGetHostByService                   
0000687d  sl_NetAppGet                                   
00005f29  sl_NetAppGetServiceList                        
000060ad  sl_NetAppMDNSRegisterService                   
00005ff9  sl_NetAppMDNSRegisterUnregisterService         
000060e9  sl_NetAppMDNSUnRegisterService                 
0000663d  sl_NetAppPingStart                             
00006819  sl_NetAppSendTokenValue                        
000067ad  sl_NetAppSet                                   
00005ee1  sl_NetAppStart                                 
00005f05  sl_NetAppStop                                  
0000e853  sl_NetCfgGet                                   
0000e7ed  sl_NetCfgSet                                   
0000415d  sl_Recv                                        
00003a47  sl_RecvFrom                                    
000042df  sl_Select                                      
00003d71  sl_Send                                        
0000392b  sl_SendTo                                      
000041d9  sl_SetSockOpt                                  
00003823  sl_Socket                                      
0000ad7d  sl_Start                                       
0000afb7  sl_Stop                                        
0000ad75  sl_Task                                        
00006a1d  sl_WlanConnect                                 
00006c55  sl_WlanDisconnect                              
00007425  sl_WlanGet                                     
000070ed  sl_WlanGetNetworkList                          
00006cc9  sl_WlanPolicyGet                               
00006c61  sl_WlanPolicySet                               
00006d6d  sl_WlanProfileAdd                              
000070bf  sl_WlanProfileDel                              
00006fdd  sl_WlanProfileGet                              
0000715f  sl_WlanRxFilterAdd                             
00007221  sl_WlanRxFilterGet                             
000071cd  sl_WlanRxFilterSet                             
000072af  sl_WlanRxStatGet                               
00007297  sl_WlanRxStatStart                             
000072a3  sl_WlanRxStatStop                              
000073b1  sl_WlanSet                                     
00007381  sl_WlanSetMode                                 
000072f5  sl_WlanSmartConfigStart                        
000072e5  sl_WlanSmartConfigStop                         
0000d7a9  spi_Close                                      
0000d7b5  spi_Open                                       
0000d901  spi_Read                                       
0000d8a7  spi_Write                                      
0000f4cd  sprintf                                        
0000cead  startFallAlert                                 
0000cf6b  startSOS                                       
0000ce33  startUp                                        
0000c5cd  stopWDT                                        
0000f6a5  strchr                                         
0000f6bb  strcpy                                         
0000f6cf  strlen                                         
0000f6f5  time                                           
0000c691  toggleLed                                      
0000c65d  turnLedOff                                     
0000c629  turnLedOn                                      
0000fed0  upConfig                                       
0000f6e3  wcslen                                         
00005305  wifi_start                                     


GLOBAL SYMBOLS: SORTED BY Symbol Address 

address   name                                           
-------   ----                                           
00000000  __TI_static_base__                             
00000000  interruptVectors                               
000000e5  _SlDrvDriverCBInit                             
000001c9  _SlDrvDriverCBDeinit                           
00000200  __STACK_SIZE                                   
0000026d  _SlDrvRxIrqHandler                             
000002af  _SlDrvCmdOp                                    
0000035f  _SlDrvCmdSend                                  
000003b5  _SlDrvDataReadOp                               
000005b9  _SlDrvDataWriteOp                              
00000785  _SlDrvMsgWrite                                 
00000979  _SlDrvMsgRead                                  
00000fb1  _SlAsyncEventGenericHandler                    
00001499  _SlDrvMsgReadCmdCtx                            
00001593  _SlDrvMsgReadSpawnCtx                          
00001677  _SlDrvClassifyRxMsg                            
0000177d  _SlDrvShiftDWord                               
000017c5  _SlDrvRxHdrRead                                
000019c9  _SlDrvBasicCmd                                 
00001a31  _SlDrvWaitForPoolObj                           
00001c39  _SlDrvReleasePoolObj                           
00001e45  _SlDrvObjInit                                  
00001ec1  _SlDrvObjDeInit                                
00001ee1  _SlRemoveFromList                              
00001f9f  _SlFindAndSetActiveObj                         
000022c3  FlashCtl_getMemoryInfo                         
00002641  FlashCtl_enableReadBuffering                   
00002695  FlashCtl_disableReadBuffering                  
000026f5  FlashCtl_unprotectSector                       
00002765  FlashCtl_protectSector                         
000027c5  FlashCtl_isSectorProtected                     
00002851  FlashCtl_verifyMemory                          
00002ab9  FlashCtl_setReadMode                           
00002b25  FlashCtl_getReadMode                           
00002b4f  FlashCtl_initiateMassErase                     
00002b75  FlashCtl_performMassErase                      
00002cc1  FlashCtl_eraseSector                           
00002de5  FlashCtl_initiateSectorErase                   
00002e7d  FlashCtl_programMemory                         
00002fe9  FlashCtl_setProgramVerification                
00003023  FlashCtl_clearProgramVerification              
0000305d  FlashCtl_enableWordProgramming                 
0000308d  FlashCtl_disableWordProgramming                
00003095  FlashCtl_isWordProgrammingEnabled              
000030b5  FlashCtl_setWaitState                          
000030f3  FlashCtl_getWaitState                          
00003121  FlashCtl_enableInterrupt                       
00003135  FlashCtl_disableInterrupt                      
00003149  FlashCtl_getInterruptStatus                    
0000314f  FlashCtl_getEnabledInterruptStatus             
0000315f  FlashCtl_clearInterruptFlag                    
00003173  FlashCtl_registerInterrupt                     
00003187  FlashCtl_unregisterInterrupt                   
00003197  __FlashCtl_remaskData8Post                     
00003217  __FlashCtl_remaskData8Pre                      
000032b5  __FlashCtl_remaskData32Post                    
00003399  __FlashCtl_remaskData32Pre                     
00003471  __FlashCtl_remaskBurstDataPre                  
0000358b  __FlashCtl_remaskBurstDataPost                 
000036b1  _sl_BuildAddress                               
00003701  _sl_TruncatePayloadByProtocol                  
000037c9  _sl_ParseAddress                               
00003823  sl_Socket                                      
00003879  sl_Close                                       
000038a3  sl_Bind                                        
0000392b  sl_SendTo                                      
00003a47  sl_RecvFrom                                    
00003b69  sl_Connect                                     
00003cbf  _sl_HandleAsync_Connect                        
00003d71  sl_Send                                        
00003e81  sl_Listen                                      
00003ec1  sl_Accept                                      
00004043  sl_Htonl                                       
00004085  sl_Htons                                       
000040c5  _sl_HandleAsync_Accept                         
0000415d  sl_Recv                                        
000041d9  sl_SetSockOpt                                  
00004245  sl_GetSockOpt                                  
000042df  sl_Select                                      
00004465  SL_FD_SET                                      
00004487  SL_FD_CLR                                      
000044ad  SL_FD_ISSET                                    
000044d5  SL_FD_ZERO                                     
000044ed  _sl_HandleAsync_Select                         
000047e9  CS_setExternalClockSourceFrequency             
00004825  CS_initClockSignal                             
00004929  CS_startHFXT                                   
0000494d  CS_startHFXTWithTimeout                        
00004a11  CS_startLFXT                                   
00004a35  CS_startLFXTWithTimeout                        
00004b05  CS_enableClockRequest                          
00004b2d  CS_disableClockRequest                         
00004b4f  CS_setReferenceOscillatorFrequency             
00004b75  CS_enableDCOExternalResistor                   
00004b9d  CS_setDCOExternalResistorCalibration           
00004c13  CS_disableDCOExternalResistor                  
00004c31  CS_setDCOCenteredFrequency                     
00004c69  CS_tuneDCOFrequency                            
00004d0d  CS_getDCOFrequency                             
00004eb1  CS_setDCOFrequency                             
00005089  CS_getBCLK                                     
000050a5  CS_getHSMCLK                                   
000050c9  CS_getACLK                                     
000050ed  CS_getSMCLK                                    
0000510f  CS_getMCLK                                     
00005131  CS_enableFaultCounter                          
0000515d  CS_disableFaultCounter                         
00005189  CS_resetFaultCounter                           
000051d5  CS_startFaultCounter                           
00005225  CS_enableInterrupt                             
00005247  CS_disableInterrupt                            
00005269  CS_getInterruptStatus                          
0000526f  CS_getEnabledInterruptStatus                   
00005289  CS_clearInterruptFlag                          
000052ab  CS_registerInterrupt                           
000052bf  CS_unregisterInterrupt                         
00005305  wifi_start                                     
00005413  communicateServer                              
00005739  SimpleLinkWlanEventHandler                     
000057c5  SimpleLinkNetAppEventHandler                   
000057f5  SimpleLinkHttpServerCallback                   
00005803  SimpleLinkGeneralEventHandler                  
0000587f  SimpleLinkSockEventHandler                     
00005ee1  sl_NetAppStart                                 
00005f05  sl_NetAppStop                                  
00005f29  sl_NetAppGetServiceList                        
00005ff9  sl_NetAppMDNSRegisterUnregisterService         
000060ad  sl_NetAppMDNSRegisterService                   
000060e9  sl_NetAppMDNSUnRegisterService                 
00006129  sl_NetAppDnsGetHostByService                   
00006259  _sl_HandleAsync_DnsGetHostByService            
00006327  _sl_HandleAsync_DnsGetHostByAddr               
00006335  sl_NetAppDnsGetHostByName                      
00006475  _sl_HandleAsync_DnsGetHostByName               
0000653d  CopyPingResultsToReport                        
00006579  _sl_HandleAsync_PingResponse                   
0000663d  sl_NetAppPingStart                             
000067ad  sl_NetAppSet                                   
00006819  sl_NetAppSendTokenValue                        
0000687d  sl_NetAppGet                                   
0000690d  _SlDrvNetAppEventHandler                       
00006a1d  sl_WlanConnect                                 
00006c55  sl_WlanDisconnect                              
00006c61  sl_WlanPolicySet                               
00006cc9  sl_WlanPolicyGet                               
00006d6d  sl_WlanProfileAdd                              
00006fdd  sl_WlanProfileGet                              
000070bf  sl_WlanProfileDel                              
000070ed  sl_WlanGetNetworkList                          
0000715f  sl_WlanRxFilterAdd                             
000071cd  sl_WlanRxFilterSet                             
00007221  sl_WlanRxFilterGet                             
[...]
0000c0c3  GPIO_unregisterInterrupt                       
0000c0eb  Interrupt_enableMaster                         
0000c0fb  Interrupt_disableMaster                        
0000c10b  Interrupt_registerInterrupt                    
0000c15d  Interrupt_unregisterInterrupt                  
0000c171  Interrupt_setPriorityGrouping                  
0000c18b  Interrupt_getPriorityGrouping                  
0000c1c3  Interrupt_setPriority                          
0000c213  Interrupt_getPriority                          
0000c239  Interrupt_enableInterrupt                      
0000c2ab  Interrupt_disableInterrupt                     
0000c31d  Interrupt_isEnabled                            
0000c3a9  Interrupt_pendInterrupt                        
0000c419  Interrupt_unpendInterrupt                      
0000c467  Interrupt_setPriorityMask                      
0000c477  Interrupt_getPriorityMask                      
0000c481  Interrupt_setVectorTableAddress                
0000c491  Interrupt_getVectorTableAddress                
0000c497  Interrupt_enableSleepOnIsrExit                 
0000c4a9  Interrupt_disableSleepOnIsrExit                
0000c4d9  registerInterruptHandler                       
0000c4ed  CC3100_disable                                 
0000c4f9  CC3100_enable                                  
0000c505  CC3100_InterruptEnable                         
0000c527  CC3100_InterruptDisable                        
0000c53b  MaskIntHdlr                                    
0000c543  UnMaskIntHdlr                                  
0000c54b  set_rts                                        
0000c557  clear_rts                                      
0000c563  initClk                                        
0000c5cd  stopWDT                                        
0000c5d7  initLEDs                                       
0000c629  turnLedOn                                      
0000c65d  turnLedOff                                     
0000c691  toggleLed                                      
0000c6c5  GetLEDStatus                                   
0000c6ff  initAntSelGPIO                                 
0000c733  SelAntenna                                     
0000c777  Port1_ISR                                      
0000c779  Delay                                          
0000c7a9  PORT2_IRQHandler                               
0000c7a9  PORT2_IRQHandler                               
0000c7cf  CC3100_UART_ISR                                
0000c81d  SystemCoreClockUpdate                          
0000ca95  SystemInit                                     
0000cb51  __mktime32                                     
0000cb51  mktime                                         
0000cdf1  main                                           
0000ce33  startUp                                        
0000ce61  buzzerPlay                                     
0000cead  startFallAlert                                 
0000cf6b  startSOS                                       
0000cfad  ADC14_IRQHandler                               
0000cfad  ADC14_IRQHandler                               
0000cfd7  fallDetected                                   
0000d2fd  Graphics_initContext                           
0000d347  Graphics_setClipRegion                         
0000d411  Graphics_setBackgroundColor                    
0000d42b  Graphics_setBackgroundColorTranslated          
0000d441  Graphics_setFont                               
0000d45b  Graphics_getFontBaseline                       
0000d469  Graphics_setForegroundColor                    
0000d47f  Graphics_setForegroundColorTranslated          
0000d491  Graphics_getFontHeight                         
0000d49f  Graphics_getFontMaxWidth                       
0000d4ad  Graphics_getDisplayWidth                       
0000d4bd  Graphics_getDisplayHeight                      
0000d4cd  Graphics_getHeightOfDisplay                    
0000d4db  Graphics_flushBuffer                           
0000d4e9  Graphics_clearDisplay                          
0000d4fb  Graphics_drawPixel                             
0000d555  Graphics_getWidthOfDisplay                     
0000d563  __aeabi_idiv0                                  
0000d563  __aeabi_ldiv0                                  
0000d565  SysCtl_getTLVInfo                              
0000d5db  SysCtl_getSRAMSize                             
0000d5e1  SysCtl_getFlashSize                            
0000d5e7  SysCtl_disableNMISource                        
0000d5fb  SysCtl_enableNMISource                         
0000d60f  SysCtl_getNMISourceStatus                      
0000d615  SysCtl_enableSRAMBank                          
0000d631  SysCtl_disableSRAMBank                         
0000d699  SysCtl_enableSRAMBankRetention                 
0000d6b5  SysCtl_disableSRAMBankRetention                
0000d6d1  SysCtl_rebootDevice                            
0000d6db  SysCtl_enablePeripheralAtCPUHalt               
0000d6ef  SysCtl_disablePeripheralAtCPUHalt              
0000d703  SysCtl_setWDTTimeoutResetType                  
0000d727  SysCtl_setWDTPasswordViolationResetType        
0000d74b  SysCtl_enableGlitchFilter                      
0000d757  SysCtl_disableGlitchFilter                     
0000d763  SysCtl_getTempCalibrationConstant              
0000d7a9  spi_Close                                      
0000d7b5  spi_Open                                       
0000d8a7  spi_Write                                      
0000d901  spi_Read                                       
0000db8d  draw                                           
0000dbb3  delay                                          
0000dbd3  delayWithCountDown                             
0000dc21  displayRealTimeClock                           
0000dc6d  lcd_AutoOrient                                 
0000dd4d  _hwInit                                        
0000dd9f  _realTimeClockInit                             
0000dde9  _ADCInit                                       
0000de5d  _ADC_Interrupt_enable_init                     
0000de73  _accelSensorInit                               
0000de8b  _joystickInit                                  
0000dea3  _graphicsInit                                  
0000ded3  _buzzerInit                                    
0000dee1  _buttonInit                                    
0000df05  __aeabi_dsub                                   
0000df0f  __aeabi_dadd                                   
0000e1f9  __aeabi_ddiv                                   
0000e331  __localtime32                                  
0000e331  localtime                                      
0000e465  Graphics_drawPixelOnDisplay                    
0000e48f  Graphics_drawMultiplePixelsOnDisplay           
0000e4d3  Graphics_drawHorizontalLineOnDisplay           
0000e507  Graphics_drawVerticalLineOnDisplay             
0000e53b  Graphics_fillRectangleOnDisplay                
0000e559  Graphics_translateColorOnDisplay               
0000e56f  Graphics_flushOnDisplay                        
0000e581  Graphics_clearDisplayOnDisplay                 
0000e599  _SlNonOsSemSet                                 
0000e5b1  _SlNonOsSemGet                                 
0000e60d  _SlNonOsSpawn                                  
0000e65d  _SlNonOsMainLoopTask                           
0000e7ed  sl_NetCfgSet                                   
0000e853  sl_NetCfgGet                                   
0000e8fd  ldexp                                          
0000e8fd  ldexpl                                         
0000e8fd  scalbn                                         
0000e8fd  scalbnl                                        
0000ea0d  __aeabi_dmul                                   
0000eb09  WDT_A_holdTimer                                
0000eb29  WDT_A_startTimer                               
0000eb49  WDT_A_clearTimer                               
0000eb69  WDT_A_initWatchdogTimer                        
0000eb85  WDT_A_initIntervalTimer                        
0000eba1  WDT_A_setPasswordViolationReset                
0000ebad  WDT_A_setTimeoutReset                          
0000ebb9  WDT_A_registerInterrupt                        
0000ebcd  WDT_A_unregisterInterrupt                      
0000ebe1  HAL_LCD_PortInit                               
0000ec11  HAL_LCD_SpiInit                                
0000ec47  HAL_LCD_writeCommand                           
0000ec6f  HAL_LCD_writeData                              
0000ed4f  __aeabi_memcpy                                 
0000ed4f  __aeabi_memcpy4                                
0000ed4f  __aeabi_memcpy8                                
0000ed4f  memcpy                                         
0000edeb  __aeabi_uldivmod                               
0000ee81  __aeabi_cdcmpeq                                
0000ee81  __aeabi_cdcmple                                
0000ef07  __aeabi_cdrcmple                               
0000ef8d  _SlDrvFlowContInit                             
0000efcb  _SlDrvFlowContDeinit                           
0000f00d  __aeabi_memclr                                 
0000f00d  __aeabi_memclr4                                
0000f00d  __aeabi_memclr8                                
0000f00f  __aeabi_memset                                 
0000f00f  __aeabi_memset4                                
0000f00f  __aeabi_memset8                                
0000f015  memset                                         
0000f0f5  __aeabi_ldivmod                                
0000f163  __TI_decompress_lzss                           
0000f1cd  frexp                                          
0000f1cd  frexpl                                         
0000f287  __TI_ltoa                                      
0000f32d  atoi                                           
0000f379  HOSTtime                                       
0000f3c1  __aeabi_d2iz                                   
0000f409  __TI_auto_init_nobinit_nopinit                 
0000f44d  EUSCIA0_IRQHandler                             
0000f44d  EUSCIA0_IRQHandler                             
0000f459  CLI_Read                                       
0000f46f  CLI_Write                                      
0000f485  CLI_Configure                                  
0000f48d  __aeabi_uidiv                                  
0000f48d  __aeabi_uidivmod                               
0000f4cd  sprintf                                        
0000f54b  CPU_cpsid                                      
0000f557  CPU_primask                                    
0000f561  CPU_cpsie                                      
0000f56d  CPU_wfi                                        
0000f571  CPU_basepriSet                                 
0000f57f  CPU_basepriGet                                 
0000f589  __TI_writemsg                                  
0000f5b7  C$$IO$$                                        
0000f5c1  __TI_readmsg                                   
0000f5f5  _c_int00_noargs                                
0000f629  __aeabi_i2d                                    
0000f657  memccpy                                        
0000f673  copysign                                       
0000f673  copysignl                                      
0000f6a5  strchr                                         
0000f6bb  strcpy                                         
0000f6cf  strlen                                         
0000f6e3  wcslen                                         
0000f6f5  __time32                                       
0000f6f5  time                                           
0000f703  __TI_decompress_none                           
0000f711  Reset_Handler                                  
0000f71d  AES256_IRQHandler                              
0000f71d  BusFault_Handler                               
0000f71d  COMP_E0_IRQHandler                             
0000f71d  COMP_E1_IRQHandler                             
0000f71d  CS_IRQHandler                                  
0000f71d  DMA_ERR_IRQHandler                             
0000f71d  DMA_INT0_IRQHandler                            
0000f71d  DMA_INT1_IRQHandler                            
0000f71d  DMA_INT2_IRQHandler                            
0000f71d  DMA_INT3_IRQHandler                            
0000f71d  DebugMon_Handler                               
0000f71d  Default_Handler                                
0000f71d  EUSCIA1_IRQHandler                             
0000f71d  EUSCIA2_IRQHandler                             
0000f71d  EUSCIA3_IRQHandler                             
0000f71d  EUSCIB0_IRQHandler                             
0000f71d  EUSCIB1_IRQHandler                             
0000f71d  EUSCIB2_IRQHandler                             
0000f71d  EUSCIB3_IRQHandler                             
0000f71d  FLCTL_IRQHandler                               
0000f71d  FPU_IRQHandler                                 
0000f71d  HardFault_Handler                              
0000f71d  MemManage_Handler                              
0000f71d  NMI_Handler                                    
0000f71d  PCM_IRQHandler                                 
0000f71d  PORT1_IRQHandler                               
0000f71d  PORT3_IRQHandler                               
0000f71d  PORT4_IRQHandler                               
0000f71d  PORT5_IRQHandler                               
0000f71d  PORT6_IRQHandler                               
0000f71d  PSS_IRQHandler                                 
0000f71d  PendSV_Handler                                 
0000f71d  RTC_C_IRQHandler                               
0000f71d  SVC_Handler                                    
0000f71d  SysTick_Handler                                
0000f71d  T32_INT1_IRQHandler                            
0000f71d  T32_INT2_IRQHandler                            
0000f71d  T32_INTC_IRQHandler                            
0000f71d  TA0_0_IRQHandler                               
0000f71d  TA0_N_IRQHandler                               
0000f71d  TA1_0_IRQHandler                               
0000f71d  TA1_N_IRQHandler                               
0000f71d  TA2_0_IRQHandler                               
0000f71d  TA2_N_IRQHandler                               
0000f71d  TA3_0_IRQHandler                               
0000f71d  TA3_N_IRQHandler                               
0000f71d  UsageFault_Handler                             
0000f71d  WDT_A_IRQHandler                               
0000f71f  __TI_zero_init                                 
0000f735  __aeabi_errno_addr                             
0000f73d  _system_pre_init                               
0000f741  C$$EXIT                                        
0000f741  abort                                          
0000fa3c  _ctypes_                                       
0000fb40  g_sFontFixed6x8                                
0000fde8  _SlActionLookupTable                           
0000fe4c  g_sCrystalfontz128x128                         
0000fed0  upConfig                                       
0000ff10  g_H2NCnysPattern                               
0000ff18  g_H2NSyncPattern                               
0000ff60  _SlAcceptCmdCtrl                               
0000ff64  _SlDeviceGetCmdCtrl                            
0000ff68  _SlDeviceSetCmdCtrl                            
0000ff6c  _SlEventMaskGetCmdCtrl                         
0000ff70  _SlEventMaskSetCmdCtrl                         
0000ff74  _SlGetHostByNameCtrl                           
0000ff78  _SlGetHostByServiceCtrl                        
0000ff7c  _SlGetServiceListeCtrl                         
0000ff80  _SlGetSockOptCmdCtrl                           
0000ff84  _SlListenCmdCtrl                               
0000ff88  _SlNetAppGetCmdCtrl                            
0000ff8c  _SlNetAppSendTokenValueCmdCtrl                 
0000ff90  _SlNetAppSetCmdCtrl                            
0000ff94  _SlNetAppStartCtrl                             
0000ff98  _SlNetAppStopCtrl                              
0000ff9c  _SlNetCfgGetCmdCtrl                            
0000ffa0  _SlNetCfgSetCmdCtrl                            
0000ffa4  _SlPolicyGetCmdCtrl                            
0000ffa8  _SlPolicySetCmdCtrl                            
0000ffac  _SlProfileDelCmdCtrl                           
0000ffb0  _SlProfileGetCmdCtrl                           
0000ffb4  _SlRecvCmdCtrl                                 
0000ffb8  _SlRecvfomCmdCtrl                              
0000ffbc  _SlRegisterServiceCtrl                         
0000ffc0  _SlRxFilterAddtCmdCtrl                         
0000ffc4  _SlRxFilterGetCmdCtrl                          
0000ffc8  _SlRxFilterSetCmdCtrl                          
0000ffcc  _SlSelectCmdCtrl                               
0000ffd0  _SlSendCmdCtrl                                 
0000ffd4  _SlSetSockOptCmdCtrl                           
0000ffd8  _SlSmartConfigStartCmdCtrl                     
0000ffdc  _SlSockCloseCmdCtrl                            
0000ffe0  _SlSockSocketCmdCtrl                           
0000ffe4  _SlStopCmdCtrl                                 
0000ffe8  _SlWlanCfgGetCmdCtrl                           
0000ffec  _SlWlanCfgSetCmdCtrl                           
0000fff0  _SlWlanGetNetworkListCtrl                      
0000fff4  _SlWlanSetModeCmdCtrl                          
00010084  __TI_Handler_Table_Base                        
00010090  __TI_Handler_Table_Limit                       
000100a0  __TI_CINIT_Base                                
000100b8  __TI_CINIT_Limit                               
20000000  __start___llvm_prf_cnts                        
20000000  __stop___llvm_prf_cnts                         
20000000  g_pfnRAMVectors                                
200000e4  g_AppData                                      
2000070c  g_StatMem                                      
20000870  __CIOBUF_                                      
20000990  g__SlNonOsCB                                   
200009b8  g_sContext                                     
200009dc  parmbuf                                        
200009e4  Lcd_ScreenHeigth                               
200009e6  Lcd_ScreenWidth                                
200009e8  Lcd_TouchTrim                                  
200009ea  IntIsMasked                                    
200009eb  Lcd_FlagRead                                   
200009ec  Lcd_FontSolid                                  
200009ed  Lcd_Orientation                                
200009ee  Lcd_PenSolid                                   
20000a84  _tz                                            
20000a94  compareConfig_PWM                              
20000aa4  g_pCB                                          
20000aa8  pPingCallBackFunc                              
20000aac  gFirstCmdMode                                  
20000ab0  _lock                                          
20000ab4  _unlock                                        
20000ab8  pIraEventHandler                               
20000abc  errno                                          
20000ac0  SystemCoreClock                                
20000ac4  g_Status                                       
2000fe00  __stack                                        
20010000  __STACK_END                                    
4000480c  WDTCTL_SYM                                     
ffffffff  __TI_pprof_out_hndl                            
ffffffff  __TI_prof_data_size                            
ffffffff  __TI_prof_data_start                           
ffffffff  __binit__                                      
ffffffff  __c_args__                                     
ffffffff  binit                                          
UNDEFED   __mpu_init                                     
UNDEFED   _system_post_cinit                             

[706 symbols]
