<?xml version="1.0" encoding="ISO-8859-1" ?>
<link_info>
   <banner>TI ARM Linker Unix v20.2.5.LTS</banner>
   <copyright>Copyright (c) 1996-2018 Texas Instruments Incorporated</copyright>
   <link_time>0x61a77dd1</link_time>
   <link_errors>0x0</link_errors>
   <output_file>Erik_FallDetector_Calib.out</output_file>
   <entry_point>
      <name>_c_int00_noargs</name>
      <address>0xa2e9</address>
   </entry_point>
   <input_file_list>
      <input_file id="fl-2">
         <path>./</path>
         <kind>object</kind>
         <file>main.obj</file>
         <name>main.obj</name>
      </input_file>
      <input_file id="fl-3">
         <path>./</path>
         <kind>object</kind>
         <file>startup_msp432p401r_ccs.obj</file>
         <name>startup_msp432p401r_ccs.obj</name>
      </input_file>
      <input_file id="fl-4">
         <path>./</path>
         <kind>object</kind>
         <file>system_msp432p401r.obj</file>
         <name>system_msp432p401r.obj</name>
      </input_file>
      <input_file id="fl-5">
         <path>./Lib/</path>
         <kind>object</kind>
         <file>ESP8266.obj</file>
         <name>ESP8266.obj</name>
      </input_file>
      <input_file id="fl-6">
         <path>./Lib/</path>
         <kind>object</kind>
         <file>MSPIO.obj</file>
         <name>MSPIO.obj</name>
      </input_file>
      <input_file id="fl-7">
         <path>./Lib/</path>
         <kind>object</kind>
         <file>UART_Driver.obj</file>
         <name>UART_Driver.obj</name>
      </input_file>
      <input_file id="fl-8">
         <path>./Lib/</path>
         <kind>object</kind>
         <file>data_collector.obj</file>
         <name>data_collector.obj</name>
      </input_file>
      <input_file id="fl-9">
         <path>./Lib/</path>
         <kind>object</kind>
         <file>hardware_init.obj</file>
         <name>hardware_init.obj</name>
      </input_file>
      <input_file id="fl-a">
         <path>./Lib/</path>
         <kind>object</kind>
         <file>set_accelerometer.obj</file>
         <name>set_accelerometer.obj</name>
      </input_file>
      <input_file id="fl-b">
         <path>./Lib/</path>
         <kind>object</kind>
         <file>uart_driver.obj</file>
         <name>uart_driver.obj</name>
      </input_file>
      <input_file id="fl-c">
         <path>./Lib/</path>
         <kind>object</kind>
         <file>utils.obj</file>
         <name>utils.obj</name>
      </input_file>
      <input_file id="fl-d">
         <path>./Lib/GrLib/fonts/</path>
         <kind>object</kind>
         <file>fontfixed6x8.obj</file>
         <name>fontfixed6x8.obj</name>
      </input_file>
      <input_file id="fl-e">
         <path>./Lib/GrLib/grlib/</path>
         <kind>object</kind>
         <file>button.obj</file>
         <name>button.obj</name>
      </input_file>
      <input_file id="fl-f">
         <path>./Lib/GrLib/grlib/</path>
         <kind>object</kind>
         <file>checkbox.obj</file>
         <name>checkbox.obj</name>
      </input_file>
      <input_file id="fl-10">
         <path>./Lib/GrLib/grlib/</path>
         <kind>object</kind>
         <file>circle.obj</file>
         <name>circle.obj</name>
      </input_file>
      <input_file id="fl-11">
         <path>./Lib/GrLib/grlib/</path>
         <kind>object</kind>
         <file>context.obj</file>
         <name>context.obj</name>
      </input_file>
      <input_file id="fl-12">
         <path>./Lib/GrLib/grlib/</path>
         <kind>object</kind>
         <file>display.obj</file>
         <name>display.obj</name>
      </input_file>
      <input_file id="fl-13">
         <path>./Lib/GrLib/grlib/</path>
         <kind>object</kind>
         <file>image.obj</file>
         <name>image.obj</name>
      </input_file>
      <input_file id="fl-14">
         <path>./Lib/GrLib/grlib/</path>
         <kind>object</kind>
         <file>imageButton.obj</file>
         <name>imageButton.obj</name>
      </input_file>
      <input_file id="fl-15">
         <path>./Lib/GrLib/grlib/</path>
         <kind>object</kind>
         <file>line.obj</file>
         <name>line.obj</name>
      </input_file>
      <input_file id="fl-16">
         <path>./Lib/GrLib/grlib/</path>
         <kind>object</kind>
         <file>radioButton.obj</file>
         <name>radioButton.obj</name>
      </input_file>
      <input_file id="fl-17">
         <path>./Lib/GrLib/grlib/</path>
         <kind>object</kind>
         <file>rectangle.obj</file>
         <name>rectangle.obj</name>
      </input_file>
      <input_file id="fl-18">
         <path>./Lib/GrLib/grlib/</path>
         <kind>object</kind>
         <file>string.obj</file>
         <name>string.obj</name>
      </input_file>
      <input_file id="fl-19">
         <path>./Lib/LcdDriver/</path>
         <kind>object</kind>
         <file>Crystalfontz128x128_ST7735.obj</file>
         <name>Crystalfontz128x128_ST7735.obj</name>
      </input_file>
      <input_file id="fl-1a">
         <path>./Lib/LcdDriver/</path>
         <kind>object</kind>
         <file>HAL_MSP_EXP432P401R_Crystalfontz128x128_ST7735.obj</file>
         <name>HAL_MSP_EXP432P401R_Crystalfontz128x128_ST7735.obj</name>
      </input_file>
      <input_file id="fl-1b">
         <path>./Lib/driverlib/MSP432P4xx/</path>
         <kind>object</kind>
         <file>adc14.obj</file>
         <name>adc14.obj</name>
      </input_file>
      <input_file id="fl-1c">
         <path>./Lib/driverlib/MSP432P4xx/</path>
         <kind>object</kind>
         <file>aes256.obj</file>
         <name>aes256.obj</name>
      </input_file>
      <input_file id="fl-1d">
         <path>./Lib/driverlib/MSP432P4xx/</path>
         <kind>object</kind>
         <file>comp_e.obj</file>
         <name>comp_e.obj</name>
      </input_file>
      <input_file id="fl-1e">
         <path>./Lib/driverlib/MSP432P4xx/</path>
         <kind>object</kind>
         <file>cpu.obj</file>
         <name>cpu.obj</name>
      </input_file>
      <input_file id="fl-1f">
         <path>./Lib/driverlib/MSP432P4xx/</path>
         <kind>object</kind>
         <file>crc32.obj</file>
         <name>crc32.obj</name>
      </input_file>
      <input_file id="fl-20">
         <path>./Lib/driverlib/MSP432P4xx/</path>
         <kind>object</kind>
         <file>cs.obj</file>
         <name>cs.obj</name>
      </input_file>
      <input_file id="fl-21">
         <path>./Lib/driverlib/MSP432P4xx/</path>
         <kind>object</kind>
         <file>dma.obj</file>
         <name>dma.obj</name>
      </input_file>
      <input_file id="fl-22">
         <path>./Lib/driverlib/MSP432P4xx/</path>
         <kind>object</kind>
         <file>flash.obj</file>
         <name>flash.obj</name>
      </input_file>
      <input_file id="fl-23">
         <path>./Lib/driverlib/MSP432P4xx/</path>
         <kind>object</kind>
         <file>fpu.obj</file>
         <name>fpu.obj</name>
      </input_file>
      <input_file id="fl-24">
         <path>./Lib/driverlib/MSP432P4xx/</path>
         <kind>object</kind>
         <file>gpio.obj</file>
         <name>gpio.obj</name>
      </input_file>
      <input_file id="fl-25">
         <path>./Lib/driverlib/MSP432P4xx/</path>
         <kind>object</kind>
         <file>i2c.obj</file>
         <name>i2c.obj</name>
      </input_file>
      <input_file id="fl-26">
         <path>./Lib/driverlib/MSP432P4xx/</path>
         <kind>object</kind>
         <file>interrupt.obj</file>
         <name>interrupt.obj</name>
      </input_file>
      <input_file id="fl-27">
         <path>./Lib/driverlib/MSP432P4xx/</path>
         <kind>object</kind>
         <file>mpu.obj</file>
         <name>mpu.obj</name>
      </input_file>
      <input_file id="fl-28">
         <path>./Lib/driverlib/MSP432P4xx/</path>
         <kind>object</kind>
         <file>pcm.obj</file>
         <name>pcm.obj</name>
      </input_file>
      <input_file id="fl-29">
         <path>./Lib/driverlib/MSP432P4xx/</path>
         <kind>object</kind>
         <file>pmap.obj</file>
         <name>pmap.obj</name>
      </input_file>
      <input_file id="fl-2a">
         <path>./Lib/driverlib/MSP432P4xx/</path>
         <kind>object</kind>
         <file>pss.obj</file>
         <name>pss.obj</name>
      </input_file>
      <input_file id="fl-2b">
         <path>./Lib/driverlib/MSP432P4xx/</path>
         <kind>object</kind>
         <file>ref_a.obj</file>
         <name>ref_a.obj</name>
      </input_file>
      <input_file id="fl-2c">
         <path>./Lib/driverlib/MSP432P4xx/</path>
         <kind>object</kind>
         <file>reset.obj</file>
         <name>reset.obj</name>
      </input_file>
      <input_file id="fl-2d">
         <path>./Lib/driverlib/MSP432P4xx/</path>
         <kind>object</kind>
         <file>rtc_c.obj</file>
         <name>rtc_c.obj</name>
      </input_file>
      <input_file id="fl-2e">
         <path>./Lib/driverlib/MSP432P4xx/</path>
         <kind>object</kind>
         <file>spi.obj</file>
         <name>spi.obj</name>
      </input_file>
      <input_file id="fl-2f">
         <path>./Lib/driverlib/MSP432P4xx/</path>
         <kind>object</kind>
         <file>sysctl.obj</file>
         <name>sysctl.obj</name>
      </input_file>
      <input_file id="fl-30">
         <path>./Lib/driverlib/MSP432P4xx/</path>
         <kind>object</kind>
         <file>systick.obj</file>
         <name>systick.obj</name>
      </input_file>
      <input_file id="fl-31">
         <path>./Lib/driverlib/MSP432P4xx/</path>
         <kind>object</kind>
         <file>timer32.obj</file>
         <name>timer32.obj</name>
      </input_file>
      <input_file id="fl-32">
         <path>./Lib/driverlib/MSP432P4xx/</path>
         <kind>object</kind>
         <file>timer_a.obj</file>
         <name>timer_a.obj</name>
      </input_file>
      <input_file id="fl-33">
         <path>./Lib/driverlib/MSP432P4xx/</path>
         <kind>object</kind>
         <file>uart.obj</file>
         <name>uart.obj</name>
      </input_file>
      <input_file id="fl-34">
         <path>./Lib/driverlib/MSP432P4xx/</path>
         <kind>object</kind>
         <file>wdt_a.obj</file>
         <name>wdt_a.obj</name>
      </input_file>
      <input_file id="fl-38">
         <kind>object</kind>
         <file>&lt;internal&gt;</file>
         <name>&lt;internal&gt;</name>
      </input_file>
      <input_file id="fl-ee">
         <path>/home/jawa17/ti/ccs1100/ccs/tools/compiler/ti-cgt-arm_20.2.5.LTS/lib/</path>
         <kind>archive</kind>
         <file>rtsv7M4_T_le_v4SPD16_eabi.lib</file>
         <name>sprintf.c.obj</name>
      </input_file>
      <input_file id="fl-ef">
         <path>/home/jawa17/ti/ccs1100/ccs/tools/compiler/ti-cgt-arm_20.2.5.LTS/lib/</path>
         <kind>archive</kind>
         <file>rtsv7M4_T_le_v4SPD16_eabi.lib</file>
         <name>vsnprintf.c.obj</name>
      </input_file>
      <input_file id="fl-f0">
         <path>/home/jawa17/ti/ccs1100/ccs/tools/compiler/ti-cgt-arm_20.2.5.LTS/lib/</path>
         <kind>archive</kind>
         <file>rtsv7M4_T_le_v4SPD16_eabi.lib</file>
         <name>e_sqrt.c.obj</name>
      </input_file>
      <input_file id="fl-f1">
         <path>/home/jawa17/ti/ccs1100/ccs/tools/compiler/ti-cgt-arm_20.2.5.LTS/lib/</path>
         <kind>archive</kind>
         <file>rtsv7M4_T_le_v4SPD16_eabi.lib</file>
         <name>fd_add_t2.asm.obj</name>
      </input_file>
      <input_file id="fl-f2">
         <path>/home/jawa17/ti/ccs1100/ccs/tools/compiler/ti-cgt-arm_20.2.5.LTS/lib/</path>
         <kind>archive</kind>
         <file>rtsv7M4_T_le_v4SPD16_eabi.lib</file>
         <name>fd_mul_t2.asm.obj</name>
      </input_file>
      <input_file id="fl-f3">
         <path>/home/jawa17/ti/ccs1100/ccs/tools/compiler/ti-cgt-arm_20.2.5.LTS/lib/</path>
         <kind>archive</kind>
         <file>rtsv7M4_T_le_v4SPD16_eabi.lib</file>
         <name>fd_toi_t2.asm.obj</name>
      </input_file>
      <input_file id="fl-f4">
         <path>/home/jawa17/ti/ccs1100/ccs/tools/compiler/ti-cgt-arm_20.2.5.LTS/lib/</path>
         <kind>archive</kind>
         <file>rtsv7M4_T_le_v4SPD16_eabi.lib</file>
         <name>i_tofd_t2.asm.obj</name>
      </input_file>
      <input_file id="fl-f5">
         <path>/home/jawa17/ti/ccs1100/ccs/tools/compiler/ti-cgt-arm_20.2.5.LTS/lib/</path>
         <kind>archive</kind>
         <file>rtsv7M4_T_le_v4SPD16_eabi.lib</file>
         <name>memcpy_t2.asm.obj</name>
      </input_file>
      <input_file id="fl-f6">
         <path>/home/jawa17/ti/ccs1100/ccs/tools/compiler/ti-cgt-arm_20.2.5.LTS/lib/</path>
         <kind>archive</kind>
         <file>rtsv7M4_T_le_v4SPD16_eabi.lib</file>
         <name>copy_zero_init.c.obj</name>
      </input_file>
      <input_file id="fl-f7">
         <path>/home/jawa17/ti/ccs1100/ccs/tools/compiler/ti-cgt-arm_20.2.5.LTS/lib/</path>
         <kind>archive</kind>
         <file>rtsv7M4_T_le_v4SPD16_eabi.lib</file>
         <name>copy_decompress_none.c.obj</name>
      </input_file>
      <input_file id="fl-f8">
         <path>/home/jawa17/ti/ccs1100/ccs/tools/compiler/ti-cgt-arm_20.2.5.LTS/lib/</path>
         <kind>archive</kind>
         <file>rtsv7M4_T_le_v4SPD16_eabi.lib</file>
         <name>copy_decompress_lzss.c.obj</name>
      </input_file>
      <input_file id="fl-f9">
         <path>/home/jawa17/ti/ccs1100/ccs/tools/compiler/ti-cgt-arm_20.2.5.LTS/lib/</path>
         <kind>archive</kind>
         <file>rtsv7M4_T_le_v4SPD16_eabi.lib</file>
         <name>localtim.c.obj</name>
      </input_file>
      <input_file id="fl-fa">
         <path>/home/jawa17/ti/ccs1100/ccs/tools/compiler/ti-cgt-arm_20.2.5.LTS/lib/</path>
         <kind>archive</kind>
         <file>rtsv7M4_T_le_v4SPD16_eabi.lib</file>
         <name>ltoa.c.obj</name>
      </input_file>
      <input_file id="fl-fb">
         <path>/home/jawa17/ti/ccs1100/ccs/tools/compiler/ti-cgt-arm_20.2.5.LTS/lib/</path>
         <kind>archive</kind>
         <file>rtsv7M4_T_le_v4SPD16_eabi.lib</file>
         <name>mktime.c.obj</name>
      </input_file>
      <input_file id="fl-fc">
         <path>/home/jawa17/ti/ccs1100/ccs/tools/compiler/ti-cgt-arm_20.2.5.LTS/lib/</path>
         <kind>archive</kind>
         <file>rtsv7M4_T_le_v4SPD16_eabi.lib</file>
         <name>strcpy.c.obj</name>
      </input_file>
      <input_file id="fl-fd">
         <path>/home/jawa17/ti/ccs1100/ccs/tools/compiler/ti-cgt-arm_20.2.5.LTS/lib/</path>
         <kind>archive</kind>
         <file>rtsv7M4_T_le_v4SPD16_eabi.lib</file>
         <name>strstr.c.obj</name>
      </input_file>
      <input_file id="fl-fe">
         <path>/home/jawa17/ti/ccs1100/ccs/tools/compiler/ti-cgt-arm_20.2.5.LTS/lib/</path>
         <kind>archive</kind>
         <file>rtsv7M4_T_le_v4SPD16_eabi.lib</file>
         <name>tmzone.c.obj</name>
      </input_file>
      <input_file id="fl-ff">
         <path>/home/jawa17/ti/ccs1100/ccs/tools/compiler/ti-cgt-arm_20.2.5.LTS/lib/</path>
         <kind>archive</kind>
         <file>rtsv7M4_T_le_v4SPD16_eabi.lib</file>
         <name>errno.c.obj</name>
      </input_file>
      <input_file id="fl-100">
         <path>/home/jawa17/ti/ccs1100/ccs/tools/compiler/ti-cgt-arm_20.2.5.LTS/lib/</path>
         <kind>archive</kind>
         <file>rtsv7M4_T_le_v4SPD16_eabi.lib</file>
         <name>boot_cortex_m.c.obj</name>
      </input_file>
      <input_file id="fl-101">
         <path>/home/jawa17/ti/ccs1100/ccs/tools/compiler/ti-cgt-arm_20.2.5.LTS/lib/</path>
         <kind>archive</kind>
         <file>rtsv7M4_T_le_v4SPD16_eabi.lib</file>
         <name>time.c.obj</name>
      </input_file>
      <input_file id="fl-102">
         <path>/home/jawa17/ti/ccs1100/ccs/tools/compiler/ti-cgt-arm_20.2.5.LTS/lib/</path>
         <kind>archive</kind>
         <file>rtsv7M4_T_le_v4SPD16_eabi.lib</file>
         <name>_printfi.c.obj</name>
      </input_file>
      <input_file id="fl-103">
         <path>/home/jawa17/ti/ccs1100/ccs/tools/compiler/ti-cgt-arm_20.2.5.LTS/lib/</path>
         <kind>archive</kind>
         <file>rtsv7M4_T_le_v4SPD16_eabi.lib</file>
         <name>s_frexp.c.obj</name>
      </input_file>
      <input_file id="fl-104">
         <path>/home/jawa17/ti/ccs1100/ccs/tools/compiler/ti-cgt-arm_20.2.5.LTS/lib/</path>
         <kind>archive</kind>
         <file>rtsv7M4_T_le_v4SPD16_eabi.lib</file>
         <name>s_scalbn.c.obj</name>
      </input_file>
      <input_file id="fl-105">
         <path>/home/jawa17/ti/ccs1100/ccs/tools/compiler/ti-cgt-arm_20.2.5.LTS/lib/</path>
         <kind>archive</kind>
         <file>rtsv7M4_T_le_v4SPD16_eabi.lib</file>
         <name>wcslen.c.obj</name>
      </input_file>
      <input_file id="fl-106">
         <path>/home/jawa17/ti/ccs1100/ccs/tools/compiler/ti-cgt-arm_20.2.5.LTS/lib/</path>
         <kind>archive</kind>
         <file>rtsv7M4_T_le_v4SPD16_eabi.lib</file>
         <name>fd_cmp_t2.asm.obj</name>
      </input_file>
      <input_file id="fl-107">
         <path>/home/jawa17/ti/ccs1100/ccs/tools/compiler/ti-cgt-arm_20.2.5.LTS/lib/</path>
         <kind>archive</kind>
         <file>rtsv7M4_T_le_v4SPD16_eabi.lib</file>
         <name>fd_div_t2.asm.obj</name>
      </input_file>
      <input_file id="fl-108">
         <path>/home/jawa17/ti/ccs1100/ccs/tools/compiler/ti-cgt-arm_20.2.5.LTS/lib/</path>
         <kind>archive</kind>
         <file>rtsv7M4_T_le_v4SPD16_eabi.lib</file>
         <name>u_divt2.asm.obj</name>
      </input_file>
      <input_file id="fl-109">
         <path>/home/jawa17/ti/ccs1100/ccs/tools/compiler/ti-cgt-arm_20.2.5.LTS/lib/</path>
         <kind>archive</kind>
         <file>rtsv7M4_T_le_v4SPD16_eabi.lib</file>
         <name>ll_div_t2.asm.obj</name>
      </input_file>
      <input_file id="fl-10a">
         <path>/home/jawa17/ti/ccs1100/ccs/tools/compiler/ti-cgt-arm_20.2.5.LTS/lib/</path>
         <kind>archive</kind>
         <file>rtsv7M4_T_le_v4SPD16_eabi.lib</file>
         <name>ull_div_t2.asm.obj</name>
      </input_file>
      <input_file id="fl-10b">
         <path>/home/jawa17/ti/ccs1100/ccs/tools/compiler/ti-cgt-arm_20.2.5.LTS/lib/</path>
         <kind>archive</kind>
         <file>rtsv7M4_T_le_v4SPD16_eabi.lib</file>
         <name>memset_t2.asm.obj</name>
      </input_file>
      <input_file id="fl-10c">
         <path>/home/jawa17/ti/ccs1100/ccs/tools/compiler/ti-cgt-arm_20.2.5.LTS/lib/</path>
         <kind>archive</kind>
         <file>rtsv7M4_T_le_v4SPD16_eabi.lib</file>
         <name>autoinit.c.obj</name>
      </input_file>
      <input_file id="fl-10d">
         <path>/home/jawa17/ti/ccs1100/ccs/tools/compiler/ti-cgt-arm_20.2.5.LTS/lib/</path>
         <kind>archive</kind>
         <file>rtsv7M4_T_le_v4SPD16_eabi.lib</file>
         <name>pre_init.c.obj</name>
      </input_file>
      <input_file id="fl-10e">
         <path>/home/jawa17/ti/ccs1100/ccs/tools/compiler/ti-cgt-arm_20.2.5.LTS/lib/</path>
         <kind>archive</kind>
         <file>rtsv7M4_T_le_v4SPD16_eabi.lib</file>
         <name>cpy_tbl.c.obj</name>
      </input_file>
      <input_file id="fl-10f">
         <path>/home/jawa17/ti/ccs1100/ccs/tools/compiler/ti-cgt-arm_20.2.5.LTS/lib/</path>
         <kind>archive</kind>
         <file>rtsv7M4_T_le_v4SPD16_eabi.lib</file>
         <name>exit.c.obj</name>
      </input_file>
      <input_file id="fl-110">
         <path>/home/jawa17/ti/ccs1100/ccs/tools/compiler/ti-cgt-arm_20.2.5.LTS/lib/</path>
         <kind>archive</kind>
         <file>rtsv7M4_T_le_v4SPD16_eabi.lib</file>
         <name>_lock.c.obj</name>
      </input_file>
      <input_file id="fl-111">
         <path>/home/jawa17/ti/ccs1100/ccs/tools/compiler/ti-cgt-arm_20.2.5.LTS/lib/</path>
         <kind>archive</kind>
         <file>rtsv7M4_T_le_v4SPD16_eabi.lib</file>
         <name>_ltoa.c.obj</name>
      </input_file>
      <input_file id="fl-112">
         <path>/home/jawa17/ti/ccs1100/ccs/tools/compiler/ti-cgt-arm_20.2.5.LTS/lib/</path>
         <kind>archive</kind>
         <file>rtsv7M4_T_le_v4SPD16_eabi.lib</file>
         <name>args_main.c.obj</name>
      </input_file>
      <input_file id="fl-113">
         <path>/home/jawa17/ti/ccs1100/ccs/tools/compiler/ti-cgt-arm_20.2.5.LTS/lib/</path>
         <kind>archive</kind>
         <file>rtsv7M4_T_le_v4SPD16_eabi.lib</file>
         <name>atoi.c.obj</name>
      </input_file>
      <input_file id="fl-114">
         <path>/home/jawa17/ti/ccs1100/ccs/tools/compiler/ti-cgt-arm_20.2.5.LTS/lib/</path>
         <kind>archive</kind>
         <file>rtsv7M4_T_le_v4SPD16_eabi.lib</file>
         <name>ctype.c.obj</name>
      </input_file>
      <input_file id="fl-115">
         <path>/home/jawa17/ti/ccs1100/ccs/tools/compiler/ti-cgt-arm_20.2.5.LTS/lib/</path>
         <kind>archive</kind>
         <file>rtsv7M4_T_le_v4SPD16_eabi.lib</file>
         <name>memccpy.c.obj</name>
      </input_file>
      <input_file id="fl-116">
         <path>/home/jawa17/ti/ccs1100/ccs/tools/compiler/ti-cgt-arm_20.2.5.LTS/lib/</path>
         <kind>archive</kind>
         <file>rtsv7M4_T_le_v4SPD16_eabi.lib</file>
         <name>strchr.c.obj</name>
      </input_file>
      <input_file id="fl-117">
         <path>/home/jawa17/ti/ccs1100/ccs/tools/compiler/ti-cgt-arm_20.2.5.LTS/lib/</path>
         <kind>archive</kind>
         <file>rtsv7M4_T_le_v4SPD16_eabi.lib</file>
         <name>strlen.c.obj</name>
      </input_file>
      <input_file id="fl-118">
         <path>/home/jawa17/ti/ccs1100/ccs/tools/compiler/ti-cgt-arm_20.2.5.LTS/lib/</path>
         <kind>archive</kind>
         <file>rtsv7M4_T_le_v4SPD16_eabi.lib</file>
         <name>hosttime.c.obj</name>
      </input_file>
      <input_file id="fl-119">
         <path>/home/jawa17/ti/ccs1100/ccs/tools/compiler/ti-cgt-arm_20.2.5.LTS/lib/</path>
         <kind>archive</kind>
         <file>rtsv7M4_T_le_v4SPD16_eabi.lib</file>
         <name>trgmsg.c.obj</name>
      </input_file>
      <input_file id="fl-11a">
         <path>/home/jawa17/ti/ccs1100/ccs/tools/compiler/ti-cgt-arm_20.2.5.LTS/lib/</path>
         <kind>archive</kind>
         <file>rtsv7M4_T_le_v4SPD16_eabi.lib</file>
         <name>s_copysign.c.obj</name>
      </input_file>
      <input_file id="fl-11b">
         <path>/home/jawa17/ti/ccs1100/ccs/tools/compiler/ti-cgt-arm_20.2.5.LTS/lib/</path>
         <kind>archive</kind>
         <file>rtsv7M4_T_le_v4SPD16_eabi.lib</file>
         <name>div0.asm.obj</name>
      </input_file>
      <input_file id="fl-11c">
         <path>/home/jawa17/ti/ccs1100/ccs/tools/compiler/ti-cgt-arm_20.2.5.LTS/lib/</path>
         <kind>archive</kind>
         <file>rtsv7M4_T_le_v4SPD16_eabi.lib</file>
         <name>hostopen.c.obj</name>
      </input_file>
   </input_file_list>
   <object_component_list>
      <object_component id="oc-26">
         <name>.intvecs:retain</name>
         <load_address>0x0</load_address>
         <run_address>0x0</run_address>
         <size>0xe4</size>
         <input_file_ref idref="fl-3"/>
      </object_component>
      <object_component id="oc-1c8">
         <name>.text</name>
         <load_address>0xe4</load_address>
         <run_address>0xe4</run_address>
         <size>0x1598</size>
         <input_file_ref idref="fl-22"/>
      </object_component>
      <object_component id="oc-1ce">
         <name>.text</name>
         <load_address>0x167c</load_address>
         <run_address>0x167c</run_address>
         <size>0xd80</size>
         <input_file_ref idref="fl-20"/>
      </object_component>
      <object_component id="oc-227">
         <name>.text:__TI_printfi</name>
         <load_address>0x23fc</load_address>
         <run_address>0x23fc</run_address>
         <size>0xa4e</size>
         <input_file_ref idref="fl-102"/>
      </object_component>
      <object_component id="oc-39b">
         <name>.text:_nop</name>
         <load_address>0x2e4a</load_address>
         <run_address>0x2e4a</run_address>
         <size>0x2</size>
         <input_file_ref idref="fl-110"/>
      </object_component>
      <object_component id="oc-fb">
         <name>.text</name>
         <load_address>0x2e4c</load_address>
         <run_address>0x2e4c</run_address>
         <size>0x8d4</size>
         <input_file_ref idref="fl-1b"/>
      </object_component>
      <object_component id="oc-407">
         <name>.text</name>
         <load_address>0x3720</load_address>
         <run_address>0x3720</run_address>
         <size>0x8a4</size>
         <input_file_ref idref="fl-2e"/>
      </object_component>
      <object_component id="oc-1c2">
         <name>.text</name>
         <load_address>0x3fc4</load_address>
         <run_address>0x3fc4</run_address>
         <size>0x838</size>
         <input_file_ref idref="fl-28"/>
      </object_component>
      <object_component id="oc-ef">
         <name>.text</name>
         <load_address>0x47fc</load_address>
         <run_address>0x47fc</run_address>
         <size>0x798</size>
         <input_file_ref idref="fl-32"/>
      </object_component>
      <object_component id="oc-1e6">
         <name>.text</name>
         <load_address>0x4f94</load_address>
         <run_address>0x4f94</run_address>
         <size>0x678</size>
         <input_file_ref idref="fl-19"/>
      </object_component>
      <object_component id="oc-212">
         <name>.text</name>
         <load_address>0x560c</load_address>
         <run_address>0x560c</run_address>
         <size>0x630</size>
         <input_file_ref idref="fl-18"/>
      </object_component>
      <object_component id="oc-1e0">
         <name>.text</name>
         <load_address>0x5c3c</load_address>
         <run_address>0x5c3c</run_address>
         <size>0x508</size>
         <input_file_ref idref="fl-2d"/>
      </object_component>
      <object_component id="oc-325">
         <name>.text</name>
         <load_address>0x6144</load_address>
         <run_address>0x6144</run_address>
         <size>0x490</size>
         <input_file_ref idref="fl-15"/>
      </object_component>
      <object_component id="oc-b2">
         <name>.text</name>
         <load_address>0x65d4</load_address>
         <run_address>0x65d4</run_address>
         <size>0x480</size>
         <input_file_ref idref="fl-24"/>
      </object_component>
      <object_component id="oc-b8">
         <name>.text</name>
         <load_address>0x6a54</load_address>
         <run_address>0x6a54</run_address>
         <size>0x41c</size>
         <input_file_ref idref="fl-33"/>
      </object_component>
      <object_component id="oc-73">
         <name>.text</name>
         <load_address>0x6e70</load_address>
         <run_address>0x6e70</run_address>
         <size>0x414</size>
         <input_file_ref idref="fl-2"/>
      </object_component>
      <object_component id="oc-be">
         <name>.text</name>
         <load_address>0x7284</load_address>
         <run_address>0x7284</run_address>
         <size>0x3f0</size>
         <input_file_ref idref="fl-26"/>
      </object_component>
      <object_component id="oc-ab">
         <name>.text</name>
         <load_address>0x7674</load_address>
         <run_address>0x7674</run_address>
         <size>0x334</size>
         <input_file_ref idref="fl-4"/>
      </object_component>
      <object_component id="oc-6d">
         <name>.text</name>
         <load_address>0x79a8</load_address>
         <run_address>0x79a8</run_address>
         <size>0x2dc</size>
         <input_file_ref idref="fl-7"/>
      </object_component>
      <object_component id="oc-2ce">
         <name>.text:__mktime32</name>
         <load_address>0x7c84</load_address>
         <run_address>0x7c84</run_address>
         <size>0x2a0</size>
         <input_file_ref idref="fl-fb"/>
      </object_component>
      <object_component id="oc-365">
         <name>.text:_pconv_a</name>
         <load_address>0x7f24</load_address>
         <run_address>0x7f24</run_address>
         <size>0x270</size>
         <input_file_ref idref="fl-102"/>
      </object_component>
      <object_component id="oc-e9">
         <name>.text</name>
         <load_address>0x8194</load_address>
         <run_address>0x8194</run_address>
         <size>0x266</size>
         <input_file_ref idref="fl-11"/>
      </object_component>
      <object_component id="oc-3e9">
         <name>.text</name>
         <load_address>0x83fa</load_address>
         <run_address>0x83fa</run_address>
         <size>0x2</size>
         <input_file_ref idref="fl-11b"/>
      </object_component>
      <object_component id="oc-2a8">
         <name>.text</name>
         <load_address>0x83fc</load_address>
         <run_address>0x83fc</run_address>
         <size>0x244</size>
         <input_file_ref idref="fl-2f"/>
      </object_component>
      <object_component id="oc-dd">
         <name>.text</name>
         <load_address>0x8640</load_address>
         <run_address>0x8640</run_address>
         <size>0x1ec</size>
         <input_file_ref idref="fl-b"/>
      </object_component>
      <object_component id="oc-353">
         <name>.text:_pconv_g</name>
         <load_address>0x882c</load_address>
         <run_address>0x882c</run_address>
         <size>0x1d0</size>
         <input_file_ref idref="fl-102"/>
      </object_component>
      <object_component id="oc-e3">
         <name>.text</name>
         <load_address>0x89fc</load_address>
         <run_address>0x89fc</run_address>
         <size>0x1c0</size>
         <input_file_ref idref="fl-c"/>
      </object_component>
      <object_component id="oc-246">
         <name>.text</name>
         <load_address>0x8bbc</load_address>
         <run_address>0x8bbc</run_address>
         <size>0x1b6</size>
         <input_file_ref idref="fl-f1"/>
      </object_component>
      <object_component id="oc-d7">
         <name>.text</name>
         <load_address>0x8d74</load_address>
         <run_address>0x8d74</run_address>
         <size>0x1a4</size>
         <input_file_ref idref="fl-9"/>
      </object_component>
      <object_component id="oc-106">
         <name>.text:sqrt</name>
         <load_address>0x8f18</load_address>
         <run_address>0x8f18</run_address>
         <size>0x158</size>
         <input_file_ref idref="fl-f0"/>
      </object_component>
      <object_component id="oc-35f">
         <name>.text:_pconv_e</name>
         <load_address>0x9070</load_address>
         <run_address>0x9070</run_address>
         <size>0x13c</size>
         <input_file_ref idref="fl-102"/>
      </object_component>
      <object_component id="oc-434">
         <name>.text</name>
         <load_address>0x91ac</load_address>
         <run_address>0x91ac</run_address>
         <size>0x136</size>
         <input_file_ref idref="fl-107"/>
      </object_component>
      <object_component id="oc-1da">
         <name>.text:__localtime32</name>
         <load_address>0x92e4</load_address>
         <run_address>0x92e4</run_address>
         <size>0x134</size>
         <input_file_ref idref="fl-f9"/>
      </object_component>
      <object_component id="oc-21d">
         <name>.text</name>
         <load_address>0x9418</load_address>
         <run_address>0x9418</run_address>
         <size>0x134</size>
         <input_file_ref idref="fl-12"/>
      </object_component>
      <object_component id="oc-451">
         <name>.text:fcvt</name>
         <load_address>0x954c</load_address>
         <run_address>0x954c</run_address>
         <size>0x124</size>
         <input_file_ref idref="fl-102"/>
      </object_component>
      <object_component id="oc-465">
         <name>.text:scalbn</name>
         <load_address>0x9670</load_address>
         <run_address>0x9670</run_address>
         <size>0x110</size>
         <input_file_ref idref="fl-104"/>
      </object_component>
      <object_component id="oc-241">
         <name>.text</name>
         <load_address>0x9780</load_address>
         <run_address>0x9780</run_address>
         <size>0xfc</size>
         <input_file_ref idref="fl-f2"/>
      </object_component>
      <object_component id="oc-1bc">
         <name>.text</name>
         <load_address>0x987c</load_address>
         <run_address>0x987c</run_address>
         <size>0xd8</size>
         <input_file_ref idref="fl-34"/>
      </object_component>
      <object_component id="oc-2e3">
         <name>.text</name>
         <load_address>0x9954</load_address>
         <run_address>0x9954</run_address>
         <size>0xbc</size>
         <input_file_ref idref="fl-1a"/>
      </object_component>
      <object_component id="oc-348">
         <name>.text:_ltostr</name>
         <load_address>0x9a10</load_address>
         <run_address>0x9a10</run_address>
         <size>0xb1</size>
         <input_file_ref idref="fl-102"/>
      </object_component>
      <object_component id="oc-37">
         <name>.text</name>
         <load_address>0x9ac2</load_address>
         <run_address>0x9ac2</run_address>
         <size>0x9c</size>
         <input_file_ref idref="fl-f5"/>
      </object_component>
      <object_component id="oc-42d">
         <name>.text</name>
         <load_address>0x9b5e</load_address>
         <run_address>0x9b5e</run_address>
         <size>0x96</size>
         <input_file_ref idref="fl-10a"/>
      </object_component>
      <object_component id="oc-34e">
         <name>.text:__aeabi_cdcmple</name>
         <load_address>0x9bf4</load_address>
         <run_address>0x9bf4</run_address>
         <size>0x86</size>
         <input_file_ref idref="fl-106"/>
      </object_component>
      <object_component id="oc-439">
         <name>.text:__aeabi_cdrcmple</name>
         <load_address>0x9c7a</load_address>
         <run_address>0x9c7a</run_address>
         <size>0x86</size>
         <input_file_ref idref="fl-106"/>
      </object_component>
      <object_component id="oc-93">
         <name>.text</name>
         <load_address>0x9d00</load_address>
         <run_address>0x9d00</run_address>
         <size>0x7a</size>
         <input_file_ref idref="fl-10b"/>
      </object_component>
      <object_component id="oc-44a">
         <name>.text:_mcpy</name>
         <load_address>0x9d7a</load_address>
         <run_address>0x9d7a</run_address>
         <size>0x6e</size>
         <input_file_ref idref="fl-102"/>
      </object_component>
      <object_component id="oc-3ef">
         <name>.text</name>
         <load_address>0x9de8</load_address>
         <run_address>0x9de8</run_address>
         <size>0x6e</size>
         <input_file_ref idref="fl-109"/>
      </object_component>
      <object_component id="oc-17">
         <name>.text:decompress:lzss:__TI_decompress_lzss</name>
         <load_address>0x9e56</load_address>
         <run_address>0x9e56</run_address>
         <size>0x68</size>
         <input_file_ref idref="fl-f8"/>
      </object_component>
      <object_component id="oc-45f">
         <name>.text:frexp</name>
         <load_address>0x9ec0</load_address>
         <run_address>0x9ec0</run_address>
         <size>0x64</size>
         <input_file_ref idref="fl-103"/>
      </object_component>
      <object_component id="oc-359">
         <name>.text:_pconv_f</name>
         <load_address>0x9f24</load_address>
         <run_address>0x9f24</run_address>
         <size>0x56</size>
         <input_file_ref idref="fl-102"/>
      </object_component>
      <object_component id="oc-43e">
         <name>.text:__TI_ltoa</name>
         <load_address>0x9f7a</load_address>
         <run_address>0x9f7a</run_address>
         <size>0x54</size>
         <input_file_ref idref="fl-111"/>
      </object_component>
      <object_component id="oc-444">
         <name>.text:_ecpy</name>
         <load_address>0x9fce</load_address>
         <run_address>0x9fce</run_address>
         <size>0x52</size>
         <input_file_ref idref="fl-102"/>
      </object_component>
      <object_component id="oc-342">
         <name>.text:atoi</name>
         <load_address>0xa020</load_address>
         <run_address>0xa020</run_address>
         <size>0x4c</size>
         <input_file_ref idref="fl-113"/>
      </object_component>
      <object_component id="oc-2bc">
         <name>.text:HOSTtime</name>
         <load_address>0xa06c</load_address>
         <run_address>0xa06c</run_address>
         <size>0x48</size>
         <input_file_ref idref="fl-118"/>
      </object_component>
      <object_component id="oc-10c">
         <name>.text</name>
         <load_address>0xa0b4</load_address>
         <run_address>0xa0b4</run_address>
         <size>0x48</size>
         <input_file_ref idref="fl-f3"/>
      </object_component>
      <object_component id="oc-144">
         <name>.text:__TI_auto_init_nobinit_nopinit:__TI_auto_init_nobinit_nopinit</name>
         <load_address>0xa0fc</load_address>
         <run_address>0xa0fc</run_address>
         <size>0x44</size>
         <input_file_ref idref="fl-10c"/>
      </object_component>
      <object_component id="oc-2c9">
         <name>.text</name>
         <load_address>0xa140</load_address>
         <run_address>0xa140</run_address>
         <size>0x40</size>
         <input_file_ref idref="fl-108"/>
      </object_component>
      <object_component id="oc-f5">
         <name>.text:sprintf</name>
         <load_address>0xa180</load_address>
         <run_address>0xa180</run_address>
         <size>0x40</size>
         <input_file_ref idref="fl-ee"/>
      </object_component>
      <object_component id="oc-1fe">
         <name>.text:vsnprintf</name>
         <load_address>0xa1c0</load_address>
         <run_address>0xa1c0</run_address>
         <size>0x40</size>
         <input_file_ref idref="fl-ef"/>
      </object_component>
      <object_component id="oc-457">
         <name>.text:_fcpy</name>
         <load_address>0xa200</load_address>
         <run_address>0xa200</run_address>
         <size>0x3e</size>
         <input_file_ref idref="fl-102"/>
      </object_component>
      <object_component id="oc-18e">
         <name>.text</name>
         <load_address>0xa23e</load_address>
         <run_address>0xa23e</run_address>
         <size>0x3e</size>
         <input_file_ref idref="fl-1e"/>
      </object_component>
      <object_component id="oc-3cd">
         <name>.text:__TI_writemsg</name>
         <load_address>0xa27c</load_address>
         <run_address>0xa27c</run_address>
         <size>0x38</size>
         <input_file_ref idref="fl-119"/>
      </object_component>
      <object_component id="oc-3d3">
         <name>.text:__TI_readmsg</name>
         <load_address>0xa2b4</load_address>
         <run_address>0xa2b4</run_address>
         <size>0x34</size>
         <input_file_ref idref="fl-119"/>
      </object_component>
      <object_component id="oc-55">
         <name>.text:_c_int00_noargs:_c_int00_noargs</name>
         <load_address>0xa2e8</load_address>
         <run_address>0xa2e8</run_address>
         <size>0x34</size>
         <input_file_ref idref="fl-100"/>
      </object_component>
      <object_component id="oc-302">
         <name>.text:_outs</name>
         <load_address>0xa31c</load_address>
         <run_address>0xa31c</run_address>
         <size>0x30</size>
         <input_file_ref idref="fl-ef"/>
      </object_component>
      <object_component id="oc-101">
         <name>.text</name>
         <load_address>0xa34c</load_address>
         <run_address>0xa34c</run_address>
         <size>0x2e</size>
         <input_file_ref idref="fl-f4"/>
      </object_component>
      <object_component id="oc-36b">
         <name>.text:memccpy</name>
         <load_address>0xa37a</load_address>
         <run_address>0xa37a</run_address>
         <size>0x1c</size>
         <input_file_ref idref="fl-115"/>
      </object_component>
      <object_component id="oc-4ce">
         <name>.text:copysign</name>
         <load_address>0xa396</load_address>
         <run_address>0xa396</run_address>
         <size>0x1a</size>
         <input_file_ref idref="fl-11a"/>
      </object_component>
      <object_component id="oc-308">
         <name>.text:_outc</name>
         <load_address>0xa3b0</load_address>
         <run_address>0xa3b0</run_address>
         <size>0x18</size>
         <input_file_ref idref="fl-ef"/>
      </object_component>
      <object_component id="oc-22d">
         <name>.text:_outs</name>
         <load_address>0xa3c8</load_address>
         <run_address>0xa3c8</run_address>
         <size>0x18</size>
         <input_file_ref idref="fl-ee"/>
      </object_component>
      <object_component id="oc-46b">
         <name>.text:strchr</name>
         <load_address>0xa3e0</load_address>
         <run_address>0xa3e0</run_address>
         <size>0x16</size>
         <input_file_ref idref="fl-116"/>
      </object_component>
      <object_component id="oc-33c">
         <name>.text:strlen</name>
         <load_address>0xa3f6</load_address>
         <run_address>0xa3f6</run_address>
         <size>0x14</size>
         <input_file_ref idref="fl-117"/>
      </object_component>
      <object_component id="oc-371">
         <name>.text:wcslen</name>
         <load_address>0xa40a</load_address>
         <run_address>0xa40a</run_address>
         <size>0x12</size>
         <input_file_ref idref="fl-105"/>
      </object_component>
      <object_component id="oc-1d4">
         <name>.text:__time32</name>
         <load_address>0xa41c</load_address>
         <run_address>0xa41c</run_address>
         <size>0xe</size>
         <input_file_ref idref="fl-101"/>
      </object_component>
      <object_component id="oc-1d">
         <name>.text:decompress:none:__TI_decompress_none</name>
         <load_address>0xa42a</load_address>
         <run_address>0xa42a</run_address>
         <size>0xe</size>
         <input_file_ref idref="fl-f7"/>
      </object_component>
      <object_component id="oc-67">
         <name>.text</name>
         <load_address>0xa438</load_address>
         <run_address>0xa438</run_address>
         <size>0xe</size>
         <input_file_ref idref="fl-3"/>
      </object_component>
      <object_component id="oc-49">
         <name>.text:decompress:ZI:__TI_zero_init</name>
         <load_address>0xa446</load_address>
         <run_address>0xa446</run_address>
         <size>0xc</size>
         <input_file_ref idref="fl-f6"/>
      </object_component>
      <object_component id="oc-233">
         <name>.text:_outc</name>
         <load_address>0xa452</load_address>
         <run_address>0xa452</run_address>
         <size>0xa</size>
         <input_file_ref idref="fl-ee"/>
      </object_component>
      <object_component id="oc-24b">
         <name>.text:__aeabi_errno_addr</name>
         <load_address>0xa45c</load_address>
         <run_address>0xa45c</run_address>
         <size>0x8</size>
         <input_file_ref idref="fl-ff"/>
      </object_component>
      <object_component id="oc-99">
         <name>.text:_system_pre_init</name>
         <load_address>0xa464</load_address>
         <run_address>0xa464</run_address>
         <size>0x4</size>
         <input_file_ref idref="fl-10d"/>
      </object_component>
      <object_component id="oc-138">
         <name>.text:abort:abort</name>
         <load_address>0xa468</load_address>
         <run_address>0xa468</run_address>
         <size>0x4</size>
         <input_file_ref idref="fl-10f"/>
      </object_component>
      <object_component id="oc-2f5">
         <name>.const:.string:g_pucFontFixed6x8Data</name>
         <load_address>0xa46c</load_address>
         <run_address>0xa46c</run_address>
         <size>0x2f8</size>
         <input_file_ref idref="fl-d"/>
      </object_component>
      <object_component id="oc-207">
         <name>.const:UCxBRS</name>
         <load_address>0xa764</load_address>
         <run_address>0xa764</run_address>
         <size>0x120</size>
         <input_file_ref idref="fl-b"/>
      </object_component>
      <object_component id="oc-428">
         <name>.const:.string:_ctypes_</name>
         <load_address>0xa884</load_address>
         <run_address>0xa884</run_address>
         <size>0x101</size>
         <input_file_ref idref="fl-114"/>
      </object_component>
      <object_component id="oc-1ef">
         <name>.const:g_sFontFixed6x8</name>
         <load_address>0xa988</load_address>
         <run_address>0xa988</run_address>
         <size>0xc8</size>
         <input_file_ref idref="fl-d"/>
      </object_component>
      <object_component id="oc-23b">
         <name>.const:_ctlRegs</name>
         <load_address>0xaa50</load_address>
         <run_address>0xaa50</run_address>
         <size>0x80</size>
         <input_file_ref idref="fl-1b"/>
      </object_component>
      <object_component id="oc-3f4">
         <name>.const:$O1$$</name>
         <load_address>0xaad0</load_address>
         <run_address>0xaad0</run_address>
         <size>0x60</size>
         <input_file_ref idref="fl-fb"/>
      </object_component>
      <object_component id="oc-19a">
         <name>.const:g_pulRegs</name>
         <load_address>0xab30</load_address>
         <run_address>0xab30</run_address>
         <size>0x50</size>
         <input_file_ref idref="fl-26"/>
      </object_component>
      <object_component id="oc-1ec">
         <name>.const:g_sCrystalfontz128x128</name>
         <load_address>0xab80</load_address>
         <run_address>0xab80</run_address>
         <size>0x2c</size>
         <input_file_ref idref="fl-19"/>
      </object_component>
      <object_component id="oc-197">
         <name>.const:g_pulPriority</name>
         <load_address>0xabac</load_address>
         <run_address>0xabac</run_address>
         <size>0x20</size>
         <input_file_ref idref="fl-26"/>
      </object_component>
      <object_component id="oc-40d">
         <name>.const:$P$T0$1</name>
         <load_address>0xabcc</load_address>
         <run_address>0xabcc</run_address>
         <size>0x1c</size>
         <input_file_ref idref="fl-1a"/>
      </object_component>
      <object_component id="oc-17d">
         <name>.const:GPIO_PORT_TO_INT</name>
         <load_address>0xabe8</load_address>
         <run_address>0xabe8</run_address>
         <size>0x1c</size>
         <input_file_ref idref="fl-24"/>
      </object_component>
      <object_component id="oc-114">
         <name>.const:upConfig</name>
         <load_address>0xac04</load_address>
         <run_address>0xac04</run_address>
         <size>0x18</size>
         <input_file_ref idref="fl-2"/>
      </object_component>
      <object_component id="oc-2ef">
         <name>.const:$P$T0$1</name>
         <load_address>0xac1c</load_address>
         <run_address>0xac1c</run_address>
         <size>0x8</size>
         <input_file_ref idref="fl-19"/>
      </object_component>
      <object_component id="oc-1a0">
         <name>.const:g_pulDisRegs</name>
         <load_address>0xac24</load_address>
         <run_address>0xac24</run_address>
         <size>0x8</size>
         <input_file_ref idref="fl-26"/>
      </object_component>
      <object_component id="oc-19d">
         <name>.const:g_pulEnRegs</name>
         <load_address>0xac2c</load_address>
         <run_address>0xac2c</run_address>
         <size>0x8</size>
         <input_file_ref idref="fl-26"/>
      </object_component>
      <object_component id="oc-1a3">
         <name>.const:g_pulPendRegs</name>
         <load_address>0xac34</load_address>
         <run_address>0xac34</run_address>
         <size>0x8</size>
         <input_file_ref idref="fl-26"/>
      </object_component>
      <object_component id="oc-1a6">
         <name>.const:g_pulUnpendRegs</name>
         <load_address>0xac3c</load_address>
         <run_address>0xac3c</run_address>
         <size>0x8</size>
         <input_file_ref idref="fl-26"/>
      </object_component>
      <object_component id="oc-532">
         <name>.cinit..data.load</name>
         <load_address>0xac48</load_address>
         <run_address>0xac48</run_address>
         <size>0x8f</size>
      </object_component>
      <object_component id="oc-52f">
         <name>__TI_handler_table</name>
         <load_address>0xacd8</load_address>
         <run_address>0xacd8</run_address>
         <size>0xc</size>
      </object_component>
      <object_component id="oc-533">
         <name>.cinit..bss.load</name>
         <load_address>0xace8</load_address>
         <run_address>0xace8</run_address>
         <size>0x8</size>
      </object_component>
      <object_component id="oc-531">
         <name>.cinit..vtable.load</name>
         <load_address>0xacf0</load_address>
         <run_address>0xacf0</run_address>
         <size>0x8</size>
      </object_component>
      <object_component id="oc-530">
         <name>__TI_cinit_table</name>
         <load_address>0xacf8</load_address>
         <run_address>0xacf8</run_address>
         <size>0x18</size>
      </object_component>
      <object_component id="oc-503">
         <name>.binit</name>
         <load_address>0x0</load_address>
         <run_address>0x0</run_address>
         <size>0x0</size>
      </object_component>
      <object_component id="oc-194">
         <name>.vtable</name>
         <uninitialized>true</uninitialized>
         <run_address>0x20000000</run_address>
         <size>0xe4</size>
         <input_file_ref idref="fl-26"/>
      </object_component>
      <object_component id="oc-11a">
         <name>.data:mean</name>
         <load_address>0x20001430</load_address>
         <run_address>0x20001430</run_address>
         <size>0xc</size>
         <input_file_ref idref="fl-2"/>
      </object_component>
      <object_component id="oc-11d">
         <name>.data:dev</name>
         <load_address>0x20001424</load_address>
         <run_address>0x20001424</run_address>
         <size>0xc</size>
         <input_file_ref idref="fl-2"/>
      </object_component>
      <object_component id="oc-117">
         <name>.data:compareConfig_PWM</name>
         <load_address>0x20001414</load_address>
         <run_address>0x20001414</run_address>
         <size>0x10</size>
         <input_file_ref idref="fl-2"/>
      </object_component>
      <object_component id="oc-176">
         <name>.data</name>
         <load_address>0x20001448</load_address>
         <run_address>0x20001448</run_address>
         <size>0x4</size>
         <input_file_ref idref="fl-4"/>
      </object_component>
      <object_component id="oc-204">
         <name>.data:uart_config</name>
         <load_address>0x200013e0</load_address>
         <run_address>0x200013e0</run_address>
         <size>0x24</size>
         <input_file_ref idref="fl-b"/>
      </object_component>
      <object_component id="oc-2b2">
         <name>.data:__getBurstProgramRegs</name>
         <load_address>0x2000134c</load_address>
         <run_address>0x2000134c</run_address>
         <size>0x40</size>
         <input_file_ref idref="fl-22"/>
      </object_component>
      <object_component id="oc-17a">
         <name>.data:GPIO_PORT_TO_BASE</name>
         <load_address>0x2000138c</load_address>
         <run_address>0x2000138c</run_address>
         <size>0x30</size>
         <input_file_ref idref="fl-24"/>
      </object_component>
      <object_component id="oc-2d7">
         <name>.data:local_tm</name>
         <load_address>0x200013bc</load_address>
         <run_address>0x200013bc</run_address>
         <size>0x24</size>
         <input_file_ref idref="fl-f9"/>
      </object_component>
      <object_component id="oc-2d4">
         <name>.data:_tz</name>
         <load_address>0x20001404</load_address>
         <run_address>0x20001404</run_address>
         <size>0x10</size>
         <input_file_ref idref="fl-fe"/>
      </object_component>
      <object_component id="oc-38d">
         <name>.data</name>
         <load_address>0x20001444</load_address>
         <run_address>0x20001444</run_address>
         <size>0x4</size>
         <input_file_ref idref="fl-ff"/>
      </object_component>
      <object_component id="oc-271">
         <name>.data:$O1$$</name>
         <load_address>0x2000143c</load_address>
         <run_address>0x2000143c</run_address>
         <size>0x8</size>
         <input_file_ref idref="fl-110"/>
      </object_component>
      <object_component id="oc-20a">
         <name>.bss:print_buffer$1</name>
         <uninitialized>true</uninitialized>
         <run_address>0x20001204</run_address>
         <size>0x100</size>
         <input_file_ref idref="fl-b"/>
      </object_component>
      <object_component id="oc-2b7">
         <name>.bss</name>
         <uninitialized>true</uninitialized>
         <run_address>0x20001320</run_address>
         <size>0x8</size>
         <input_file_ref idref="fl-20"/>
      </object_component>
      <object_component id="oc-49c">
         <name>.bss:_CIOBUF_</name>
         <uninitialized>true</uninitialized>
         <run_address>0x200010e4</run_address>
         <size>0x120</size>
         <input_file_ref idref="fl-119"/>
      </object_component>
      <object_component id="oc-111">
         <name>.common:g_sContext</name>
         <uninitialized>true</uninitialized>
         <run_address>0x20001304</run_address>
         <size>0x1c</size>
      </object_component>
      <object_component id="oc-c8">
         <name>.common:UARTA0Data</name>
         <uninitialized>true</uninitialized>
         <run_address>0x200000e4</run_address>
         <size>0x800</size>
      </object_component>
      <object_component id="oc-c4">
         <name>.common:UARTA0ReadIndex</name>
         <uninitialized>true</uninitialized>
         <run_address>0x20001330</run_address>
         <size>0x4</size>
      </object_component>
      <object_component id="oc-c7">
         <name>.common:UARTA0WriteIndex</name>
         <uninitialized>true</uninitialized>
         <run_address>0x20001334</run_address>
         <size>0x4</size>
      </object_component>
      <object_component id="oc-cb">
         <name>.common:UARTA2Data</name>
         <uninitialized>true</uninitialized>
         <run_address>0x200008e4</run_address>
         <size>0x800</size>
      </object_component>
      <object_component id="oc-c9">
         <name>.common:UARTA2ReadIndex</name>
         <uninitialized>true</uninitialized>
         <run_address>0x20001338</run_address>
         <size>0x4</size>
      </object_component>
      <object_component id="oc-ca">
         <name>.common:UARTA2WriteIndex</name>
         <uninitialized>true</uninitialized>
         <run_address>0x2000133c</run_address>
         <size>0x4</size>
      </object_component>
      <object_component id="oc-218">
         <name>.common:Lcd_Orientation</name>
         <uninitialized>true</uninitialized>
         <run_address>0x20001348</run_address>
         <size>0x1</size>
      </object_component>
      <object_component id="oc-2e9">
         <name>.common:Lcd_ScreenWidth</name>
         <uninitialized>true</uninitialized>
         <run_address>0x20001342</run_address>
         <size>0x2</size>
      </object_component>
      <object_component id="oc-2ea">
         <name>.common:Lcd_ScreenHeigth</name>
         <uninitialized>true</uninitialized>
         <run_address>0x20001340</run_address>
         <size>0x2</size>
      </object_component>
      <object_component id="oc-2eb">
         <name>.common:Lcd_PenSolid</name>
         <uninitialized>true</uninitialized>
         <run_address>0x20001349</run_address>
         <size>0x1</size>
      </object_component>
      <object_component id="oc-2ec">
         <name>.common:Lcd_FontSolid</name>
         <uninitialized>true</uninitialized>
         <run_address>0x20001347</run_address>
         <size>0x1</size>
      </object_component>
      <object_component id="oc-2ed">
         <name>.common:Lcd_FlagRead</name>
         <uninitialized>true</uninitialized>
         <run_address>0x20001346</run_address>
         <size>0x1</size>
      </object_component>
      <object_component id="oc-2ee">
         <name>.common:Lcd_TouchTrim</name>
         <uninitialized>true</uninitialized>
         <run_address>0x20001344</run_address>
         <size>0x2</size>
      </object_component>
      <object_component id="oc-3d9">
         <name>.common:parmbuf</name>
         <uninitialized>true</uninitialized>
         <run_address>0x20001328</run_address>
         <size>0x8</size>
      </object_component>
      <object_component id="oc-29">
         <name>.stack</name>
         <uninitialized>true</uninitialized>
         <run_address>0x2000fe00</run_address>
         <size>0x4</size>
         <input_file_ref idref="fl-100"/>
      </object_component>
      <object_component id="oc-535">
         <name>.stack</name>
         <uninitialized>true</uninitialized>
         <run_address>0x2000fe00</run_address>
         <size>0x0</size>
      </object_component>
      <object_component id="oc-112">
         <name>.debug_info</name>
         <load_address>0x0</load_address>
         <run_address>0x0</run_address>
         <size>0xb33</size>
         <input_file_ref idref="fl-2"/>
      </object_component>
      <object_component id="oc-11b">
         <name>.debug_info</name>
         <load_address>0xb33</load_address>
         <run_address>0xb33</run_address>
         <size>0xd0</size>
         <input_file_ref idref="fl-2"/>
      </object_component>
      <object_component id="oc-11e">
         <name>.debug_info</name>
         <load_address>0xc03</load_address>
         <run_address>0xc03</run_address>
         <size>0xce</size>
         <input_file_ref idref="fl-2"/>
      </object_component>
      <object_component id="oc-118">
         <name>.debug_info</name>
         <load_address>0xcd1</load_address>
         <run_address>0xcd1</run_address>
         <size>0xea</size>
         <input_file_ref idref="fl-2"/>
      </object_component>
      <object_component id="oc-115">
         <name>.debug_info</name>
         <load_address>0xdbb</load_address>
         <run_address>0xdbb</run_address>
         <size>0xd8</size>
         <input_file_ref idref="fl-2"/>
      </object_component>
      <object_component id="oc-74">
         <name>.debug_info</name>
         <load_address>0xe93</load_address>
         <run_address>0xe93</run_address>
         <size>0x961</size>
         <input_file_ref idref="fl-2"/>
      </object_component>
      <object_component id="oc-123">
         <name>.debug_info</name>
         <load_address>0x17f4</load_address>
         <run_address>0x17f4</run_address>
         <size>0x26b</size>
         <input_file_ref idref="fl-2"/>
      </object_component>
      <object_component id="oc-1b2">
         <name>.debug_info</name>
         <load_address>0x1a5f</load_address>
         <run_address>0x1a5f</run_address>
         <size>0x1055</size>
         <input_file_ref idref="fl-2"/>
      </object_component>
      <object_component id="oc-1ad">
         <name>.debug_info</name>
         <load_address>0x2ab4</load_address>
         <run_address>0x2ab4</run_address>
         <size>0x37e2</size>
         <input_file_ref idref="fl-2"/>
      </object_component>
      <object_component id="oc-3c4">
         <name>.debug_info</name>
         <load_address>0x6296</load_address>
         <run_address>0x6296</run_address>
         <size>0x1b5</size>
         <input_file_ref idref="fl-2"/>
      </object_component>
      <object_component id="oc-25b">
         <name>.debug_info</name>
         <load_address>0x644b</load_address>
         <run_address>0x644b</run_address>
         <size>0x40a</size>
         <input_file_ref idref="fl-2"/>
      </object_component>
      <object_component id="oc-1f3">
         <name>.debug_info</name>
         <load_address>0x6855</load_address>
         <run_address>0x6855</run_address>
         <size>0xc6</size>
         <input_file_ref idref="fl-2"/>
      </object_component>
      <object_component id="oc-260">
         <name>.debug_info</name>
         <load_address>0x691b</load_address>
         <run_address>0x691b</run_address>
         <size>0x341</size>
         <input_file_ref idref="fl-2"/>
      </object_component>
      <object_component id="oc-32">
         <name>.debug_info</name>
         <load_address>0x6c5c</load_address>
         <run_address>0x6c5c</run_address>
         <size>0x84</size>
         <input_file_ref idref="fl-2"/>
      </object_component>
      <object_component id="oc-1b7">
         <name>.debug_info</name>
         <load_address>0x6ce0</load_address>
         <run_address>0x6ce0</run_address>
         <size>0x2a4</size>
         <input_file_ref idref="fl-2"/>
      </object_component>
      <object_component id="oc-181">
         <name>.debug_info</name>
         <load_address>0x6f84</load_address>
         <run_address>0x6f84</run_address>
         <size>0xef</size>
         <input_file_ref idref="fl-2"/>
      </object_component>
      <object_component id="oc-cd">
         <name>.debug_info</name>
         <load_address>0x7073</load_address>
         <run_address>0x7073</run_address>
         <size>0xbb</size>
         <input_file_ref idref="fl-2"/>
      </object_component>
      <object_component id="oc-320">
         <name>.debug_info</name>
         <load_address>0x712e</load_address>
         <run_address>0x712e</run_address>
         <size>0xcc</size>
         <input_file_ref idref="fl-2"/>
      </object_component>
      <object_component id="oc-20d">
         <name>.debug_info</name>
         <load_address>0x71fa</load_address>
         <run_address>0x71fa</run_address>
         <size>0x2c</size>
         <input_file_ref idref="fl-2"/>
      </object_component>
      <object_component id="oc-411">
         <name>.debug_info</name>
         <load_address>0x7226</load_address>
         <run_address>0x7226</run_address>
         <size>0x131</size>
         <input_file_ref idref="fl-2"/>
      </object_component>
      <object_component id="oc-d2">
         <name>.debug_info</name>
         <load_address>0x7357</load_address>
         <run_address>0x7357</run_address>
         <size>0xee</size>
         <input_file_ref idref="fl-2"/>
      </object_component>
      <object_component id="oc-7b">
         <name>.debug_info</name>
         <load_address>0x7445</load_address>
         <run_address>0x7445</run_address>
         <size>0x2cf</size>
         <input_file_ref idref="fl-3"/>
      </object_component>
      <object_component id="oc-27">
         <name>.debug_info</name>
         <load_address>0x7714</load_address>
         <run_address>0x7714</run_address>
         <size>0xfb</size>
         <input_file_ref idref="fl-3"/>
      </object_component>
      <object_component id="oc-68">
         <name>.debug_info</name>
         <load_address>0x780f</load_address>
         <run_address>0x780f</run_address>
         <size>0x1c2</size>
         <input_file_ref idref="fl-3"/>
      </object_component>
      <object_component id="oc-177">
         <name>.debug_info</name>
         <load_address>0x79d1</load_address>
         <run_address>0x79d1</run_address>
         <size>0xf4</size>
         <input_file_ref idref="fl-4"/>
      </object_component>
      <object_component id="oc-ac">
         <name>.debug_info</name>
         <load_address>0x7ac5</load_address>
         <run_address>0x7ac5</run_address>
         <size>0x266</size>
         <input_file_ref idref="fl-4"/>
      </object_component>
      <object_component id="oc-188">
         <name>.debug_info</name>
         <load_address>0x7d2b</load_address>
         <run_address>0x7d2b</run_address>
         <size>0x8b</size>
         <input_file_ref idref="fl-5"/>
      </object_component>
      <object_component id="oc-c5">
         <name>.debug_info</name>
         <load_address>0x7db6</load_address>
         <run_address>0x7db6</run_address>
         <size>0x94f</size>
         <input_file_ref idref="fl-7"/>
      </object_component>
      <object_component id="oc-6e">
         <name>.debug_info</name>
         <load_address>0x8705</load_address>
         <run_address>0x8705</run_address>
         <size>0x7d0</size>
         <input_file_ref idref="fl-7"/>
      </object_component>
      <object_component id="oc-1fd">
         <name>.debug_info</name>
         <load_address>0x8ed5</load_address>
         <run_address>0x8ed5</run_address>
         <size>0xe8c</size>
         <input_file_ref idref="fl-9"/>
      </object_component>
      <object_component id="oc-d8">
         <name>.debug_info</name>
         <load_address>0x9d61</load_address>
         <run_address>0x9d61</run_address>
         <size>0x9c2</size>
         <input_file_ref idref="fl-9"/>
      </object_component>
      <object_component id="oc-1f8">
         <name>.debug_info</name>
         <load_address>0xa723</load_address>
         <run_address>0xa723</run_address>
         <size>0x189</size>
         <input_file_ref idref="fl-9"/>
      </object_component>
      <object_component id="oc-2fd">
         <name>.debug_info</name>
         <load_address>0xa8ac</load_address>
         <run_address>0xa8ac</run_address>
         <size>0x35</size>
         <input_file_ref idref="fl-9"/>
      </object_component>
      <object_component id="oc-20c">
         <name>.debug_info</name>
         <load_address>0xa8e1</load_address>
         <run_address>0xa8e1</run_address>
         <size>0x70f</size>
         <input_file_ref idref="fl-b"/>
      </object_component>
      <object_component id="oc-208">
         <name>.debug_info</name>
         <load_address>0xaff0</load_address>
         <run_address>0xaff0</run_address>
         <size>0xdf</size>
         <input_file_ref idref="fl-b"/>
      </object_component>
      <object_component id="oc-205">
         <name>.debug_info</name>
         <load_address>0xb0cf</load_address>
         <run_address>0xb0cf</run_address>
         <size>0xe9</size>
         <input_file_ref idref="fl-b"/>
      </object_component>
      <object_component id="oc-de">
         <name>.debug_info</name>
         <load_address>0xb1b8</load_address>
         <run_address>0xb1b8</run_address>
         <size>0x48a</size>
         <input_file_ref idref="fl-b"/>
      </object_component>
      <object_component id="oc-21c">
         <name>.debug_info</name>
         <load_address>0xb642</load_address>
         <run_address>0xb642</run_address>
         <size>0x88e</size>
         <input_file_ref idref="fl-c"/>
      </object_component>
      <object_component id="oc-e4">
         <name>.debug_info</name>
         <load_address>0xbed0</load_address>
         <run_address>0xbed0</run_address>
         <size>0x57f</size>
         <input_file_ref idref="fl-c"/>
      </object_component>
      <object_component id="oc-2fa">
         <name>.debug_info</name>
         <load_address>0xc44f</load_address>
         <run_address>0xc44f</run_address>
         <size>0x21d</size>
         <input_file_ref idref="fl-d"/>
      </object_component>
      <object_component id="oc-2f6">
         <name>.debug_info</name>
         <load_address>0xc66c</load_address>
         <run_address>0xc66c</run_address>
         <size>0x109</size>
         <input_file_ref idref="fl-d"/>
      </object_component>
      <object_component id="oc-1f0">
         <name>.debug_info</name>
         <load_address>0xc775</load_address>
         <run_address>0xc775</run_address>
         <size>0xfe</size>
         <input_file_ref idref="fl-d"/>
      </object_component>
      <object_component id="oc-224">
         <name>.debug_info</name>
         <load_address>0xc873</load_address>
         <run_address>0xc873</run_address>
         <size>0x502</size>
         <input_file_ref idref="fl-11"/>
      </object_component>
      <object_component id="oc-ea">
         <name>.debug_info</name>
         <load_address>0xcd75</load_address>
         <run_address>0xcd75</run_address>
         <size>0xfb1</size>
         <input_file_ref idref="fl-11"/>
      </object_component>
      <object_component id="oc-337">
         <name>.debug_info</name>
         <load_address>0xdd26</load_address>
         <run_address>0xdd26</run_address>
         <size>0x3a2</size>
         <input_file_ref idref="fl-12"/>
      </object_component>
      <object_component id="oc-21e">
         <name>.debug_info</name>
         <load_address>0xe0c8</load_address>
         <run_address>0xe0c8</run_address>
         <size>0x986</size>
         <input_file_ref idref="fl-12"/>
      </object_component>
      <object_component id="oc-421">
         <name>.debug_info</name>
         <load_address>0xea4e</load_address>
         <run_address>0xea4e</run_address>
         <size>0x4e2</size>
         <input_file_ref idref="fl-15"/>
      </object_component>
      <object_component id="oc-326">
         <name>.debug_info</name>
         <load_address>0xef30</load_address>
         <run_address>0xef30</run_address>
         <size>0x7dd</size>
         <input_file_ref idref="fl-15"/>
      </object_component>
      <object_component id="oc-32c">
         <name>.debug_info</name>
         <load_address>0xf70d</load_address>
         <run_address>0xf70d</run_address>
         <size>0x461</size>
         <input_file_ref idref="fl-18"/>
      </object_component>
      <object_component id="oc-213">
         <name>.debug_info</name>
         <load_address>0xfb6e</load_address>
         <run_address>0xfb6e</run_address>
         <size>0xa5b</size>
         <input_file_ref idref="fl-18"/>
      </object_component>
      <object_component id="oc-219">
         <name>.debug_info</name>
         <load_address>0x105c9</load_address>
         <run_address>0x105c9</run_address>
         <size>0x907</size>
         <input_file_ref idref="fl-19"/>
      </object_component>
      <object_component id="oc-1ed">
         <name>.debug_info</name>
         <load_address>0x10ed0</load_address>
         <run_address>0x10ed0</run_address>
         <size>0x119</size>
         <input_file_ref idref="fl-19"/>
      </object_component>
      <object_component id="oc-2f0">
         <name>.debug_info</name>
         <load_address>0x10fe9</load_address>
         <run_address>0x10fe9</run_address>
         <size>0xfa</size>
         <input_file_ref idref="fl-19"/>
      </object_component>
      <object_component id="oc-1e7">
         <name>.debug_info</name>
         <load_address>0x110e3</load_address>
         <run_address>0x110e3</run_address>
         <size>0x1620</size>
         <input_file_ref idref="fl-19"/>
      </object_component>
      <object_component id="oc-32f">
         <name>.debug_info</name>
         <load_address>0x12703</load_address>
         <run_address>0x12703</run_address>
         <size>0x37e2</size>
         <input_file_ref idref="fl-19"/>
      </object_component>
      <object_component id="oc-4b4">
         <name>.debug_info</name>
         <load_address>0x15ee5</load_address>
         <run_address>0x15ee5</run_address>
         <size>0x84d</size>
         <input_file_ref idref="fl-1a"/>
      </object_component>
      <object_component id="oc-40e">
         <name>.debug_info</name>
         <load_address>0x16732</load_address>
         <run_address>0x16732</run_address>
         <size>0x10d</size>
         <input_file_ref idref="fl-1a"/>
      </object_component>
      <object_component id="oc-2e4">
         <name>.debug_info</name>
         <load_address>0x1683f</load_address>
         <run_address>0x1683f</run_address>
         <size>0x5c7</size>
         <input_file_ref idref="fl-1a"/>
      </object_component>
      <object_component id="oc-23f">
         <name>.debug_info</name>
         <load_address>0x16e06</load_address>
         <run_address>0x16e06</run_address>
         <size>0x69b</size>
         <input_file_ref idref="fl-1b"/>
      </object_component>
      <object_component id="oc-23c">
         <name>.debug_info</name>
         <load_address>0x174a1</load_address>
         <run_address>0x174a1</run_address>
         <size>0xf1</size>
         <input_file_ref idref="fl-1b"/>
      </object_component>
      <object_component id="oc-fc">
         <name>.debug_info</name>
         <load_address>0x17592</load_address>
         <run_address>0x17592</run_address>
         <size>0x241a</size>
         <input_file_ref idref="fl-1b"/>
      </object_component>
      <object_component id="oc-18f">
         <name>.debug_info</name>
         <load_address>0x199ac</load_address>
         <run_address>0x199ac</run_address>
         <size>0x3fe</size>
         <input_file_ref idref="fl-1e"/>
      </object_component>
      <object_component id="oc-2bb">
         <name>.debug_info</name>
         <load_address>0x19daa</load_address>
         <run_address>0x19daa</run_address>
         <size>0x78d</size>
         <input_file_ref idref="fl-20"/>
      </object_component>
      <object_component id="oc-2b8">
         <name>.debug_info</name>
         <load_address>0x1a537</load_address>
         <run_address>0x1a537</run_address>
         <size>0x10e</size>
         <input_file_ref idref="fl-20"/>
      </object_component>
      <object_component id="oc-1cf">
         <name>.debug_info</name>
         <load_address>0x1a645</load_address>
         <run_address>0x1a645</run_address>
         <size>0x2408</size>
         <input_file_ref idref="fl-20"/>
      </object_component>
      <object_component id="oc-2b6">
         <name>.debug_info</name>
         <load_address>0x1ca4d</load_address>
         <run_address>0x1ca4d</run_address>
         <size>0x7ab</size>
         <input_file_ref idref="fl-22"/>
      </object_component>
      <object_component id="oc-2b3">
         <name>.debug_info</name>
         <load_address>0x1d1f8</load_address>
         <run_address>0x1d1f8</run_address>
         <size>0x10b</size>
         <input_file_ref idref="fl-22"/>
      </object_component>
      <object_component id="oc-1c9">
         <name>.debug_info</name>
         <load_address>0x1d303</load_address>
         <run_address>0x1d303</run_address>
         <size>0x3d0d</size>
         <input_file_ref idref="fl-22"/>
      </object_component>
      <object_component id="oc-186">
         <name>.debug_info</name>
         <load_address>0x21010</load_address>
         <run_address>0x21010</run_address>
         <size>0x696</size>
         <input_file_ref idref="fl-24"/>
      </object_component>
      <object_component id="oc-17e">
         <name>.debug_info</name>
         <load_address>0x216a6</load_address>
         <run_address>0x216a6</run_address>
         <size>0x100</size>
         <input_file_ref idref="fl-24"/>
      </object_component>
      <object_component id="oc-17b">
         <name>.debug_info</name>
         <load_address>0x217a6</load_address>
         <run_address>0x217a6</run_address>
         <size>0x102</size>
         <input_file_ref idref="fl-24"/>
      </object_component>
      <object_component id="oc-b3">
         <name>.debug_info</name>
         <load_address>0x218a8</load_address>
         <run_address>0x218a8</run_address>
         <size>0x1aa3</size>
         <input_file_ref idref="fl-24"/>
      </object_component>
      <object_component id="oc-1aa">
         <name>.debug_info</name>
         <load_address>0x2334b</load_address>
         <run_address>0x2334b</run_address>
         <size>0x624</size>
         <input_file_ref idref="fl-26"/>
      </object_component>
      <object_component id="oc-198">
         <name>.debug_info</name>
         <load_address>0x2396f</load_address>
         <run_address>0x2396f</run_address>
         <size>0xff</size>
         <input_file_ref idref="fl-26"/>
      </object_component>
      <object_component id="oc-19b">
         <name>.debug_info</name>
         <load_address>0x23a6e</load_address>
         <run_address>0x23a6e</run_address>
         <size>0xf7</size>
         <input_file_ref idref="fl-26"/>
      </object_component>
      <object_component id="oc-19e">
         <name>.debug_info</name>
         <load_address>0x23b65</load_address>
         <run_address>0x23b65</run_address>
         <size>0xfb</size>
         <input_file_ref idref="fl-26"/>
      </object_component>
      <object_component id="oc-1a1">
         <name>.debug_info</name>
         <load_address>0x23c60</load_address>
         <run_address>0x23c60</run_address>
         <size>0xfd</size>
         <input_file_ref idref="fl-26"/>
      </object_component>
      <object_component id="oc-1a4">
         <name>.debug_info</name>
         <load_address>0x23d5d</load_address>
         <run_address>0x23d5d</run_address>
         <size>0xff</size>
         <input_file_ref idref="fl-26"/>
      </object_component>
      <object_component id="oc-1a7">
         <name>.debug_info</name>
         <load_address>0x23e5c</load_address>
         <run_address>0x23e5c</run_address>
         <size>0x103</size>
         <input_file_ref idref="fl-26"/>
      </object_component>
      <object_component id="oc-195">
         <name>.debug_info</name>
         <load_address>0x23f5f</load_address>
         <run_address>0x23f5f</run_address>
         <size>0x104</size>
         <input_file_ref idref="fl-26"/>
      </object_component>
      <object_component id="oc-bf">
         <name>.debug_info</name>
         <load_address>0x24063</load_address>
         <run_address>0x24063</run_address>
         <size>0x1247</size>
         <input_file_ref idref="fl-26"/>
      </object_component>
      <object_component id="oc-2b1">
         <name>.debug_info</name>
         <load_address>0x252aa</load_address>
         <run_address>0x252aa</run_address>
         <size>0x748</size>
         <input_file_ref idref="fl-28"/>
      </object_component>
      <object_component id="oc-1c3">
         <name>.debug_info</name>
         <load_address>0x259f2</load_address>
         <run_address>0x259f2</run_address>
         <size>0x248e</size>
         <input_file_ref idref="fl-28"/>
      </object_component>
      <object_component id="oc-2e2">
         <name>.debug_info</name>
         <load_address>0x27e80</load_address>
         <run_address>0x27e80</run_address>
         <size>0x681</size>
         <input_file_ref idref="fl-2d"/>
      </object_component>
      <object_component id="oc-1e1">
         <name>.debug_info</name>
         <load_address>0x28501</load_address>
         <run_address>0x28501</run_address>
         <size>0x1520</size>
         <input_file_ref idref="fl-2d"/>
      </object_component>
      <object_component id="oc-4b1">
         <name>.debug_info</name>
         <load_address>0x29a21</load_address>
         <run_address>0x29a21</run_address>
         <size>0x68a</size>
         <input_file_ref idref="fl-2e"/>
      </object_component>
      <object_component id="oc-408">
         <name>.debug_info</name>
         <load_address>0x2a0ab</load_address>
         <run_address>0x2a0ab</run_address>
         <size>0x3eff</size>
         <input_file_ref idref="fl-2e"/>
      </object_component>
      <object_component id="oc-3bb">
         <name>.debug_info</name>
         <load_address>0x2dfaa</load_address>
         <run_address>0x2dfaa</run_address>
         <size>0x55c</size>
         <input_file_ref idref="fl-2f"/>
      </object_component>
      <object_component id="oc-2a9">
         <name>.debug_info</name>
         <load_address>0x2e506</load_address>
         <run_address>0x2e506</run_address>
         <size>0xf36</size>
         <input_file_ref idref="fl-2f"/>
      </object_component>
      <object_component id="oc-226">
         <name>.debug_info</name>
         <load_address>0x2f43c</load_address>
         <run_address>0x2f43c</run_address>
         <size>0x6ba</size>
         <input_file_ref idref="fl-32"/>
      </object_component>
      <object_component id="oc-f0">
         <name>.debug_info</name>
         <load_address>0x2faf6</load_address>
         <run_address>0x2faf6</run_address>
         <size>0x258c</size>
         <input_file_ref idref="fl-32"/>
      </object_component>
      <object_component id="oc-18d">
         <name>.debug_info</name>
[...]
      </symbol>
      <symbol id="sm-bd1">
         <name>UART_transmitAddress</name>
         <value>0x6bf5</value>
         <object_component_ref idref="oc-b8"/>
      </symbol>
      <symbol id="sm-bd2">
         <name>UART_clearInterruptFlag</name>
         <value>0x6d69</value>
         <object_component_ref idref="oc-b8"/>
      </symbol>
      <symbol id="sm-bd3">
         <name>UART_queryStatusFlags</name>
         <value>0x6bb9</value>
         <object_component_ref idref="oc-b8"/>
      </symbol>
      <symbol id="sm-bd4">
         <name>UART_disableInterrupt</name>
         <value>0x6cc1</value>
         <object_component_ref idref="oc-b8"/>
      </symbol>
      <symbol id="sm-bd5">
         <name>UART_setDormant</name>
         <value>0x6bcd</value>
         <object_component_ref idref="oc-b8"/>
      </symbol>
      <symbol id="sm-bd6">
         <name>UART_resetDormant</name>
         <value>0x6be1</value>
         <object_component_ref idref="oc-b8"/>
      </symbol>
      <symbol id="sm-bed">
         <name>WDT_A_setTimeoutReset</name>
         <value>0x9921</value>
         <object_component_ref idref="oc-1bc"/>
      </symbol>
      <symbol id="sm-bee">
         <name>WDT_A_registerInterrupt</name>
         <value>0x992d</value>
         <object_component_ref idref="oc-1bc"/>
      </symbol>
      <symbol id="sm-bef">
         <name>WDT_A_setPasswordViolationReset</name>
         <value>0x9915</value>
         <object_component_ref idref="oc-1bc"/>
      </symbol>
      <symbol id="sm-bf0">
         <name>WDT_A_initIntervalTimer</name>
         <value>0x98f9</value>
         <object_component_ref idref="oc-1bc"/>
      </symbol>
      <symbol id="sm-bf1">
         <name>WDT_A_clearTimer</name>
         <value>0x98bd</value>
         <object_component_ref idref="oc-1bc"/>
      </symbol>
      <symbol id="sm-bf2">
         <name>WDT_A_holdTimer</name>
         <value>0x987d</value>
         <object_component_ref idref="oc-1bc"/>
      </symbol>
      <symbol id="sm-bf3">
         <name>WDT_A_initWatchdogTimer</name>
         <value>0x98dd</value>
         <object_component_ref idref="oc-1bc"/>
      </symbol>
      <symbol id="sm-bf4">
         <name>WDT_A_startTimer</name>
         <value>0x989d</value>
         <object_component_ref idref="oc-1bc"/>
      </symbol>
      <symbol id="sm-bf5">
         <name>WDT_A_unregisterInterrupt</name>
         <value>0x9941</value>
         <object_component_ref idref="oc-1bc"/>
      </symbol>
      <symbol id="sm-c1c">
         <name>sprintf</name>
         <value>0xa181</value>
         <object_component_ref idref="oc-f5"/>
      </symbol>
      <symbol id="sm-c46">
         <name>vsnprintf</name>
         <value>0xa1c1</value>
         <object_component_ref idref="oc-1fe"/>
      </symbol>
      <symbol id="sm-c72">
         <name>sqrtl</name>
         <value>0x8f19</value>
         <object_component_ref idref="oc-106"/>
      </symbol>
      <symbol id="sm-c73">
         <name>sqrt</name>
         <value>0x8f19</value>
         <object_component_ref idref="oc-106"/>
      </symbol>
      <symbol id="sm-c8a">
         <name>__aeabi_dsub</name>
         <value>0x8bbd</value>
         <object_component_ref idref="oc-246"/>
      </symbol>
      <symbol id="sm-c8b">
         <name>__aeabi_dadd</name>
         <value>0x8bc7</value>
         <object_component_ref idref="oc-246"/>
      </symbol>
      <symbol id="sm-c96">
         <name>__aeabi_dmul</name>
         <value>0x9781</value>
         <object_component_ref idref="oc-241"/>
      </symbol>
      <symbol id="sm-ca0">
         <name>__aeabi_d2iz</name>
         <value>0xa0b5</value>
         <object_component_ref idref="oc-10c"/>
      </symbol>
      <symbol id="sm-caa">
         <name>__aeabi_i2d</name>
         <value>0xa34d</value>
         <object_component_ref idref="oc-101"/>
      </symbol>
      <symbol id="sm-cc5">
         <name>memcpy</name>
         <value>0x9ac3</value>
         <object_component_ref idref="oc-37"/>
      </symbol>
      <symbol id="sm-cc6">
         <name>__aeabi_memcpy</name>
         <value>0x9ac3</value>
         <object_component_ref idref="oc-37"/>
      </symbol>
      <symbol id="sm-cc7">
         <name>__aeabi_memcpy8</name>
         <value>0x9ac3</value>
         <object_component_ref idref="oc-37"/>
      </symbol>
      <symbol id="sm-cc8">
         <name>__aeabi_memcpy4</name>
         <value>0x9ac3</value>
         <object_component_ref idref="oc-37"/>
      </symbol>
      <symbol id="sm-cdf">
         <name>__TI_zero_init</name>
         <value>0xa447</value>
         <object_component_ref idref="oc-49"/>
      </symbol>
      <symbol id="sm-cf6">
         <name>__TI_decompress_none</name>
         <value>0xa42b</value>
         <object_component_ref idref="oc-1d"/>
      </symbol>
      <symbol id="sm-d19">
         <name>__TI_decompress_lzss</name>
         <value>0x9e57</value>
         <object_component_ref idref="oc-17"/>
      </symbol>
      <symbol id="sm-d46">
         <name>__localtime32</name>
         <value>0x92e5</value>
         <object_component_ref idref="oc-1da"/>
      </symbol>
      <symbol id="sm-d47">
         <name>localtime</name>
         <value>0x92e5</value>
         <object_component_ref idref="oc-1da"/>
      </symbol>
      <symbol id="sm-d7a">
         <name>mktime</name>
         <value>0x7c85</value>
         <object_component_ref idref="oc-2ce"/>
      </symbol>
      <symbol id="sm-d7b">
         <name>__mktime32</name>
         <value>0x7c85</value>
         <object_component_ref idref="oc-2ce"/>
      </symbol>
      <symbol id="sm-d8d">
         <name>_tz</name>
         <value>0x20001404</value>
         <object_component_ref idref="oc-2d4"/>
      </symbol>
      <symbol id="sm-da3">
         <name>__aeabi_errno_addr</name>
         <value>0xa45d</value>
         <object_component_ref idref="oc-24b"/>
      </symbol>
      <symbol id="sm-da4">
         <name>errno</name>
         <value>0x20001444</value>
         <object_component_ref idref="oc-38d"/>
      </symbol>
      <symbol id="sm-db7">
         <name>__stack</name>
         <value>0x2000fe00</value>
         <object_component_ref idref="oc-29"/>
      </symbol>
      <symbol id="sm-db8">
         <name>_c_int00_noargs</name>
         <value>0xa2e9</value>
         <object_component_ref idref="oc-55"/>
      </symbol>
      <symbol id="sm-dcb">
         <name>__time32</name>
         <value>0xa41d</value>
         <object_component_ref idref="oc-1d4"/>
      </symbol>
      <symbol id="sm-dcc">
         <name>time</name>
         <value>0xa41d</value>
         <object_component_ref idref="oc-1d4"/>
      </symbol>
      <symbol id="sm-f31">
         <name>__TI_printfi</name>
         <value>0x23fd</value>
         <object_component_ref idref="oc-227"/>
      </symbol>
      <symbol id="sm-f51">
         <name>frexpl</name>
         <value>0x9ec1</value>
         <object_component_ref idref="oc-45f"/>
      </symbol>
      <symbol id="sm-f52">
         <name>frexp</name>
         <value>0x9ec1</value>
         <object_component_ref idref="oc-45f"/>
      </symbol>
      <symbol id="sm-f6f">
         <name>scalbn</name>
         <value>0x9671</value>
         <object_component_ref idref="oc-465"/>
      </symbol>
      <symbol id="sm-f70">
         <name>scalbnl</name>
         <value>0x9671</value>
         <object_component_ref idref="oc-465"/>
      </symbol>
      <symbol id="sm-f71">
         <name>ldexpl</name>
         <value>0x9671</value>
         <object_component_ref idref="oc-465"/>
      </symbol>
      <symbol id="sm-f72">
         <name>ldexp</name>
         <value>0x9671</value>
         <object_component_ref idref="oc-465"/>
      </symbol>
      <symbol id="sm-f8b">
         <name>wcslen</name>
         <value>0xa40b</value>
         <object_component_ref idref="oc-371"/>
      </symbol>
      <symbol id="sm-fad">
         <name>__aeabi_cdcmpeq</name>
         <value>0x9bf5</value>
         <object_component_ref idref="oc-34e"/>
      </symbol>
      <symbol id="sm-fae">
         <name>__aeabi_cdcmple</name>
         <value>0x9bf5</value>
         <object_component_ref idref="oc-34e"/>
      </symbol>
      <symbol id="sm-faf">
         <name>__aeabi_cdrcmple</name>
         <value>0x9c7b</value>
         <object_component_ref idref="oc-439"/>
      </symbol>
      <symbol id="sm-fc3">
         <name>__aeabi_ddiv</name>
         <value>0x91ad</value>
         <object_component_ref idref="oc-434"/>
      </symbol>
      <symbol id="sm-fd2">
         <name>__aeabi_uidivmod</name>
         <value>0xa141</value>
         <object_component_ref idref="oc-2c9"/>
      </symbol>
      <symbol id="sm-fd3">
         <name>__aeabi_uidiv</name>
         <value>0xa141</value>
         <object_component_ref idref="oc-2c9"/>
      </symbol>
      <symbol id="sm-fe1">
         <name>__aeabi_ldivmod</name>
         <value>0x9de9</value>
         <object_component_ref idref="oc-3ef"/>
      </symbol>
      <symbol id="sm-fee">
         <name>__aeabi_uldivmod</name>
         <value>0x9b5f</value>
         <object_component_ref idref="oc-42d"/>
      </symbol>
      <symbol id="sm-ffd">
         <name>__aeabi_memset</name>
         <value>0x9d03</value>
         <object_component_ref idref="oc-93"/>
      </symbol>
      <symbol id="sm-ffe">
         <name>memset</name>
         <value>0x9d09</value>
         <object_component_ref idref="oc-93"/>
      </symbol>
      <symbol id="sm-fff">
         <name>__aeabi_memset8</name>
         <value>0x9d03</value>
         <object_component_ref idref="oc-93"/>
      </symbol>
      <symbol id="sm-1000">
         <name>__aeabi_memset4</name>
         <value>0x9d03</value>
         <object_component_ref idref="oc-93"/>
      </symbol>
      <symbol id="sm-1001">
         <name>__aeabi_memclr8</name>
         <value>0x9d01</value>
         <object_component_ref idref="oc-93"/>
      </symbol>
      <symbol id="sm-1002">
         <name>__aeabi_memclr4</name>
         <value>0x9d01</value>
         <object_component_ref idref="oc-93"/>
      </symbol>
      <symbol id="sm-1003">
         <name>__aeabi_memclr</name>
         <value>0x9d01</value>
         <object_component_ref idref="oc-93"/>
      </symbol>
      <symbol id="sm-102b">
         <name>__TI_auto_init_nobinit_nopinit</name>
         <value>0xa0fd</value>
         <object_component_ref idref="oc-144"/>
      </symbol>
      <symbol id="sm-1035">
         <name>_system_pre_init</name>
         <value>0xa465</value>
         <object_component_ref idref="oc-99"/>
      </symbol>
      <symbol id="sm-1041">
         <name>C$$EXIT</name>
         <value>0xa469</value>
         <object_component_ref idref="oc-138"/>
      </symbol>
      <symbol id="sm-1042">
         <name>abort</name>
         <value>0xa469</value>
         <object_component_ref idref="oc-138"/>
      </symbol>
      <symbol id="sm-1057">
         <name>_nop</name>
         <value>0x2e4b</value>
         <object_component_ref idref="oc-39b"/>
      </symbol>
      <symbol id="sm-1058">
         <name>_lock</name>
         <value>0x2000143c</value>
         <object_component_ref idref="oc-271"/>
      </symbol>
      <symbol id="sm-1059">
         <name>_unlock</name>
         <value>0x20001440</value>
         <object_component_ref idref="oc-271"/>
      </symbol>
      <symbol id="sm-1068">
         <name>__TI_ltoa</name>
         <value>0x9f7b</value>
         <object_component_ref idref="oc-43e"/>
      </symbol>
      <symbol id="sm-107f">
         <name>atoi</name>
         <value>0xa021</value>
         <object_component_ref idref="oc-342"/>
      </symbol>
      <symbol id="sm-108a">
         <name>_ctypes_</name>
         <value>0xa884</value>
         <object_component_ref idref="oc-428"/>
      </symbol>
      <symbol id="sm-109a">
         <name>memccpy</name>
         <value>0xa37b</value>
         <object_component_ref idref="oc-36b"/>
      </symbol>
      <symbol id="sm-10aa">
         <name>strchr</name>
         <value>0xa3e1</value>
         <object_component_ref idref="oc-46b"/>
      </symbol>
      <symbol id="sm-10b8">
         <name>strlen</name>
         <value>0xa3f7</value>
         <object_component_ref idref="oc-33c"/>
      </symbol>
      <symbol id="sm-10d0">
         <name>HOSTtime</name>
         <value>0xa06d</value>
         <object_component_ref idref="oc-2bc"/>
      </symbol>
      <symbol id="sm-10f4">
         <name>__TI_readmsg</name>
         <value>0xa2b5</value>
         <object_component_ref idref="oc-3d3"/>
      </symbol>
      <symbol id="sm-10f5">
         <name>C$$IO$$</name>
         <value>0xa2ab</value>
         <object_component_ref idref="oc-3cd"/>
      </symbol>
      <symbol id="sm-10f6">
         <name>__CIOBUF_</name>
         <value>0x200010e4</value>
         <object_component_ref idref="oc-49c"/>
      </symbol>
      <symbol id="sm-10f7">
         <name>__TI_writemsg</name>
         <value>0xa27d</value>
         <object_component_ref idref="oc-3cd"/>
      </symbol>
      <symbol id="sm-1101">
         <name>copysign</name>
         <value>0xa397</value>
         <object_component_ref idref="oc-4ce"/>
      </symbol>
      <symbol id="sm-1102">
         <name>copysignl</name>
         <value>0xa397</value>
         <object_component_ref idref="oc-4ce"/>
      </symbol>
      <symbol id="sm-110c">
         <name>__aeabi_idiv0</name>
         <value>0x83fb</value>
         <object_component_ref idref="oc-3e9"/>
      </symbol>
      <symbol id="sm-110d">
         <name>__aeabi_ldiv0</name>
         <value>0x83fb</value>
         <object_component_ref idref="oc-3e9"/>
      </symbol>
      <symbol id="sm-1113">
         <name>parmbuf</name>
         <value>0x20001328</value>
      </symbol>
      <symbol id="sm-1114">
         <name>__TI_static_base__</name>
         <value>0x0</value>
      </symbol>
      <symbol id="sm-1117">
         <name>__mpu_init</name>
         <value>0x0</value>
      </symbol>
      <symbol id="sm-1118">
         <name>_system_post_cinit</name>
         <value>0x0</value>
      </symbol>
      <symbol id="sm-1119">
         <name>NMI_Handler</name>
         <value>0xa445</value>
      </symbol>
      <symbol id="sm-111a">
         <name>HardFault_Handler</name>
         <value>0xa445</value>
      </symbol>
      <symbol id="sm-111b">
         <name>MemManage_Handler</name>
         <value>0xa445</value>
      </symbol>
      <symbol id="sm-111c">
         <name>BusFault_Handler</name>
         <value>0xa445</value>
      </symbol>
      <symbol id="sm-111d">
         <name>UsageFault_Handler</name>
         <value>0xa445</value>
      </symbol>
      <symbol id="sm-111e">
         <name>SVC_Handler</name>
         <value>0xa445</value>
      </symbol>
      <symbol id="sm-111f">
         <name>DebugMon_Handler</name>
         <value>0xa445</value>
      </symbol>
      <symbol id="sm-1120">
         <name>PendSV_Handler</name>
         <value>0xa445</value>
      </symbol>
      <symbol id="sm-1121">
         <name>SysTick_Handler</name>
         <value>0xa445</value>
      </symbol>
      <symbol id="sm-1122">
         <name>PSS_IRQHandler</name>
         <value>0xa445</value>
      </symbol>
      <symbol id="sm-1123">
         <name>CS_IRQHandler</name>
         <value>0xa445</value>
      </symbol>
      <symbol id="sm-1124">
         <name>PCM_IRQHandler</name>
         <value>0xa445</value>
      </symbol>
      <symbol id="sm-1125">
         <name>WDT_A_IRQHandler</name>
         <value>0xa445</value>
      </symbol>
      <symbol id="sm-1126">
         <name>FPU_IRQHandler</name>
         <value>0xa445</value>
      </symbol>
      <symbol id="sm-1127">
         <name>FLCTL_IRQHandler</name>
         <value>0xa445</value>
      </symbol>
      <symbol id="sm-1128">
         <name>COMP_E0_IRQHandler</name>
         <value>0xa445</value>
      </symbol>
      <symbol id="sm-1129">
         <name>COMP_E1_IRQHandler</name>
         <value>0xa445</value>
      </symbol>
      <symbol id="sm-112a">
         <name>TA0_0_IRQHandler</name>
         <value>0xa445</value>
      </symbol>
      <symbol id="sm-112b">
         <name>TA0_N_IRQHandler</name>
         <value>0xa445</value>
      </symbol>
      <symbol id="sm-112c">
         <name>TA1_0_IRQHandler</name>
         <value>0xa445</value>
      </symbol>
      <symbol id="sm-112d">
         <name>TA1_N_IRQHandler</name>
         <value>0xa445</value>
      </symbol>
      <symbol id="sm-112e">
         <name>TA2_0_IRQHandler</name>
         <value>0xa445</value>
      </symbol>
      <symbol id="sm-112f">
         <name>TA2_N_IRQHandler</name>
         <value>0xa445</value>
      </symbol>
      <symbol id="sm-1130">
         <name>TA3_0_IRQHandler</name>
         <value>0xa445</value>
      </symbol>
      <symbol id="sm-1131">
         <name>TA3_N_IRQHandler</name>
         <value>0xa445</value>
      </symbol>
      <symbol id="sm-1132">
         <name>EUSCIA0_IRQHandler</name>
         <value>0x7bab</value>
      </symbol>
      <symbol id="sm-1133">
         <name>EUSCIA1_IRQHandler</name>
         <value>0xa445</value>
      </symbol>
      <symbol id="sm-1134">
         <name>EUSCIA2_IRQHandler</name>
         <value>0x7c0d</value>
      </symbol>
      <symbol id="sm-1135">
         <name>EUSCIA3_IRQHandler</name>
         <value>0xa445</value>
      </symbol>
      <symbol id="sm-1136">
         <name>EUSCIB0_IRQHandler</name>
         <value>0xa445</value>
      </symbol>
      <symbol id="sm-1137">
         <name>EUSCIB1_IRQHandler</name>
         <value>0xa445</value>
      </symbol>
      <symbol id="sm-1138">
         <name>EUSCIB2_IRQHandler</name>
         <value>0xa445</value>
      </symbol>
      <symbol id="sm-1139">
         <name>EUSCIB3_IRQHandler</name>
         <value>0xa445</value>
      </symbol>
      <symbol id="sm-113a">
         <name>ADC14_IRQHandler</name>
         <value>0x7191</value>
      </symbol>
      <symbol id="sm-113b">
         <name>T32_INT1_IRQHandler</name>
         <value>0xa445</value>
      </symbol>
      <symbol id="sm-113c">
         <name>T32_INT2_IRQHandler</name>
         <value>0xa445</value>
      </symbol>
      <symbol id="sm-113d">
         <name>T32_INTC_IRQHandler</name>
         <value>0xa445</value>
      </symbol>
      <symbol id="sm-113e">
         <name>AES256_IRQHandler</name>
         <value>0xa445</value>
      </symbol>
      <symbol id="sm-113f">
         <name>RTC_C_IRQHandler</name>
         <value>0xa445</value>
      </symbol>
      <symbol id="sm-1140">
         <name>DMA_ERR_IRQHandler</name>
         <value>0xa445</value>
      </symbol>
      <symbol id="sm-1141">
         <name>DMA_INT3_IRQHandler</name>
         <value>0xa445</value>
      </symbol>
      <symbol id="sm-1142">
         <name>DMA_INT2_IRQHandler</name>
         <value>0xa445</value>
      </symbol>
      <symbol id="sm-1143">
         <name>DMA_INT1_IRQHandler</name>
         <value>0xa445</value>
      </symbol>
      <symbol id="sm-1144">
         <name>DMA_INT0_IRQHandler</name>
         <value>0xa445</value>
      </symbol>
      <symbol id="sm-1145">
         <name>PORT1_IRQHandler</name>
         <value>0xa445</value>
      </symbol>
      <symbol id="sm-1146">
         <name>PORT2_IRQHandler</name>
         <value>0xa445</value>
      </symbol>
      <symbol id="sm-1147">
         <name>PORT3_IRQHandler</name>
         <value>0xa445</value>
      </symbol>
      <symbol id="sm-1148">
         <name>PORT4_IRQHandler</name>
         <value>0xa445</value>
      </symbol>
      <symbol id="sm-1149">
         <name>PORT5_IRQHandler</name>
         <value>0xa445</value>
      </symbol>
      <symbol id="sm-114a">
         <name>PORT6_IRQHandler</name>
         <value>0xa445</value>
      </symbol>
   </symbol_table>
   <title>Link successful</title>
</link_info>
