<?xml version="1.0" encoding="ISO-8859-1" ?>
<link_info>
   <banner>TI ARM Linker Unix v20.2.5.LTS</banner>
   <copyright>Copyright (c) 1996-2018 Texas Instruments Incorporated</copyright>
   <link_time>0x61a78a4a</link_time>
   <link_errors>0x0</link_errors>
   <output_file>ERIK_FALL_DETECTOR.out</output_file>
   <entry_point>
      <name>_c_int00_noargs</name>
      <address>0x9e45</address>
   </entry_point>
   <input_file_list>
      <input_file id="fl-2">
         <path>./</path>
         <kind>object</kind>
         <file>main.obj</file>
         <name>main.obj</name>
      </input_file>
      <input_file id="fl-3">
         <path>./</path>
         <kind>object</kind>
         <file>startup_msp432p401r_ccs.obj</file>
         <name>startup_msp432p401r_ccs.obj</name>
      </input_file>
      <input_file id="fl-4">
         <path>./</path>
         <kind>object</kind>
         <file>system_msp432p401r.obj</file>
         <name>system_msp432p401r.obj</name>
      </input_file>
      <input_file id="fl-5">
         <path>./Lib/</path>
         <kind>object</kind>
         <file>ESP8266.obj</file>
         <name>ESP8266.obj</name>
      </input_file>
      <input_file id="fl-6">
         <path>./Lib/</path>
         <kind>object</kind>
         <file>MSPIO.obj</file>
         <name>MSPIO.obj</name>
      </input_file>
      <input_file id="fl-7">
         <path>./Lib/</path>
         <kind>object</kind>
         <file>UART_Driver.obj</file>
         <name>UART_Driver.obj</name>
      </input_file>
      <input_file id="fl-8">
         <path>./Lib/</path>
         <kind>object</kind>
         <file>data_collector.obj</file>
         <name>data_collector.obj</name>
      </input_file>
      <input_file id="fl-9">
         <path>./Lib/</path>
         <kind>object</kind>
         <file>hardware_init.obj</file>
         <name>hardware_init.obj</name>
      </input_file>
      <input_file id="fl-a">
         <path>./Lib/</path>
         <kind>object</kind>
         <file>set_accelerometer.obj</file>
         <name>set_accelerometer.obj</name>
      </input_file>
      <input_file id="fl-b">
         <path>./Lib/</path>
         <kind>object</kind>
         <file>uart_driver.obj</file>
         <name>uart_driver.obj</name>
      </input_file>
      <input_file id="fl-c">
         <path>./Lib/</path>
         <kind>object</kind>
         <file>utils.obj</file>
         <name>utils.obj</name>
      </input_file>
      <input_file id="fl-d">
         <path>./Lib/GrLib/fonts/</path>
         <kind>object</kind>
         <file>fontfixed6x8.obj</file>
         <name>fontfixed6x8.obj</name>
      </input_file>
      <input_file id="fl-e">
         <path>./Lib/GrLib/grlib/</path>
         <kind>object</kind>
         <file>button.obj</file>
         <name>button.obj</name>
      </input_file>
      <input_file id="fl-f">
         <path>./Lib/GrLib/grlib/</path>
         <kind>object</kind>
         <file>checkbox.obj</file>
         <name>checkbox.obj</name>
      </input_file>
      <input_file id="fl-10">
         <path>./Lib/GrLib/grlib/</path>
         <kind>object</kind>
         <file>circle.obj</file>
         <name>circle.obj</name>
      </input_file>
      <input_file id="fl-11">
         <path>./Lib/GrLib/grlib/</path>
         <kind>object</kind>
         <file>context.obj</file>
         <name>context.obj</name>
      </input_file>
      <input_file id="fl-12">
         <path>./Lib/GrLib/grlib/</path>
         <kind>object</kind>
         <file>display.obj</file>
         <name>display.obj</name>
      </input_file>
      <input_file id="fl-13">
         <path>./Lib/GrLib/grlib/</path>
         <kind>object</kind>
         <file>image.obj</file>
         <name>image.obj</name>
      </input_file>
      <input_file id="fl-14">
         <path>./Lib/GrLib/grlib/</path>
         <kind>object</kind>
         <file>imageButton.obj</file>
         <name>imageButton.obj</name>
      </input_file>
      <input_file id="fl-15">
         <path>./Lib/GrLib/grlib/</path>
         <kind>object</kind>
         <file>line.obj</file>
         <name>line.obj</name>
      </input_file>
      <input_file id="fl-16">
         <path>./Lib/GrLib/grlib/</path>
         <kind>object</kind>
         <file>radioButton.obj</file>
         <name>radioButton.obj</name>
      </input_file>
      <input_file id="fl-17">
         <path>./Lib/GrLib/grlib/</path>
         <kind>object</kind>
         <file>rectangle.obj</file>
         <name>rectangle.obj</name>
      </input_file>
      <input_file id="fl-18">
         <path>./Lib/GrLib/grlib/</path>
         <kind>object</kind>
         <file>string.obj</file>
         <name>string.obj</name>
      </input_file>
      <input_file id="fl-19">
         <path>./Lib/LcdDriver/</path>
         <kind>object</kind>
         <file>Crystalfontz128x128_ST7735.obj</file>
         <name>Crystalfontz128x128_ST7735.obj</name>
      </input_file>
      <input_file id="fl-1a">
         <path>./Lib/LcdDriver/</path>
         <kind>object</kind>
         <file>HAL_MSP_EXP432P401R_Crystalfontz128x128_ST7735.obj</file>
         <name>HAL_MSP_EXP432P401R_Crystalfontz128x128_ST7735.obj</name>
      </input_file>
      <input_file id="fl-1b">
         <path>./Lib/driverlib/MSP432P4xx/</path>
         <kind>object</kind>
         <file>adc14.obj</file>
         <name>adc14.obj</name>
      </input_file>
      <input_file id="fl-1c">
         <path>./Lib/driverlib/MSP432P4xx/</path>
         <kind>object</kind>
         <file>aes256.obj</file>
         <name>aes256.obj</name>
      </input_file>
      <input_file id="fl-1d">
         <path>./Lib/driverlib/MSP432P4xx/</path>
         <kind>object</kind>
         <file>comp_e.obj</file>
         <name>comp_e.obj</name>
      </input_file>
      <input_file id="fl-1e">
         <path>./Lib/driverlib/MSP432P4xx/</path>
         <kind>object</kind>
         <file>cpu.obj</file>
         <name>cpu.obj</name>
      </input_file>
      <input_file id="fl-1f">
         <path>./Lib/driverlib/MSP432P4xx/</path>
         <kind>object</kind>
         <file>crc32.obj</file>
         <name>crc32.obj</name>
      </input_file>
      <input_file id="fl-20">
         <path>./Lib/driverlib/MSP432P4xx/</path>
         <kind>object</kind>
         <file>cs.obj</file>
         <name>cs.obj</name>
      </input_file>
      <input_file id="fl-21">
         <path>./Lib/driverlib/MSP432P4xx/</path>
         <kind>object</kind>
         <file>dma.obj</file>
         <name>dma.obj</name>
      </input_file>
      <input_file id="fl-22">
         <path>./Lib/driverlib/MSP432P4xx/</path>
         <kind>object</kind>
         <file>flash.obj</file>
         <name>flash.obj</name>
      </input_file>
      <input_file id="fl-23">
         <path>./Lib/driverlib/MSP432P4xx/</path>
         <kind>object</kind>
         <file>fpu.obj</file>
         <name>fpu.obj</name>
      </input_file>
      <input_file id="fl-24">
         <path>./Lib/driverlib/MSP432P4xx/</path>
         <kind>object</kind>
         <file>gpio.obj</file>
         <name>gpio.obj</name>
      </input_file>
      <input_file id="fl-25">
         <path>./Lib/driverlib/MSP432P4xx/</path>
         <kind>object</kind>
         <file>i2c.obj</file>
         <name>i2c.obj</name>
      </input_file>
      <input_file id="fl-26">
         <path>./Lib/driverlib/MSP432P4xx/</path>
         <kind>object</kind>
         <file>interrupt.obj</file>
         <name>interrupt.obj</name>
      </input_file>
      <input_file id="fl-27">
         <path>./Lib/driverlib/MSP432P4xx/</path>
         <kind>object</kind>
         <file>mpu.obj</file>
         <name>mpu.obj</name>
      </input_file>
      <input_file id="fl-28">
         <path>./Lib/driverlib/MSP432P4xx/</path>
         <kind>object</kind>
         <file>pcm.obj</file>
         <name>pcm.obj</name>
      </input_file>
      <input_file id="fl-29">
         <path>./Lib/driverlib/MSP432P4xx/</path>
         <kind>object</kind>
         <file>pmap.obj</file>
         <name>pmap.obj</name>
      </input_file>
      <input_file id="fl-2a">
         <path>./Lib/driverlib/MSP432P4xx/</path>
         <kind>object</kind>
         <file>pss.obj</file>
         <name>pss.obj</name>
      </input_file>
      <input_file id="fl-2b">
         <path>./Lib/driverlib/MSP432P4xx/</path>
         <kind>object</kind>
         <file>ref_a.obj</file>
         <name>ref_a.obj</name>
      </input_file>
      <input_file id="fl-2c">
         <path>./Lib/driverlib/MSP432P4xx/</path>
         <kind>object</kind>
         <file>reset.obj</file>
         <name>reset.obj</name>
      </input_file>
      <input_file id="fl-2d">
         <path>./Lib/driverlib/MSP432P4xx/</path>
         <kind>object</kind>
         <file>rtc_c.obj</file>
         <name>rtc_c.obj</name>
      </input_file>
      <input_file id="fl-2e">
         <path>./Lib/driverlib/MSP432P4xx/</path>
         <kind>object</kind>
         <file>spi.obj</file>
         <name>spi.obj</name>
      </input_file>
      <input_file id="fl-2f">
         <path>./Lib/driverlib/MSP432P4xx/</path>
         <kind>object</kind>
         <file>sysctl.obj</file>
         <name>sysctl.obj</name>
      </input_file>
      <input_file id="fl-30">
         <path>./Lib/driverlib/MSP432P4xx/</path>
         <kind>object</kind>
         <file>systick.obj</file>
         <name>systick.obj</name>
      </input_file>
      <input_file id="fl-31">
         <path>./Lib/driverlib/MSP432P4xx/</path>
         <kind>object</kind>
         <file>timer32.obj</file>
         <name>timer32.obj</name>
      </input_file>
      <input_file id="fl-32">
         <path>./Lib/driverlib/MSP432P4xx/</path>
         <kind>object</kind>
         <file>timer_a.obj</file>
         <name>timer_a.obj</name>
      </input_file>
      <input_file id="fl-33">
         <path>./Lib/driverlib/MSP432P4xx/</path>
         <kind>object</kind>
         <file>uart.obj</file>
         <name>uart.obj</name>
      </input_file>
      <input_file id="fl-34">
         <path>./Lib/driverlib/MSP432P4xx/</path>
         <kind>object</kind>
         <file>wdt_a.obj</file>
         <name>wdt_a.obj</name>
      </input_file>
      <input_file id="fl-38">
         <kind>object</kind>
         <file>&lt;internal&gt;</file>
         <name>&lt;internal&gt;</name>
      </input_file>
      <input_file id="fl-ee">
         <path>/home/jawa17/ti/ccs1100/ccs/tools/compiler/ti-cgt-arm_20.2.5.LTS/lib/</path>
         <kind>archive</kind>
         <file>rtsv7M4_T_le_v4SPD16_eabi.lib</file>
         <name>sprintf.c.obj</name>
      </input_file>
      <input_file id="fl-ef">
         <path>/home/jawa17/ti/ccs1100/ccs/tools/compiler/ti-cgt-arm_20.2.5.LTS/lib/</path>
         <kind>archive</kind>
         <file>rtsv7M4_T_le_v4SPD16_eabi.lib</file>
         <name>vsnprintf.c.obj</name>
      </input_file>
      <input_file id="fl-f0">
         <path>/home/jawa17/ti/ccs1100/ccs/tools/compiler/ti-cgt-arm_20.2.5.LTS/lib/</path>
         <kind>archive</kind>
         <file>rtsv7M4_T_le_v4SPD16_eabi.lib</file>
         <name>e_sqrt.c.obj</name>
      </input_file>
      <input_file id="fl-f1">
         <path>/home/jawa17/ti/ccs1100/ccs/tools/compiler/ti-cgt-arm_20.2.5.LTS/lib/</path>
         <kind>archive</kind>
         <file>rtsv7M4_T_le_v4SPD16_eabi.lib</file>
         <name>fd_add_t2.asm.obj</name>
      </input_file>
      <input_file id="fl-f2">
         <path>/home/jawa17/ti/ccs1100/ccs/tools/compiler/ti-cgt-arm_20.2.5.LTS/lib/</path>
         <kind>archive</kind>
         <file>rtsv7M4_T_le_v4SPD16_eabi.lib</file>
         <name>fd_mul_t2.asm.obj</name>
      </input_file>
      <input_file id="fl-f3">
         <path>/home/jawa17/ti/ccs1100/ccs/tools/compiler/ti-cgt-arm_20.2.5.LTS/lib/</path>
         <kind>archive</kind>
         <file>rtsv7M4_T_le_v4SPD16_eabi.lib</file>
         <name>fd_toi_t2.asm.obj</name>
      </input_file>
      <input_file id="fl-f4">
         <path>/home/jawa17/ti/ccs1100/ccs/tools/compiler/ti-cgt-arm_20.2.5.LTS/lib/</path>
         <kind>archive</kind>
         <file>rtsv7M4_T_le_v4SPD16_eabi.lib</file>
         <name>i_tofd_t2.asm.obj</name>
      </input_file>
      <input_file id="fl-f5">
         <path>/home/jawa17/ti/ccs1100/ccs/tools/compiler/ti-cgt-arm_20.2.5.LTS/lib/</path>
         <kind>archive</kind>
         <file>rtsv7M4_T_le_v4SPD16_eabi.lib</file>
         <name>memcpy_t2.asm.obj</name>
      </input_file>
      <input_file id="fl-f6">
         <path>/home/jawa17/ti/ccs1100/ccs/tools/compiler/ti-cgt-arm_20.2.5.LTS/lib/</path>
         <kind>archive</kind>
         <file>rtsv7M4_T_le_v4SPD16_eabi.lib</file>
         <name>copy_zero_init.c.obj</name>
      </input_file>
      <input_file id="fl-f7">
         <path>/home/jawa17/ti/ccs1100/ccs/tools/compiler/ti-cgt-arm_20.2.5.LTS/lib/</path>
         <kind>archive</kind>
         <file>rtsv7M4_T_le_v4SPD16_eabi.lib</file>
         <name>copy_decompress_none.c.obj</name>
      </input_file>
      <input_file id="fl-f8">
         <path>/home/jawa17/ti/ccs1100/ccs/tools/compiler/ti-cgt-arm_20.2.5.LTS/lib/</path>
         <kind>archive</kind>
         <file>rtsv7M4_T_le_v4SPD16_eabi.lib</file>
         <name>copy_decompress_lzss.c.obj</name>
      </input_file>
      <input_file id="fl-f9">
         <path>/home/jawa17/ti/ccs1100/ccs/tools/compiler/ti-cgt-arm_20.2.5.LTS/lib/</path>
         <kind>archive</kind>
         <file>rtsv7M4_T_le_v4SPD16_eabi.lib</file>
         <name>localtim.c.obj</name>
      </input_file>
      <input_file id="fl-fa">
         <path>/home/jawa17/ti/ccs1100/ccs/tools/compiler/ti-cgt-arm_20.2.5.LTS/lib/</path>
         <kind>archive</kind>
         <file>rtsv7M4_T_le_v4SPD16_eabi.lib</file>
         <name>ltoa.c.obj</name>
      </input_file>
      <input_file id="fl-fb">
         <path>/home/jawa17/ti/ccs1100/ccs/tools/compiler/ti-cgt-arm_20.2.5.LTS/lib/</path>
         <kind>archive</kind>
         <file>rtsv7M4_T_le_v4SPD16_eabi.lib</file>
         <name>mktime.c.obj</name>
      </input_file>
      <input_file id="fl-fc">
         <path>/home/jawa17/ti/ccs1100/ccs/tools/compiler/ti-cgt-arm_20.2.5.LTS/lib/</path>
         <kind>archive</kind>
         <file>rtsv7M4_T_le_v4SPD16_eabi.lib</file>
         <name>strcpy.c.obj</name>
      </input_file>
      <input_file id="fl-fd">
         <path>/home/jawa17/ti/ccs1100/ccs/tools/compiler/ti-cgt-arm_20.2.5.LTS/lib/</path>
         <kind>archive</kind>
         <file>rtsv7M4_T_le_v4SPD16_eabi.lib</file>
         <name>strstr.c.obj</name>
      </input_file>
      <input_file id="fl-fe">
         <path>/home/jawa17/ti/ccs1100/ccs/tools/compiler/ti-cgt-arm_20.2.5.LTS/lib/</path>
         <kind>archive</kind>
         <file>rtsv7M4_T_le_v4SPD16_eabi.lib</file>
         <name>tmzone.c.obj</name>
      </input_file>
      <input_file id="fl-ff">
         <path>/home/jawa17/ti/ccs1100/ccs/tools/compiler/ti-cgt-arm_20.2.5.LTS/lib/</path>
         <kind>archive</kind>
         <file>rtsv7M4_T_le_v4SPD16_eabi.lib</file>
         <name>errno.c.obj</name>
      </input_file>
      <input_file id="fl-100">
         <path>/home/jawa17/ti/ccs1100/ccs/tools/compiler/ti-cgt-arm_20.2.5.LTS/lib/</path>
         <kind>archive</kind>
         <file>rtsv7M4_T_le_v4SPD16_eabi.lib</file>
         <name>boot_cortex_m.c.obj</name>
      </input_file>
      <input_file id="fl-101">
         <path>/home/jawa17/ti/ccs1100/ccs/tools/compiler/ti-cgt-arm_20.2.5.LTS/lib/</path>
         <kind>archive</kind>
         <file>rtsv7M4_T_le_v4SPD16_eabi.lib</file>
         <name>time.c.obj</name>
      </input_file>
      <input_file id="fl-102">
         <path>/home/jawa17/ti/ccs1100/ccs/tools/compiler/ti-cgt-arm_20.2.5.LTS/lib/</path>
         <kind>archive</kind>
         <file>rtsv7M4_T_le_v4SPD16_eabi.lib</file>
         <name>_printfi.c.obj</name>
      </input_file>
      <input_file id="fl-103">
         <path>/home/jawa17/ti/ccs1100/ccs/tools/compiler/ti-cgt-arm_20.2.5.LTS/lib/</path>
         <kind>archive</kind>
         <file>rtsv7M4_T_le_v4SPD16_eabi.lib</file>
         <name>s_frexp.c.obj</name>
      </input_file>
      <input_file id="fl-104">
         <path>/home/jawa17/ti/ccs1100/ccs/tools/compiler/ti-cgt-arm_20.2.5.LTS/lib/</path>
         <kind>archive</kind>
         <file>rtsv7M4_T_le_v4SPD16_eabi.lib</file>
         <name>s_scalbn.c.obj</name>
      </input_file>
      <input_file id="fl-105">
         <path>/home/jawa17/ti/ccs1100/ccs/tools/compiler/ti-cgt-arm_20.2.5.LTS/lib/</path>
         <kind>archive</kind>
         <file>rtsv7M4_T_le_v4SPD16_eabi.lib</file>
         <name>wcslen.c.obj</name>
      </input_file>
      <input_file id="fl-106">
         <path>/home/jawa17/ti/ccs1100/ccs/tools/compiler/ti-cgt-arm_20.2.5.LTS/lib/</path>
         <kind>archive</kind>
         <file>rtsv7M4_T_le_v4SPD16_eabi.lib</file>
         <name>fd_cmp_t2.asm.obj</name>
      </input_file>
      <input_file id="fl-107">
         <path>/home/jawa17/ti/ccs1100/ccs/tools/compiler/ti-cgt-arm_20.2.5.LTS/lib/</path>
         <kind>archive</kind>
         <file>rtsv7M4_T_le_v4SPD16_eabi.lib</file>
         <name>fd_div_t2.asm.obj</name>
      </input_file>
      <input_file id="fl-108">
         <path>/home/jawa17/ti/ccs1100/ccs/tools/compiler/ti-cgt-arm_20.2.5.LTS/lib/</path>
         <kind>archive</kind>
         <file>rtsv7M4_T_le_v4SPD16_eabi.lib</file>
         <name>u_divt2.asm.obj</name>
      </input_file>
      <input_file id="fl-109">
         <path>/home/jawa17/ti/ccs1100/ccs/tools/compiler/ti-cgt-arm_20.2.5.LTS/lib/</path>
         <kind>archive</kind>
         <file>rtsv7M4_T_le_v4SPD16_eabi.lib</file>
         <name>ll_div_t2.asm.obj</name>
      </input_file>
      <input_file id="fl-10a">
         <path>/home/jawa17/ti/ccs1100/ccs/tools/compiler/ti-cgt-arm_20.2.5.LTS/lib/</path>
         <kind>archive</kind>
         <file>rtsv7M4_T_le_v4SPD16_eabi.lib</file>
         <name>ull_div_t2.asm.obj</name>
      </input_file>
      <input_file id="fl-10b">
         <path>/home/jawa17/ti/ccs1100/ccs/tools/compiler/ti-cgt-arm_20.2.5.LTS/lib/</path>
         <kind>archive</kind>
         <file>rtsv7M4_T_le_v4SPD16_eabi.lib</file>
         <name>memset_t2.asm.obj</name>
      </input_file>
      <input_file id="fl-10c">
         <path>/home/jawa17/ti/ccs1100/ccs/tools/compiler/ti-cgt-arm_20.2.5.LTS/lib/</path>
         <kind>archive</kind>
         <file>rtsv7M4_T_le_v4SPD16_eabi.lib</file>
         <name>autoinit.c.obj</name>
      </input_file>
      <input_file id="fl-10d">
         <path>/home/jawa17/ti/ccs1100/ccs/tools/compiler/ti-cgt-arm_20.2.5.LTS/lib/</path>
         <kind>archive</kind>
         <file>rtsv7M4_T_le_v4SPD16_eabi.lib</file>
         <name>pre_init.c.obj</name>
      </input_file>
      <input_file id="fl-10e">
         <path>/home/jawa17/ti/ccs1100/ccs/tools/compiler/ti-cgt-arm_20.2.5.LTS/lib/</path>
         <kind>archive</kind>
         <file>rtsv7M4_T_le_v4SPD16_eabi.lib</file>
         <name>cpy_tbl.c.obj</name>
      </input_file>
      <input_file id="fl-10f">
         <path>/home/jawa17/ti/ccs1100/ccs/tools/compiler/ti-cgt-arm_20.2.5.LTS/lib/</path>
         <kind>archive</kind>
         <file>rtsv7M4_T_le_v4SPD16_eabi.lib</file>
         <name>exit.c.obj</name>
      </input_file>
      <input_file id="fl-110">
         <path>/home/jawa17/ti/ccs1100/ccs/tools/compiler/ti-cgt-arm_20.2.5.LTS/lib/</path>
         <kind>archive</kind>
         <file>rtsv7M4_T_le_v4SPD16_eabi.lib</file>
         <name>_lock.c.obj</name>
      </input_file>
      <input_file id="fl-111">
         <path>/home/jawa17/ti/ccs1100/ccs/tools/compiler/ti-cgt-arm_20.2.5.LTS/lib/</path>
         <kind>archive</kind>
         <file>rtsv7M4_T_le_v4SPD16_eabi.lib</file>
         <name>_ltoa.c.obj</name>
      </input_file>
      <input_file id="fl-112">
         <path>/home/jawa17/ti/ccs1100/ccs/tools/compiler/ti-cgt-arm_20.2.5.LTS/lib/</path>
         <kind>archive</kind>
         <file>rtsv7M4_T_le_v4SPD16_eabi.lib</file>
         <name>args_main.c.obj</name>
      </input_file>
      <input_file id="fl-113">
         <path>/home/jawa17/ti/ccs1100/ccs/tools/compiler/ti-cgt-arm_20.2.5.LTS/lib/</path>
         <kind>archive</kind>
         <file>rtsv7M4_T_le_v4SPD16_eabi.lib</file>
         <name>atoi.c.obj</name>
      </input_file>
      <input_file id="fl-114">
         <path>/home/jawa17/ti/ccs1100/ccs/tools/compiler/ti-cgt-arm_20.2.5.LTS/lib/</path>
         <kind>archive</kind>
         <file>rtsv7M4_T_le_v4SPD16_eabi.lib</file>
         <name>ctype.c.obj</name>
      </input_file>
      <input_file id="fl-115">
         <path>/home/jawa17/ti/ccs1100/ccs/tools/compiler/ti-cgt-arm_20.2.5.LTS/lib/</path>
         <kind>archive</kind>
         <file>rtsv7M4_T_le_v4SPD16_eabi.lib</file>
         <name>memccpy.c.obj</name>
      </input_file>
      <input_file id="fl-116">
         <path>/home/jawa17/ti/ccs1100/ccs/tools/compiler/ti-cgt-arm_20.2.5.LTS/lib/</path>
         <kind>archive</kind>
         <file>rtsv7M4_T_le_v4SPD16_eabi.lib</file>
         <name>strchr.c.obj</name>
      </input_file>
      <input_file id="fl-117">
         <path>/home/jawa17/ti/ccs1100/ccs/tools/compiler/ti-cgt-arm_20.2.5.LTS/lib/</path>
         <kind>archive</kind>
         <file>rtsv7M4_T_le_v4SPD16_eabi.lib</file>
         <name>strlen.c.obj</name>
      </input_file>
      <input_file id="fl-118">
         <path>/home/jawa17/ti/ccs1100/ccs/tools/compiler/ti-cgt-arm_20.2.5.LTS/lib/</path>
         <kind>archive</kind>
         <file>rtsv7M4_T_le_v4SPD16_eabi.lib</file>
         <name>hosttime.c.obj</name>
      </input_file>
      <input_file id="fl-119">
         <path>/home/jawa17/ti/ccs1100/ccs/tools/compiler/ti-cgt-arm_20.2.5.LTS/lib/</path>
         <kind>archive</kind>
         <file>rtsv7M4_T_le_v4SPD16_eabi.lib</file>
         <name>trgmsg.c.obj</name>
      </input_file>
      <input_file id="fl-11a">
         <path>/home/jawa17/ti/ccs1100/ccs/tools/compiler/ti-cgt-arm_20.2.5.LTS/lib/</path>
         <kind>archive</kind>
         <file>rtsv7M4_T_le_v4SPD16_eabi.lib</file>
         <name>s_copysign.c.obj</name>
      </input_file>
      <input_file id="fl-11b">
         <path>/home/jawa17/ti/ccs1100/ccs/tools/compiler/ti-cgt-arm_20.2.5.LTS/lib/</path>
         <kind>archive</kind>
         <file>rtsv7M4_T_le_v4SPD16_eabi.lib</file>
         <name>div0.asm.obj</name>
      </input_file>
      <input_file id="fl-11c">
         <path>/home/jawa17/ti/ccs1100/ccs/tools/compiler/ti-cgt-arm_20.2.5.LTS/lib/</path>
         <kind>archive</kind>
         <file>rtsv7M4_T_le_v4SPD16_eabi.lib</file>
         <name>hostopen.c.obj</name>
      </input_file>
   </input_file_list>
   <object_component_list>
      <object_component id="oc-26">
         <name>.intvecs:retain</name>
         <load_address>0x0</load_address>
         <run_address>0x0</run_address>
         <size>0xe4</size>
         <input_file_ref idref="fl-3"/>
      </object_component>
      <object_component id="oc-1ac">
         <name>.text</name>
         <load_address>0xe4</load_address>
         <run_address>0xe4</run_address>
         <size>0x1598</size>
         <input_file_ref idref="fl-22"/>
      </object_component>
      <object_component id="oc-1b2">
         <name>.text</name>
         <load_address>0x167c</load_address>
         <run_address>0x167c</run_address>
         <size>0xd80</size>
         <input_file_ref idref="fl-20"/>
      </object_component>
      <object_component id="oc-1f7">
         <name>.text:__TI_printfi</name>
         <load_address>0x23fc</load_address>
         <run_address>0x23fc</run_address>
         <size>0xa4e</size>
         <input_file_ref idref="fl-102"/>
      </object_component>
      <object_component id="oc-328">
         <name>.text:_nop</name>
         <load_address>0x2e4a</load_address>
         <run_address>0x2e4a</run_address>
         <size>0x2</size>
         <input_file_ref idref="fl-110"/>
      </object_component>
      <object_component id="oc-f5">
         <name>.text</name>
         <load_address>0x2e4c</load_address>
         <run_address>0x2e4c</run_address>
         <size>0x8d4</size>
         <input_file_ref idref="fl-1b"/>
      </object_component>
      <object_component id="oc-394">
         <name>.text</name>
         <load_address>0x3720</load_address>
         <run_address>0x3720</run_address>
         <size>0x8a4</size>
         <input_file_ref idref="fl-2e"/>
      </object_component>
      <object_component id="oc-1a6">
         <name>.text</name>
         <load_address>0x3fc4</load_address>
         <run_address>0x3fc4</run_address>
         <size>0x838</size>
         <input_file_ref idref="fl-28"/>
      </object_component>
      <object_component id="oc-e9">
         <name>.text</name>
         <load_address>0x47fc</load_address>
         <run_address>0x47fc</run_address>
         <size>0x798</size>
         <input_file_ref idref="fl-32"/>
      </object_component>
      <object_component id="oc-1ca">
         <name>.text</name>
         <load_address>0x4f94</load_address>
         <run_address>0x4f94</run_address>
         <size>0x678</size>
         <input_file_ref idref="fl-19"/>
      </object_component>
      <object_component id="oc-1e2">
         <name>.text</name>
         <load_address>0x560c</load_address>
         <run_address>0x560c</run_address>
         <size>0x630</size>
         <input_file_ref idref="fl-18"/>
      </object_component>
      <object_component id="oc-1c4">
         <name>.text</name>
         <load_address>0x5c3c</load_address>
         <run_address>0x5c3c</run_address>
         <size>0x508</size>
         <input_file_ref idref="fl-2d"/>
      </object_component>
      <object_component id="oc-2ba">
         <name>.text</name>
         <load_address>0x6144</load_address>
         <run_address>0x6144</run_address>
         <size>0x490</size>
         <input_file_ref idref="fl-15"/>
      </object_component>
      <object_component id="oc-b2">
         <name>.text</name>
         <load_address>0x65d4</load_address>
         <run_address>0x65d4</run_address>
         <size>0x480</size>
         <input_file_ref idref="fl-24"/>
      </object_component>
      <object_component id="oc-b8">
         <name>.text</name>
         <load_address>0x6a54</load_address>
         <run_address>0x6a54</run_address>
         <size>0x41c</size>
         <input_file_ref idref="fl-33"/>
      </object_component>
      <object_component id="oc-be">
         <name>.text</name>
         <load_address>0x6e70</load_address>
         <run_address>0x6e70</run_address>
         <size>0x3f0</size>
         <input_file_ref idref="fl-26"/>
      </object_component>
      <object_component id="oc-ab">
         <name>.text</name>
         <load_address>0x7260</load_address>
         <run_address>0x7260</run_address>
         <size>0x334</size>
         <input_file_ref idref="fl-4"/>
      </object_component>
      <object_component id="oc-73">
         <name>.text</name>
         <load_address>0x7594</load_address>
         <run_address>0x7594</run_address>
         <size>0x2f4</size>
         <input_file_ref idref="fl-2"/>
      </object_component>
      <object_component id="oc-6d">
         <name>.text</name>
         <load_address>0x7888</load_address>
         <run_address>0x7888</run_address>
         <size>0x2dc</size>
         <input_file_ref idref="fl-7"/>
      </object_component>
      <object_component id="oc-286">
         <name>.text:__mktime32</name>
         <load_address>0x7b64</load_address>
         <run_address>0x7b64</run_address>
         <size>0x2a0</size>
         <input_file_ref idref="fl-fb"/>
      </object_component>
      <object_component id="oc-2fa">
         <name>.text:_pconv_a</name>
         <load_address>0x7e04</load_address>
         <run_address>0x7e04</run_address>
         <size>0x270</size>
         <input_file_ref idref="fl-102"/>
      </object_component>
      <object_component id="oc-e3">
         <name>.text</name>
         <load_address>0x8074</load_address>
         <run_address>0x8074</run_address>
         <size>0x266</size>
         <input_file_ref idref="fl-11"/>
      </object_component>
      <object_component id="oc-376">
         <name>.text</name>
         <load_address>0x82da</load_address>
         <run_address>0x82da</run_address>
         <size>0x2</size>
         <input_file_ref idref="fl-11b"/>
      </object_component>
      <object_component id="oc-260">
         <name>.text</name>
         <load_address>0x82dc</load_address>
         <run_address>0x82dc</run_address>
         <size>0x244</size>
         <input_file_ref idref="fl-2f"/>
      </object_component>
      <object_component id="oc-2e8">
         <name>.text:_pconv_g</name>
         <load_address>0x8520</load_address>
         <run_address>0x8520</run_address>
         <size>0x1d0</size>
         <input_file_ref idref="fl-102"/>
      </object_component>
      <object_component id="oc-dd">
         <name>.text</name>
         <load_address>0x86f0</load_address>
         <run_address>0x86f0</run_address>
         <size>0x1c0</size>
         <input_file_ref idref="fl-c"/>
      </object_component>
      <object_component id="oc-3dc">
         <name>.text</name>
         <load_address>0x88b0</load_address>
         <run_address>0x88b0</run_address>
         <size>0x1b6</size>
         <input_file_ref idref="fl-f1"/>
      </object_component>
      <object_component id="oc-d7">
         <name>.text</name>
         <load_address>0x8a68</load_address>
         <run_address>0x8a68</run_address>
         <size>0x1a4</size>
         <input_file_ref idref="fl-9"/>
      </object_component>
      <object_component id="oc-2f4">
         <name>.text:_pconv_e</name>
         <load_address>0x8c0c</load_address>
         <run_address>0x8c0c</run_address>
         <size>0x13c</size>
         <input_file_ref idref="fl-102"/>
      </object_component>
      <object_component id="oc-3c2">
         <name>.text</name>
         <load_address>0x8d48</load_address>
         <run_address>0x8d48</run_address>
         <size>0x136</size>
         <input_file_ref idref="fl-107"/>
      </object_component>
      <object_component id="oc-1be">
         <name>.text:__localtime32</name>
         <load_address>0x8e80</load_address>
         <run_address>0x8e80</run_address>
         <size>0x134</size>
         <input_file_ref idref="fl-f9"/>
      </object_component>
      <object_component id="oc-1ed">
         <name>.text</name>
         <load_address>0x8fb4</load_address>
         <run_address>0x8fb4</run_address>
         <size>0x134</size>
         <input_file_ref idref="fl-12"/>
      </object_component>
      <object_component id="oc-3ee">
         <name>.text:fcvt</name>
         <load_address>0x90e8</load_address>
         <run_address>0x90e8</run_address>
         <size>0x124</size>
         <input_file_ref idref="fl-102"/>
      </object_component>
      <object_component id="oc-402">
         <name>.text:scalbn</name>
         <load_address>0x920c</load_address>
         <run_address>0x920c</run_address>
         <size>0x110</size>
         <input_file_ref idref="fl-104"/>
      </object_component>
      <object_component id="oc-3bd">
         <name>.text</name>
         <load_address>0x931c</load_address>
         <run_address>0x931c</run_address>
         <size>0xfc</size>
         <input_file_ref idref="fl-f2"/>
      </object_component>
      <object_component id="oc-1a0">
         <name>.text</name>
         <load_address>0x9418</load_address>
         <run_address>0x9418</run_address>
         <size>0xd8</size>
         <input_file_ref idref="fl-34"/>
      </object_component>
      <object_component id="oc-29b">
         <name>.text</name>
         <load_address>0x94f0</load_address>
         <run_address>0x94f0</run_address>
         <size>0xbc</size>
         <input_file_ref idref="fl-1a"/>
      </object_component>
      <object_component id="oc-2dd">
         <name>.text:_ltostr</name>
         <load_address>0x95ac</load_address>
         <run_address>0x95ac</run_address>
         <size>0xb1</size>
         <input_file_ref idref="fl-102"/>
      </object_component>
      <object_component id="oc-37">
         <name>.text</name>
         <load_address>0x965e</load_address>
         <run_address>0x965e</run_address>
         <size>0x9c</size>
         <input_file_ref idref="fl-f5"/>
      </object_component>
      <object_component id="oc-3b6">
         <name>.text</name>
         <load_address>0x96fa</load_address>
         <run_address>0x96fa</run_address>
         <size>0x96</size>
         <input_file_ref idref="fl-10a"/>
      </object_component>
      <object_component id="oc-2e3">
         <name>.text:__aeabi_cdcmple</name>
         <load_address>0x9790</load_address>
         <run_address>0x9790</run_address>
         <size>0x86</size>
         <input_file_ref idref="fl-106"/>
      </object_component>
      <object_component id="oc-3c7">
         <name>.text:__aeabi_cdrcmple</name>
         <load_address>0x9816</load_address>
         <run_address>0x9816</run_address>
         <size>0x86</size>
         <input_file_ref idref="fl-106"/>
      </object_component>
      <object_component id="oc-93">
         <name>.text</name>
         <load_address>0x989c</load_address>
         <run_address>0x989c</run_address>
         <size>0x7a</size>
         <input_file_ref idref="fl-10b"/>
      </object_component>
      <object_component id="oc-3e7">
         <name>.text:_mcpy</name>
         <load_address>0x9916</load_address>
         <run_address>0x9916</run_address>
         <size>0x6e</size>
         <input_file_ref idref="fl-102"/>
      </object_component>
      <object_component id="oc-37c">
         <name>.text</name>
         <load_address>0x9984</load_address>
         <run_address>0x9984</run_address>
         <size>0x6e</size>
         <input_file_ref idref="fl-109"/>
      </object_component>
      <object_component id="oc-17">
         <name>.text:decompress:lzss:__TI_decompress_lzss</name>
         <load_address>0x99f2</load_address>
         <run_address>0x99f2</run_address>
         <size>0x68</size>
         <input_file_ref idref="fl-f8"/>
      </object_component>
      <object_component id="oc-3fc">
         <name>.text:frexp</name>
         <load_address>0x9a5c</load_address>
         <run_address>0x9a5c</run_address>
         <size>0x64</size>
         <input_file_ref idref="fl-103"/>
      </object_component>
      <object_component id="oc-2ee">
         <name>.text:_pconv_f</name>
         <load_address>0x9ac0</load_address>
         <run_address>0x9ac0</run_address>
         <size>0x56</size>
         <input_file_ref idref="fl-102"/>
      </object_component>
      <object_component id="oc-3d1">
         <name>.text:__TI_ltoa</name>
         <load_address>0x9b16</load_address>
         <run_address>0x9b16</run_address>
         <size>0x54</size>
         <input_file_ref idref="fl-111"/>
      </object_component>
      <object_component id="oc-3e1">
         <name>.text:_ecpy</name>
         <load_address>0x9b6a</load_address>
         <run_address>0x9b6a</run_address>
         <size>0x52</size>
         <input_file_ref idref="fl-102"/>
      </object_component>
      <object_component id="oc-2d7">
         <name>.text:atoi</name>
         <load_address>0x9bbc</load_address>
         <run_address>0x9bbc</run_address>
         <size>0x4c</size>
         <input_file_ref idref="fl-113"/>
      </object_component>
      <object_component id="oc-274">
         <name>.text:HOSTtime</name>
         <load_address>0x9c08</load_address>
         <run_address>0x9c08</run_address>
         <size>0x48</size>
         <input_file_ref idref="fl-118"/>
      </object_component>
      <object_component id="oc-3cc">
         <name>.text</name>
         <load_address>0x9c50</load_address>
         <run_address>0x9c50</run_address>
         <size>0x48</size>
         <input_file_ref idref="fl-f3"/>
      </object_component>
      <object_component id="oc-128">
         <name>.text:__TI_auto_init_nobinit_nopinit:__TI_auto_init_nobinit_nopinit</name>
         <load_address>0x9c98</load_address>
         <run_address>0x9c98</run_address>
         <size>0x44</size>
         <input_file_ref idref="fl-10c"/>
      </object_component>
      <object_component id="oc-281">
         <name>.text</name>
         <load_address>0x9cdc</load_address>
         <run_address>0x9cdc</run_address>
         <size>0x40</size>
         <input_file_ref idref="fl-108"/>
      </object_component>
      <object_component id="oc-ef">
         <name>.text:sprintf</name>
         <load_address>0x9d1c</load_address>
         <run_address>0x9d1c</run_address>
         <size>0x40</size>
         <input_file_ref idref="fl-ee"/>
      </object_component>
      <object_component id="oc-3f4">
         <name>.text:_fcpy</name>
         <load_address>0x9d5c</load_address>
         <run_address>0x9d5c</run_address>
         <size>0x3e</size>
         <input_file_ref idref="fl-102"/>
      </object_component>
      <object_component id="oc-172">
         <name>.text</name>
         <load_address>0x9d9a</load_address>
         <run_address>0x9d9a</run_address>
         <size>0x3e</size>
         <input_file_ref idref="fl-1e"/>
      </object_component>
      <object_component id="oc-35a">
         <name>.text:__TI_writemsg</name>
         <load_address>0x9dd8</load_address>
         <run_address>0x9dd8</run_address>
         <size>0x38</size>
         <input_file_ref idref="fl-119"/>
      </object_component>
      <object_component id="oc-360">
         <name>.text:__TI_readmsg</name>
         <load_address>0x9e10</load_address>
         <run_address>0x9e10</run_address>
         <size>0x34</size>
         <input_file_ref idref="fl-119"/>
      </object_component>
      <object_component id="oc-55">
         <name>.text:_c_int00_noargs:_c_int00_noargs</name>
         <load_address>0x9e44</load_address>
         <run_address>0x9e44</run_address>
         <size>0x34</size>
         <input_file_ref idref="fl-100"/>
      </object_component>
      <object_component id="oc-3d7">
         <name>.text</name>
         <load_address>0x9e78</load_address>
         <run_address>0x9e78</run_address>
         <size>0x2e</size>
         <input_file_ref idref="fl-f4"/>
      </object_component>
      <object_component id="oc-300">
         <name>.text:memccpy</name>
         <load_address>0x9ea6</load_address>
         <run_address>0x9ea6</run_address>
         <size>0x1c</size>
         <input_file_ref idref="fl-115"/>
      </object_component>
      <object_component id="oc-475">
         <name>.text:copysign</name>
         <load_address>0x9ec2</load_address>
         <run_address>0x9ec2</run_address>
         <size>0x1a</size>
         <input_file_ref idref="fl-11a"/>
      </object_component>
      <object_component id="oc-1fd">
         <name>.text:_outs</name>
         <load_address>0x9edc</load_address>
         <run_address>0x9edc</run_address>
         <size>0x18</size>
         <input_file_ref idref="fl-ee"/>
      </object_component>
      <object_component id="oc-408">
         <name>.text:strchr</name>
         <load_address>0x9ef4</load_address>
         <run_address>0x9ef4</run_address>
         <size>0x16</size>
         <input_file_ref idref="fl-116"/>
      </object_component>
      <object_component id="oc-2d1">
         <name>.text:strlen</name>
         <load_address>0x9f0a</load_address>
         <run_address>0x9f0a</run_address>
         <size>0x14</size>
         <input_file_ref idref="fl-117"/>
      </object_component>
      <object_component id="oc-306">
         <name>.text:wcslen</name>
         <load_address>0x9f1e</load_address>
         <run_address>0x9f1e</run_address>
         <size>0x12</size>
         <input_file_ref idref="fl-105"/>
      </object_component>
      <object_component id="oc-1b8">
         <name>.text:__time32</name>
         <load_address>0x9f30</load_address>
         <run_address>0x9f30</run_address>
         <size>0xe</size>
         <input_file_ref idref="fl-101"/>
      </object_component>
      <object_component id="oc-1d">
         <name>.text:decompress:none:__TI_decompress_none</name>
         <load_address>0x9f3e</load_address>
         <run_address>0x9f3e</run_address>
         <size>0xe</size>
         <input_file_ref idref="fl-f7"/>
      </object_component>
      <object_component id="oc-67">
         <name>.text</name>
         <load_address>0x9f4c</load_address>
         <run_address>0x9f4c</run_address>
         <size>0xe</size>
         <input_file_ref idref="fl-3"/>
      </object_component>
      <object_component id="oc-49">
         <name>.text:decompress:ZI:__TI_zero_init</name>
         <load_address>0x9f5a</load_address>
         <run_address>0x9f5a</run_address>
         <size>0xc</size>
         <input_file_ref idref="fl-f6"/>
      </object_component>
      <object_component id="oc-203">
         <name>.text:_outc</name>
         <load_address>0x9f66</load_address>
         <run_address>0x9f66</run_address>
         <size>0xa</size>
         <input_file_ref idref="fl-ee"/>
      </object_component>
      <object_component id="oc-30c">
         <name>.text:__aeabi_errno_addr</name>
         <load_address>0x9f70</load_address>
         <run_address>0x9f70</run_address>
         <size>0x8</size>
         <input_file_ref idref="fl-ff"/>
      </object_component>
      <object_component id="oc-99">
         <name>.text:_system_pre_init</name>
         <load_address>0x9f78</load_address>
         <run_address>0x9f78</run_address>
         <size>0x4</size>
         <input_file_ref idref="fl-10d"/>
      </object_component>
      <object_component id="oc-11c">
         <name>.text:abort:abort</name>
         <load_address>0x9f7c</load_address>
         <run_address>0x9f7c</run_address>
         <size>0x4</size>
         <input_file_ref idref="fl-10f"/>
      </object_component>
      <object_component id="oc-2ad">
         <name>.const:.string:g_pucFontFixed6x8Data</name>
         <load_address>0x9f80</load_address>
         <run_address>0x9f80</run_address>
         <size>0x2f8</size>
         <input_file_ref idref="fl-d"/>
      </object_component>
      <object_component id="oc-3b1">
         <name>.const:.string:_ctypes_</name>
         <load_address>0xa278</load_address>
         <run_address>0xa278</run_address>
         <size>0x101</size>
         <input_file_ref idref="fl-114"/>
      </object_component>
      <object_component id="oc-1d3">
         <name>.const:g_sFontFixed6x8</name>
         <load_address>0xa37c</load_address>
         <run_address>0xa37c</run_address>
         <size>0xc8</size>
         <input_file_ref idref="fl-d"/>
      </object_component>
      <object_component id="oc-210">
         <name>.const:_ctlRegs</name>
         <load_address>0xa444</load_address>
         <run_address>0xa444</run_address>
         <size>0x80</size>
         <input_file_ref idref="fl-1b"/>
      </object_component>
      <object_component id="oc-381">
         <name>.const:$O1$$</name>
         <load_address>0xa4c4</load_address>
         <run_address>0xa4c4</run_address>
         <size>0x60</size>
         <input_file_ref idref="fl-fb"/>
      </object_component>
      <object_component id="oc-17e">
         <name>.const:g_pulRegs</name>
         <load_address>0xa524</load_address>
         <run_address>0xa524</run_address>
         <size>0x50</size>
         <input_file_ref idref="fl-26"/>
      </object_component>
      <object_component id="oc-1d0">
         <name>.const:g_sCrystalfontz128x128</name>
         <load_address>0xa574</load_address>
         <run_address>0xa574</run_address>
         <size>0x2c</size>
         <input_file_ref idref="fl-19"/>
      </object_component>
      <object_component id="oc-17b">
         <name>.const:g_pulPriority</name>
         <load_address>0xa5a0</load_address>
         <run_address>0xa5a0</run_address>
         <size>0x20</size>
         <input_file_ref idref="fl-26"/>
      </object_component>
      <object_component id="oc-39a">
         <name>.const:$P$T0$1</name>
         <load_address>0xa5c0</load_address>
         <run_address>0xa5c0</run_address>
         <size>0x1c</size>
         <input_file_ref idref="fl-1a"/>
      </object_component>
      <object_component id="oc-161">
         <name>.const:GPIO_PORT_TO_INT</name>
         <load_address>0xa5dc</load_address>
         <run_address>0xa5dc</run_address>
         <size>0x1c</size>
         <input_file_ref idref="fl-24"/>
      </object_component>
      <object_component id="oc-fe">
         <name>.const:upConfig</name>
         <load_address>0xa5f8</load_address>
         <run_address>0xa5f8</run_address>
         <size>0x18</size>
         <input_file_ref idref="fl-2"/>
      </object_component>
      <object_component id="oc-2a7">
         <name>.const:$P$T0$1</name>
         <load_address>0xa610</load_address>
         <run_address>0xa610</run_address>
         <size>0x8</size>
         <input_file_ref idref="fl-19"/>
      </object_component>
      <object_component id="oc-184">
         <name>.const:g_pulDisRegs</name>
         <load_address>0xa618</load_address>
         <run_address>0xa618</run_address>
         <size>0x8</size>
         <input_file_ref idref="fl-26"/>
      </object_component>
      <object_component id="oc-181">
         <name>.const:g_pulEnRegs</name>
         <load_address>0xa620</load_address>
         <run_address>0xa620</run_address>
         <size>0x8</size>
         <input_file_ref idref="fl-26"/>
      </object_component>
      <object_component id="oc-187">
         <name>.const:g_pulPendRegs</name>
         <load_address>0xa628</load_address>
         <run_address>0xa628</run_address>
         <size>0x8</size>
         <input_file_ref idref="fl-26"/>
      </object_component>
      <object_component id="oc-18a">
         <name>.const:g_pulUnpendRegs</name>
         <load_address>0xa630</load_address>
         <run_address>0xa630</run_address>
         <size>0x8</size>
         <input_file_ref idref="fl-26"/>
      </object_component>
      <object_component id="oc-4dd">
         <name>.cinit..data.load</name>
         <load_address>0xa638</load_address>
         <run_address>0xa638</run_address>
         <size>0x8a</size>
      </object_component>
      <object_component id="oc-4da">
         <name>__TI_handler_table</name>
         <load_address>0xa6c4</load_address>
         <run_address>0xa6c4</run_address>
         <size>0xc</size>
      </object_component>
      <object_component id="oc-4de">
         <name>.cinit..bss.load</name>
         <load_address>0xa6d0</load_address>
         <run_address>0xa6d0</run_address>
         <size>0x8</size>
      </object_component>
      <object_component id="oc-4dc">
         <name>.cinit..vtable.load</name>
         <load_address>0xa6d8</load_address>
         <run_address>0xa6d8</run_address>
         <size>0x8</size>
      </object_component>
      <object_component id="oc-4db">
         <name>__TI_cinit_table</name>
         <load_address>0xa6e0</load_address>
         <run_address>0xa6e0</run_address>
         <size>0x18</size>
      </object_component>
      <object_component id="oc-4ae">
         <name>.binit</name>
         <load_address>0x0</load_address>
         <run_address>0x0</run_address>
         <size>0x0</size>
      </object_component>
      <object_component id="oc-178">
         <name>.vtable</name>
         <uninitialized>true</uninitialized>
         <run_address>0x20000000</run_address>
         <size>0xe4</size>
         <input_file_ref idref="fl-26"/>
      </object_component>
      <object_component id="oc-101">
         <name>.data:compareConfig_PWM</name>
         <load_address>0x200012f0</load_address>
         <run_address>0x200012f0</run_address>
         <size>0x10</size>
         <input_file_ref idref="fl-2"/>
      </object_component>
      <object_component id="oc-15a">
         <name>.data</name>
         <load_address>0x2000130c</load_address>
         <run_address>0x2000130c</run_address>
         <size>0x4</size>
         <input_file_ref idref="fl-4"/>
      </object_component>
      <object_component id="oc-26a">
         <name>.data:__getBurstProgramRegs</name>
         <load_address>0x2000124c</load_address>
         <run_address>0x2000124c</run_address>
         <size>0x40</size>
         <input_file_ref idref="fl-22"/>
      </object_component>
      <object_component id="oc-15e">
         <name>.data:GPIO_PORT_TO_BASE</name>
         <load_address>0x2000128c</load_address>
         <run_address>0x2000128c</run_address>
         <size>0x30</size>
         <input_file_ref idref="fl-24"/>
      </object_component>
      <object_component id="oc-28f">
         <name>.data:local_tm</name>
         <load_address>0x200012bc</load_address>
         <run_address>0x200012bc</run_address>
         <size>0x24</size>
         <input_file_ref idref="fl-f9"/>
      </object_component>
      <object_component id="oc-28c">
         <name>.data:_tz</name>
         <load_address>0x200012e0</load_address>
         <run_address>0x200012e0</run_address>
         <size>0x10</size>
         <input_file_ref idref="fl-fe"/>
      </object_component>
      <object_component id="oc-418">
         <name>.data</name>
         <load_address>0x20001308</load_address>
         <run_address>0x20001308</run_address>
         <size>0x4</size>
         <input_file_ref idref="fl-ff"/>
      </object_component>
      <object_component id="oc-229">
         <name>.data:$O1$$</name>
         <load_address>0x20001300</load_address>
         <run_address>0x20001300</run_address>
         <size>0x8</size>
         <input_file_ref idref="fl-110"/>
      </object_component>
      <object_component id="oc-26f">
         <name>.bss</name>
         <uninitialized>true</uninitialized>
         <run_address>0x20001220</run_address>
         <size>0x8</size>
         <input_file_ref idref="fl-20"/>
      </object_component>
      <object_component id="oc-43f">
         <name>.bss:_CIOBUF_</name>
         <uninitialized>true</uninitialized>
         <run_address>0x200010e4</run_address>
         <size>0x120</size>
         <input_file_ref idref="fl-119"/>
      </object_component>
      <object_component id="oc-fb">
         <name>.common:g_sContext</name>
         <uninitialized>true</uninitialized>
         <run_address>0x20001204</run_address>
         <size>0x1c</size>
      </object_component>
      <object_component id="oc-c8">
         <name>.common:UARTA0Data</name>
         <uninitialized>true</uninitialized>
         <run_address>0x200000e4</run_address>
         <size>0x800</size>
      </object_component>
      <object_component id="oc-c4">
         <name>.common:UARTA0ReadIndex</name>
         <uninitialized>true</uninitialized>
         <run_address>0x20001230</run_address>
         <size>0x4</size>
      </object_component>
      <object_component id="oc-c7">
         <name>.common:UARTA0WriteIndex</name>
         <uninitialized>true</uninitialized>
         <run_address>0x20001234</run_address>
         <size>0x4</size>
      </object_component>
      <object_component id="oc-cb">
         <name>.common:UARTA2Data</name>
         <uninitialized>true</uninitialized>
         <run_address>0x200008e4</run_address>
         <size>0x800</size>
      </object_component>
      <object_component id="oc-c9">
         <name>.common:UARTA2ReadIndex</name>
         <uninitialized>true</uninitialized>
         <run_address>0x20001238</run_address>
         <size>0x4</size>
      </object_component>
      <object_component id="oc-ca">
         <name>.common:UARTA2WriteIndex</name>
         <uninitialized>true</uninitialized>
         <run_address>0x2000123c</run_address>
         <size>0x4</size>
      </object_component>
      <object_component id="oc-1e8">
         <name>.common:Lcd_Orientation</name>
         <uninitialized>true</uninitialized>
         <run_address>0x20001248</run_address>
         <size>0x1</size>
      </object_component>
      <object_component id="oc-2a1">
         <name>.common:Lcd_ScreenWidth</name>
         <uninitialized>true</uninitialized>
         <run_address>0x20001242</run_address>
         <size>0x2</size>
      </object_component>
      <object_component id="oc-2a2">
         <name>.common:Lcd_ScreenHeigth</name>
         <uninitialized>true</uninitialized>
         <run_address>0x20001240</run_address>
         <size>0x2</size>
      </object_component>
      <object_component id="oc-2a3">
         <name>.common:Lcd_PenSolid</name>
         <uninitialized>true</uninitialized>
         <run_address>0x20001249</run_address>
         <size>0x1</size>
      </object_component>
      <object_component id="oc-2a4">
         <name>.common:Lcd_FontSolid</name>
         <uninitialized>true</uninitialized>
         <run_address>0x20001247</run_address>
         <size>0x1</size>
      </object_component>
      <object_component id="oc-2a5">
         <name>.common:Lcd_FlagRead</name>
         <uninitialized>true</uninitialized>
         <run_address>0x20001246</run_address>
         <size>0x1</size>
      </object_component>
      <object_component id="oc-2a6">
         <name>.common:Lcd_TouchTrim</name>
         <uninitialized>true</uninitialized>
         <run_address>0x20001244</run_address>
         <size>0x2</size>
      </object_component>
      <object_component id="oc-366">
         <name>.common:parmbuf</name>
         <uninitialized>true</uninitialized>
         <run_address>0x20001228</run_address>
         <size>0x8</size>
      </object_component>
      <object_component id="oc-29">
         <name>.stack</name>
         <uninitialized>true</uninitialized>
         <run_address>0x2000fe00</run_address>
         <size>0x4</size>
         <input_file_ref idref="fl-100"/>
      </object_component>
      <object_component id="oc-4e0">
         <name>.stack</name>
         <uninitialized>true</uninitialized>
         <run_address>0x2000fe00</run_address>
         <size>0x0</size>
      </object_component>
      <object_component id="oc-fc">
         <name>.debug_info</name>
         <load_address>0x0</load_address>
         <run_address>0x0</run_address>
         <size>0xaeb</size>
         <input_file_ref idref="fl-2"/>
      </object_component>
      <object_component id="oc-102">
         <name>.debug_info</name>
         <load_address>0xaeb</load_address>
         <run_address>0xaeb</run_address>
         <size>0xe5</size>
         <input_file_ref idref="fl-2"/>
      </object_component>
      <object_component id="oc-ff">
         <name>.debug_info</name>
         <load_address>0xbd0</load_address>
         <run_address>0xbd0</run_address>
         <size>0xd3</size>
         <input_file_ref idref="fl-2"/>
      </object_component>
      <object_component id="oc-74">
         <name>.debug_info</name>
         <load_address>0xca3</load_address>
         <run_address>0xca3</run_address>
         <size>0x7a4</size>
         <input_file_ref idref="fl-2"/>
      </object_component>
      <object_component id="oc-107">
         <name>.debug_info</name>
         <load_address>0x1447</load_address>
         <run_address>0x1447</run_address>
         <size>0x26b</size>
         <input_file_ref idref="fl-2"/>
      </object_component>
      <object_component id="oc-196">
         <name>.debug_info</name>
         <load_address>0x16b2</load_address>
         <run_address>0x16b2</run_address>
         <size>0x1055</size>
         <input_file_ref idref="fl-2"/>
      </object_component>
      <object_component id="oc-191">
         <name>.debug_info</name>
         <load_address>0x2707</load_address>
         <run_address>0x2707</run_address>
         <size>0x37e2</size>
         <input_file_ref idref="fl-2"/>
      </object_component>
      <object_component id="oc-351">
         <name>.debug_info</name>
         <load_address>0x5ee9</load_address>
         <run_address>0x5ee9</run_address>
         <size>0x1b5</size>
         <input_file_ref idref="fl-2"/>
      </object_component>
      <object_component id="oc-217">
         <name>.debug_info</name>
         <load_address>0x609e</load_address>
         <run_address>0x609e</run_address>
         <size>0x40a</size>
         <input_file_ref idref="fl-2"/>
      </object_component>
      <object_component id="oc-1d7">
         <name>.debug_info</name>
         <load_address>0x64a8</load_address>
         <run_address>0x64a8</run_address>
         <size>0xc6</size>
         <input_file_ref idref="fl-2"/>
      </object_component>
      <object_component id="oc-21c">
         <name>.debug_info</name>
         <load_address>0x656e</load_address>
         <run_address>0x656e</run_address>
         <size>0x341</size>
         <input_file_ref idref="fl-2"/>
      </object_component>
      <object_component id="oc-32">
         <name>.debug_info</name>
         <load_address>0x68af</load_address>
         <run_address>0x68af</run_address>
         <size>0x84</size>
         <input_file_ref idref="fl-2"/>
      </object_component>
      <object_component id="oc-19b">
         <name>.debug_info</name>
         <load_address>0x6933</load_address>
         <run_address>0x6933</run_address>
         <size>0x2a4</size>
         <input_file_ref idref="fl-2"/>
      </object_component>
      <object_component id="oc-165">
         <name>.debug_info</name>
         <load_address>0x6bd7</load_address>
         <run_address>0x6bd7</run_address>
         <size>0xef</size>
         <input_file_ref idref="fl-2"/>
      </object_component>
      <object_component id="oc-cd">
         <name>.debug_info</name>
         <load_address>0x6cc6</load_address>
         <run_address>0x6cc6</run_address>
         <size>0xbb</size>
         <input_file_ref idref="fl-2"/>
      </object_component>
      <object_component id="oc-20b">
         <name>.debug_info</name>
         <load_address>0x6d81</load_address>
         <run_address>0x6d81</run_address>
         <size>0x2c</size>
         <input_file_ref idref="fl-2"/>
      </object_component>
      <object_component id="oc-39e">
         <name>.debug_info</name>
         <load_address>0x6dad</load_address>
         <run_address>0x6dad</run_address>
         <size>0x131</size>
         <input_file_ref idref="fl-2"/>
      </object_component>
      <object_component id="oc-d2">
         <name>.debug_info</name>
         <load_address>0x6ede</load_address>
         <run_address>0x6ede</run_address>
         <size>0xee</size>
         <input_file_ref idref="fl-2"/>
      </object_component>
      <object_component id="oc-7b">
         <name>.debug_info</name>
         <load_address>0x6fcc</load_address>
         <run_address>0x6fcc</run_address>
         <size>0x2ca</size>
         <input_file_ref idref="fl-3"/>
      </object_component>
      <object_component id="oc-27">
         <name>.debug_info</name>
         <load_address>0x7296</load_address>
         <run_address>0x7296</run_address>
         <size>0xf6</size>
         <input_file_ref idref="fl-3"/>
      </object_component>
      <object_component id="oc-68">
         <name>.debug_info</name>
         <load_address>0x738c</load_address>
         <run_address>0x738c</run_address>
         <size>0x1bd</size>
         <input_file_ref idref="fl-3"/>
      </object_component>
      <object_component id="oc-15b">
         <name>.debug_info</name>
         <load_address>0x7549</load_address>
         <run_address>0x7549</run_address>
         <size>0xef</size>
         <input_file_ref idref="fl-4"/>
      </object_component>
      <object_component id="oc-ac">
         <name>.debug_info</name>
         <load_address>0x7638</load_address>
         <run_address>0x7638</run_address>
         <size>0x261</size>
         <input_file_ref idref="fl-4"/>
      </object_component>
      <object_component id="oc-16c">
         <name>.debug_info</name>
         <load_address>0x7899</load_address>
         <run_address>0x7899</run_address>
         <size>0x8b</size>
         <input_file_ref idref="fl-5"/>
      </object_component>
      <object_component id="oc-c5">
         <name>.debug_info</name>
         <load_address>0x7924</load_address>
         <run_address>0x7924</run_address>
         <size>0x94a</size>
         <input_file_ref idref="fl-7"/>
      </object_component>
      <object_component id="oc-6e">
         <name>.debug_info</name>
         <load_address>0x826e</load_address>
         <run_address>0x826e</run_address>
         <size>0x7cb</size>
         <input_file_ref idref="fl-7"/>
      </object_component>
      <object_component id="oc-1e1">
         <name>.debug_info</name>
         <load_address>0x8a39</load_address>
         <run_address>0x8a39</run_address>
         <size>0xe87</size>
         <input_file_ref idref="fl-9"/>
      </object_component>
      <object_component id="oc-d8">
         <name>.debug_info</name>
         <load_address>0x98c0</load_address>
         <run_address>0x98c0</run_address>
         <size>0x9bd</size>
         <input_file_ref idref="fl-9"/>
      </object_component>
      <object_component id="oc-1dc">
         <name>.debug_info</name>
         <load_address>0xa27d</load_address>
         <run_address>0xa27d</run_address>
         <size>0x189</size>
         <input_file_ref idref="fl-9"/>
      </object_component>
      <object_component id="oc-2b5">
         <name>.debug_info</name>
         <load_address>0xa406</load_address>
         <run_address>0xa406</run_address>
         <size>0x35</size>
         <input_file_ref idref="fl-9"/>
      </object_component>
      <object_component id="oc-1ec">
         <name>.debug_info</name>
         <load_address>0xa43b</load_address>
         <run_address>0xa43b</run_address>
         <size>0x889</size>
         <input_file_ref idref="fl-c"/>
      </object_component>
      <object_component id="oc-de">
         <name>.debug_info</name>
         <load_address>0xacc4</load_address>
         <run_address>0xacc4</run_address>
         <size>0x57a</size>
         <input_file_ref idref="fl-c"/>
      </object_component>
      <object_component id="oc-2b2">
         <name>.debug_info</name>
         <load_address>0xb23e</load_address>
         <run_address>0xb23e</run_address>
         <size>0x218</size>
         <input_file_ref idref="fl-d"/>
      </object_component>
      <object_component id="oc-2ae">
         <name>.debug_info</name>
         <load_address>0xb456</load_address>
         <run_address>0xb456</run_address>
         <size>0x104</size>
         <input_file_ref idref="fl-d"/>
      </object_component>
      <object_component id="oc-1d4">
         <name>.debug_info</name>
         <load_address>0xb55a</load_address>
         <run_address>0xb55a</run_address>
         <size>0xf9</size>
         <input_file_ref idref="fl-d"/>
      </object_component>
      <object_component id="oc-1f4">
         <name>.debug_info</name>
         <load_address>0xb653</load_address>
         <run_address>0xb653</run_address>
         <size>0x4fd</size>
         <input_file_ref idref="fl-11"/>
      </object_component>
      <object_component id="oc-e4">
         <name>.debug_info</name>
         <load_address>0xbb50</load_address>
         <run_address>0xbb50</run_address>
         <size>0xfac</size>
         <input_file_ref idref="fl-11"/>
      </object_component>
      <object_component id="oc-2cc">
         <name>.debug_info</name>
         <load_address>0xcafc</load_address>
         <run_address>0xcafc</run_address>
         <size>0x39d</size>
         <input_file_ref idref="fl-12"/>
      </object_component>
      <object_component id="oc-1ee">
         <name>.debug_info</name>
         <load_address>0xce99</load_address>
         <run_address>0xce99</run_address>
         <size>0x981</size>
         <input_file_ref idref="fl-12"/>
      </object_component>
      <object_component id="oc-3aa">
         <name>.debug_info</name>
         <load_address>0xd81a</load_address>
         <run_address>0xd81a</run_address>
         <size>0x4dd</size>
         <input_file_ref idref="fl-15"/>
      </object_component>
      <object_component id="oc-2bb">
         <name>.debug_info</name>
         <load_address>0xdcf7</load_address>
         <run_address>0xdcf7</run_address>
         <size>0x7d8</size>
         <input_file_ref idref="fl-15"/>
      </object_component>
      <object_component id="oc-2c1">
         <name>.debug_info</name>
         <load_address>0xe4cf</load_address>
         <run_address>0xe4cf</run_address>
         <size>0x45c</size>
         <input_file_ref idref="fl-18"/>
      </object_component>
      <object_component id="oc-1e3">
         <name>.debug_info</name>
         <load_address>0xe92b</load_address>
         <run_address>0xe92b</run_address>
         <size>0xa56</size>
         <input_file_ref idref="fl-18"/>
      </object_component>
      <object_component id="oc-1e9">
         <name>.debug_info</name>
         <load_address>0xf381</load_address>
         <run_address>0xf381</run_address>
         <size>0x902</size>
         <input_file_ref idref="fl-19"/>
      </object_component>
      <object_component id="oc-1d1">
         <name>.debug_info</name>
         <load_address>0xfc83</load_address>
         <run_address>0xfc83</run_address>
         <size>0x114</size>
         <input_file_ref idref="fl-19"/>
      </object_component>
      <object_component id="oc-2a8">
         <name>.debug_info</name>
         <load_address>0xfd97</load_address>
         <run_address>0xfd97</run_address>
         <size>0xf5</size>
         <input_file_ref idref="fl-19"/>
      </object_component>
      <object_component id="oc-1cb">
         <name>.debug_info</name>
         <load_address>0xfe8c</load_address>
         <run_address>0xfe8c</run_address>
         <size>0x161b</size>
         <input_file_ref idref="fl-19"/>
      </object_component>
      <object_component id="oc-2c4">
         <name>.debug_info</name>
         <load_address>0x114a7</load_address>
         <run_address>0x114a7</run_address>
         <size>0x37e2</size>
         <input_file_ref idref="fl-19"/>
      </object_component>
      <object_component id="oc-457">
         <name>.debug_info</name>
         <load_address>0x14c89</load_address>
         <run_address>0x14c89</run_address>
         <size>0x848</size>
         <input_file_ref idref="fl-1a"/>
      </object_component>
      <object_component id="oc-39b">
         <name>.debug_info</name>
         <load_address>0x154d1</load_address>
         <run_address>0x154d1</run_address>
         <size>0x108</size>
         <input_file_ref idref="fl-1a"/>
      </object_component>
      <object_component id="oc-29c">
         <name>.debug_info</name>
         <load_address>0x155d9</load_address>
         <run_address>0x155d9</run_address>
         <size>0x5c2</size>
         <input_file_ref idref="fl-1a"/>
      </object_component>
      <object_component id="oc-214">
         <name>.debug_info</name>
         <load_address>0x15b9b</load_address>
         <run_address>0x15b9b</run_address>
         <size>0x696</size>
         <input_file_ref idref="fl-1b"/>
      </object_component>
      <object_component id="oc-211">
         <name>.debug_info</name>
         <load_address>0x16231</load_address>
         <run_address>0x16231</run_address>
         <size>0xec</size>
         <input_file_ref idref="fl-1b"/>
      </object_component>
      <object_component id="oc-f6">
         <name>.debug_info</name>
         <load_address>0x1631d</load_address>
         <run_address>0x1631d</run_address>
         <size>0x2415</size>
         <input_file_ref idref="fl-1b"/>
      </object_component>
      <object_component id="oc-173">
         <name>.debug_info</name>
         <load_address>0x18732</load_address>
         <run_address>0x18732</run_address>
         <size>0x3f9</size>
         <input_file_ref idref="fl-1e"/>
      </object_component>
      <object_component id="oc-273">
         <name>.debug_info</name>
         <load_address>0x18b2b</load_address>
         <run_address>0x18b2b</run_address>
         <size>0x788</size>
         <input_file_ref idref="fl-20"/>
      </object_component>
      <object_component id="oc-270">
         <name>.debug_info</name>
         <load_address>0x192b3</load_address>
         <run_address>0x192b3</run_address>
         <size>0x109</size>
         <input_file_ref idref="fl-20"/>
      </object_component>
      <object_component id="oc-1b3">
         <name>.debug_info</name>
         <load_address>0x193bc</load_address>
         <run_address>0x193bc</run_address>
         <size>0x2403</size>
         <input_file_ref idref="fl-20"/>
      </object_component>
      <object_component id="oc-26e">
         <name>.debug_info</name>
         <load_address>0x1b7bf</load_address>
         <run_address>0x1b7bf</run_address>
         <size>0x7a6</size>
         <input_file_ref idref="fl-22"/>
      </object_component>
      <object_component id="oc-26b">
         <name>.debug_info</name>
         <load_address>0x1bf65</load_address>
         <run_address>0x1bf65</run_address>
         <size>0x106</size>
         <input_file_ref idref="fl-22"/>
      </object_component>
      <object_component id="oc-1ad">
         <name>.debug_info</name>
         <load_address>0x1c06b</load_address>
         <run_address>0x1c06b</run_address>
         <size>0x3d08</size>
         <input_file_ref idref="fl-22"/>
      </object_component>
      <object_component id="oc-16a">
         <name>.debug_info</name>
         <load_address>0x1fd73</load_address>
         <run_address>0x1fd73</run_address>
         <size>0x691</size>
         <input_file_ref idref="fl-24"/>
      </object_component>
      <object_component id="oc-162">
         <name>.debug_info</name>
         <load_address>0x20404</load_address>
         <run_address>0x20404</run_address>
         <size>0xfb</size>
         <input_file_ref idref="fl-24"/>
      </object_component>
      <object_component id="oc-15f">
         <name>.debug_info</name>
         <load_address>0x204ff</load_address>
         <run_address>0x204ff</run_address>
         <size>0xfd</size>
         <input_file_ref idref="fl-24"/>
      </object_component>
      <object_component id="oc-b3">
         <name>.debug_info</name>
         <load_address>0x205fc</load_address>
         <run_address>0x205fc</run_address>
         <size>0x1a9e</size>
         <input_file_ref idref="fl-24"/>
      </object_component>
      <object_component id="oc-18e">
         <name>.debug_info</name>
         <load_address>0x2209a</load_address>
         <run_address>0x2209a</run_address>
         <size>0x61f</size>
         <input_file_ref idref="fl-26"/>
      </object_component>
      <object_component id="oc-17c">
         <name>.debug_info</name>
         <load_address>0x226b9</load_address>
         <run_address>0x226b9</run_address>
         <size>0xfa</size>
         <input_file_ref idref="fl-26"/>
      </object_component>
      <object_component id="oc-17f">
         <name>.debug_info</name>
         <load_address>0x227b3</load_address>
         <run_address>0x227b3</run_address>
         <size>0xf2</size>
         <input_file_ref idref="fl-26"/>
      </object_component>
      <object_component id="oc-182">
         <name>.debug_info</name>
         <load_address>0x228a5</load_address>
         <run_address>0x228a5</run_address>
         <size>0xf6</size>
         <input_file_ref idref="fl-26"/>
      </object_component>
      <object_component id="oc-185">
         <name>.debug_info</name>
         <load_address>0x2299b</load_address>
         <run_address>0x2299b</run_address>
         <size>0xf8</size>
         <input_file_ref idref="fl-26"/>
      </object_component>
      <object_component id="oc-188">
         <name>.debug_info</name>
         <load_address>0x22a93</load_address>
         <run_address>0x22a93</run_address>
         <size>0xfa</size>
         <input_file_ref idref="fl-26"/>
      </object_component>
      <object_component id="oc-18b">
         <name>.debug_info</name>
         <load_address>0x22b8d</load_address>
         <run_address>0x22b8d</run_address>
         <size>0xfe</size>
         <input_file_ref idref="fl-26"/>
      </object_component>
      <object_component id="oc-179">
         <name>.debug_info</name>
         <load_address>0x22c8b</load_address>
         <run_address>0x22c8b</run_address>
         <size>0xff</size>
         <input_file_ref idref="fl-26"/>
      </object_component>
      <object_component id="oc-bf">
         <name>.debug_info</name>
         <load_address>0x22d8a</load_address>
         <run_address>0x22d8a</run_address>
         <size>0x1242</size>
         <input_file_ref idref="fl-26"/>
      </object_component>
      <object_component id="oc-269">
         <name>.debug_info</name>
         <load_address>0x23fcc</load_address>
         <run_address>0x23fcc</run_address>
         <size>0x743</size>
         <input_file_ref idref="fl-28"/>
      </object_component>
      <object_component id="oc-1a7">
         <name>.debug_info</name>
         <load_address>0x2470f</load_address>
         <run_address>0x2470f</run_address>
         <size>0x2489</size>
         <input_file_ref idref="fl-28"/>
      </object_component>
      <object_component id="oc-29a">
         <name>.debug_info</name>
         <load_address>0x26b98</load_address>
         <run_address>0x26b98</run_address>
         <size>0x67c</size>
         <input_file_ref idref="fl-2d"/>
      </object_component>
      <object_component id="oc-1c5">
         <name>.debug_info</name>
         <load_address>0x27214</load_address>
         <run_address>0x27214</run_address>
         <size>0x151b</size>
         <input_file_ref idref="fl-2d"/>
      </object_component>
      <object_component id="oc-454">
         <name>.debug_info</name>
         <load_address>0x2872f</load_address>
         <run_address>0x2872f</run_address>
         <size>0x685</size>
         <input_file_ref idref="fl-2e"/>
      </object_component>
      <object_component id="oc-395">
         <name>.debug_info</name>
         <load_address>0x28db4</load_address>
         <run_address>0x28db4</run_address>
         <size>0x3efa</size>
         <input_file_ref idref="fl-2e"/>
      </object_component>
      <object_component id="oc-348">
         <name>.debug_info</name>
         <load_address>0x2ccae</load_address>
         <run_address>0x2ccae</run_address>
         <size>0x557</size>
         <input_file_ref idref="fl-2f"/>
      </object_component>
      <object_component id="oc-261">
         <name>.debug_info</name>
         <load_address>0x2d205</load_address>
         <run_address>0x2d205</run_address>
         <size>0xf31</size>
         <input_file_ref idref="fl-2f"/>
      </object_component>
      <object_component id="oc-1f6">
         <name>.debug_info</name>
         <load_address>0x2e136</load_address>
         <run_address>0x2e136</run_address>
         <size>0x6b5</size>
         <input_file_ref idref="fl-32"/>
      </object_component>
      <object_component id="oc-ea">
         <name>.debug_info</name>
         <load_address>0x2e7eb</load_address>
         <run_address>0x2e7eb</run_address>
         <size>0x2587</size>
         <input_file_ref idref="fl-32"/>
      </object_component>
      <object_component id="oc-171">
         <name>.debug_info</name>
         <load_address>0x30d72</load_address>
         <run_address>0x30d72</run_address>
         <size>0x67b</size>
         <input_file_ref idref="fl-33"/>
      </object_component>
      <object_component id="oc-b9">
         <name>.debug_info</name>
         <load_address>0x313ed</load_address>
         <run_address>0x313ed</run_address>
         <size>0x16c0</size>
         <input_file_ref idref="fl-33"/>
      </object_component>
      <object_component id="oc-267">
         <name>.debug_info</name>
         <load_address>0x32aad</load_address>
         <run_address>0x32aad</run_address>
         <size>0x71f</size>
         <input_file_ref idref="fl-34"/>
      </object_component>
      <object_component id="oc-1a1">
         <name>.debug_info</name>
         <load_address>0x331cc</load_address>
         <run_address>0x331cc</run_address>
         <size>0x8f9</size>
         <input_file_ref idref="fl-34"/>
      </object_component>
      <object_component id="oc-20a">
         <name>.debug_info</name>
         <load_address>0x33ac5</load_address>
         <run_address>0x33ac5</run_address>
         <size>0x333</size>
         <input_file_ref idref="fl-ee"/>
      </object_component>
      <object_component id="oc-f2">
         <name>.debug_info</name>
         <load_address>0x33df8</load_address>
         <run_address>0x33df8</run_address>
         <size>0x1d1</size>
         <input_file_ref idref="fl-ee"/>
      </object_component>
      <object_component id="oc-200">
         <name>.debug_info</name>
         <load_address>0x33fc9</load_address>
         <run_address>0x33fc9</run_address>
         <size>0x18d</size>
         <input_file_ref idref="fl-ee"/>
      </object_component>
      <object_component id="oc-206">
         <name>.debug_info</name>
         <load_address>0x34156</load_address>
         <run_address>0x34156</run_address>
         <size>0x16d</size>
         <input_file_ref idref="fl-ee"/>
      </object_component>
      <object_component id="oc-41f">
         <name>.debug_info</name>
         <load_address>0x342c3</load_address>
         <run_address>0x342c3</run_address>
         <size>0x2c</size>
         <input_file_ref idref="fl-ee"/>
      </object_component>
      <object_component id="oc-3de">
         <name>.debug_info</name>
         <load_address>0x342ef</load_address>
         <run_address>0x342ef</run_address>
         <size>0x14c</size>
         <input_file_ref idref="fl-f1"/>
      </object_component>
      <object_component id="oc-3be">
         <name>.debug_info</name>
         <load_address>0x3443b</load_address>
         <run_address>0x3443b</run_address>
         <size>0x13a</size>
         <input_file_ref idref="fl-f2"/>
      </object_component>
      <object_component id="oc-3ce">
         <name>.debug_info</name>
         <load_address>0x34575</load_address>
         <run_address>0x34575</run_address>
         <size>0x12e</size>
         <input_file_ref idref="fl-f3"/>
      </object_component>
      <object_component id="oc-3da">
         <name>.debug_info</name>
         <load_address>0x346a3</load_address>
         <run_address>0x346a3</run_address>
         <size>0x12c</size>
         <input_file_ref idref="fl-f4"/>
      </object_component>
      <object_component id="oc-38">
         <name>.debug_info</name>
         <load_address>0x347cf</load_address>
         <run_address>0x347cf</run_address>
         <size>0x119</size>
         <input_file_ref idref="fl-f5"/>
      </object_component>
      <object_component id="oc-92">
         <name>.debug_info</name>
         <load_address>0x348e8</load_address>
         <run_address>0x348e8</run_address>
         <size>0x2d4</size>
         <input_file_ref idref="fl-f6"/>
      </object_component>
      <object_component id="oc-4a">
         <name>.debug_info</name>
         <load_address>0x34bbc</load_address>
         <run_address>0x34bbc</run_address>
         <size>0x1b5</size>
         <input_file_ref idref="fl-f6"/>
      </object_component>
      <object_component id="oc-8d">
         <name>.debug_info</name>
         <load_address>0x34d71</load_address>
         <run_address>0x34d71</run_address>
         <size>0x46</size>
         <input_file_ref idref="fl-f6"/>
      </object_component>
      <object_component id="oc-113">
         <name>.debug_info</name>
[...]
      <symbol id="sm-b6a">
         <name>UART_getReceiveBufferAddressForDMA</name>
         <value>0x6c59</value>
         <object_component_ref idref="oc-b8"/>
      </symbol>
      <symbol id="sm-b6b">
         <name>UART_getTransmitBufferAddressForDMA</name>
         <value>0x6c67</value>
         <object_component_ref idref="oc-b8"/>
      </symbol>
      <symbol id="sm-b6c">
         <name>UART_initModule</name>
         <value>0x6a55</value>
         <object_component_ref idref="oc-b8"/>
      </symbol>
      <symbol id="sm-b6d">
         <name>UART_transmitAddress</name>
         <value>0x6bf5</value>
         <object_component_ref idref="oc-b8"/>
      </symbol>
      <symbol id="sm-b6e">
         <name>UART_clearInterruptFlag</name>
         <value>0x6d69</value>
         <object_component_ref idref="oc-b8"/>
      </symbol>
      <symbol id="sm-b6f">
         <name>UART_queryStatusFlags</name>
         <value>0x6bb9</value>
         <object_component_ref idref="oc-b8"/>
      </symbol>
      <symbol id="sm-b70">
         <name>UART_disableInterrupt</name>
         <value>0x6cc1</value>
         <object_component_ref idref="oc-b8"/>
      </symbol>
      <symbol id="sm-b71">
         <name>UART_setDormant</name>
         <value>0x6bcd</value>
         <object_component_ref idref="oc-b8"/>
      </symbol>
      <symbol id="sm-b72">
         <name>UART_resetDormant</name>
         <value>0x6be1</value>
         <object_component_ref idref="oc-b8"/>
      </symbol>
      <symbol id="sm-b89">
         <name>WDT_A_setTimeoutReset</name>
         <value>0x94bd</value>
         <object_component_ref idref="oc-1a0"/>
      </symbol>
      <symbol id="sm-b8a">
         <name>WDT_A_registerInterrupt</name>
         <value>0x94c9</value>
         <object_component_ref idref="oc-1a0"/>
      </symbol>
      <symbol id="sm-b8b">
         <name>WDT_A_setPasswordViolationReset</name>
         <value>0x94b1</value>
         <object_component_ref idref="oc-1a0"/>
      </symbol>
      <symbol id="sm-b8c">
         <name>WDT_A_initIntervalTimer</name>
         <value>0x9495</value>
         <object_component_ref idref="oc-1a0"/>
      </symbol>
      <symbol id="sm-b8d">
         <name>WDT_A_clearTimer</name>
         <value>0x9459</value>
         <object_component_ref idref="oc-1a0"/>
      </symbol>
      <symbol id="sm-b8e">
         <name>WDT_A_holdTimer</name>
         <value>0x9419</value>
         <object_component_ref idref="oc-1a0"/>
      </symbol>
      <symbol id="sm-b8f">
         <name>WDT_A_initWatchdogTimer</name>
         <value>0x9479</value>
         <object_component_ref idref="oc-1a0"/>
      </symbol>
      <symbol id="sm-b90">
         <name>WDT_A_startTimer</name>
         <value>0x9439</value>
         <object_component_ref idref="oc-1a0"/>
      </symbol>
      <symbol id="sm-b91">
         <name>WDT_A_unregisterInterrupt</name>
         <value>0x94dd</value>
         <object_component_ref idref="oc-1a0"/>
      </symbol>
      <symbol id="sm-bb8">
         <name>sprintf</name>
         <value>0x9d1d</value>
         <object_component_ref idref="oc-ef"/>
      </symbol>
      <symbol id="sm-bd1">
         <name>__aeabi_dsub</name>
         <value>0x88b1</value>
         <object_component_ref idref="oc-3dc"/>
      </symbol>
      <symbol id="sm-bd2">
         <name>__aeabi_dadd</name>
         <value>0x88bb</value>
         <object_component_ref idref="oc-3dc"/>
      </symbol>
      <symbol id="sm-bdd">
         <name>__aeabi_dmul</name>
         <value>0x931d</value>
         <object_component_ref idref="oc-3bd"/>
      </symbol>
      <symbol id="sm-be7">
         <name>__aeabi_d2iz</name>
         <value>0x9c51</value>
         <object_component_ref idref="oc-3cc"/>
      </symbol>
      <symbol id="sm-bf1">
         <name>__aeabi_i2d</name>
         <value>0x9e79</value>
         <object_component_ref idref="oc-3d7"/>
      </symbol>
      <symbol id="sm-c0c">
         <name>memcpy</name>
         <value>0x965f</value>
         <object_component_ref idref="oc-37"/>
      </symbol>
      <symbol id="sm-c0d">
         <name>__aeabi_memcpy</name>
         <value>0x965f</value>
         <object_component_ref idref="oc-37"/>
      </symbol>
      <symbol id="sm-c0e">
         <name>__aeabi_memcpy8</name>
         <value>0x965f</value>
         <object_component_ref idref="oc-37"/>
      </symbol>
      <symbol id="sm-c0f">
         <name>__aeabi_memcpy4</name>
         <value>0x965f</value>
         <object_component_ref idref="oc-37"/>
      </symbol>
      <symbol id="sm-c26">
         <name>__TI_zero_init</name>
         <value>0x9f5b</value>
         <object_component_ref idref="oc-49"/>
      </symbol>
      <symbol id="sm-c3d">
         <name>__TI_decompress_none</name>
         <value>0x9f3f</value>
         <object_component_ref idref="oc-1d"/>
      </symbol>
      <symbol id="sm-c60">
         <name>__TI_decompress_lzss</name>
         <value>0x99f3</value>
         <object_component_ref idref="oc-17"/>
      </symbol>
      <symbol id="sm-c8d">
         <name>__localtime32</name>
         <value>0x8e81</value>
         <object_component_ref idref="oc-1be"/>
      </symbol>
      <symbol id="sm-c8e">
         <name>localtime</name>
         <value>0x8e81</value>
         <object_component_ref idref="oc-1be"/>
      </symbol>
      <symbol id="sm-cc1">
         <name>mktime</name>
         <value>0x7b65</value>
         <object_component_ref idref="oc-286"/>
      </symbol>
      <symbol id="sm-cc2">
         <name>__mktime32</name>
         <value>0x7b65</value>
         <object_component_ref idref="oc-286"/>
      </symbol>
      <symbol id="sm-cd4">
         <name>_tz</name>
         <value>0x200012e0</value>
         <object_component_ref idref="oc-28c"/>
      </symbol>
      <symbol id="sm-cea">
         <name>__aeabi_errno_addr</name>
         <value>0x9f71</value>
         <object_component_ref idref="oc-30c"/>
      </symbol>
      <symbol id="sm-ceb">
         <name>errno</name>
         <value>0x20001308</value>
         <object_component_ref idref="oc-418"/>
      </symbol>
      <symbol id="sm-cfe">
         <name>__stack</name>
         <value>0x2000fe00</value>
         <object_component_ref idref="oc-29"/>
      </symbol>
      <symbol id="sm-cff">
         <name>_c_int00_noargs</name>
         <value>0x9e45</value>
         <object_component_ref idref="oc-55"/>
      </symbol>
      <symbol id="sm-d12">
         <name>__time32</name>
         <value>0x9f31</value>
         <object_component_ref idref="oc-1b8"/>
      </symbol>
      <symbol id="sm-d13">
         <name>time</name>
         <value>0x9f31</value>
         <object_component_ref idref="oc-1b8"/>
      </symbol>
      <symbol id="sm-e78">
         <name>__TI_printfi</name>
         <value>0x23fd</value>
         <object_component_ref idref="oc-1f7"/>
      </symbol>
      <symbol id="sm-e98">
         <name>frexpl</name>
         <value>0x9a5d</value>
         <object_component_ref idref="oc-3fc"/>
      </symbol>
      <symbol id="sm-e99">
         <name>frexp</name>
         <value>0x9a5d</value>
         <object_component_ref idref="oc-3fc"/>
      </symbol>
      <symbol id="sm-eb6">
         <name>scalbn</name>
         <value>0x920d</value>
         <object_component_ref idref="oc-402"/>
      </symbol>
      <symbol id="sm-eb7">
         <name>scalbnl</name>
         <value>0x920d</value>
         <object_component_ref idref="oc-402"/>
      </symbol>
      <symbol id="sm-eb8">
         <name>ldexpl</name>
         <value>0x920d</value>
         <object_component_ref idref="oc-402"/>
      </symbol>
      <symbol id="sm-eb9">
         <name>ldexp</name>
         <value>0x920d</value>
         <object_component_ref idref="oc-402"/>
      </symbol>
      <symbol id="sm-ed2">
         <name>wcslen</name>
         <value>0x9f1f</value>
         <object_component_ref idref="oc-306"/>
      </symbol>
      <symbol id="sm-ef4">
         <name>__aeabi_cdcmpeq</name>
         <value>0x9791</value>
         <object_component_ref idref="oc-2e3"/>
      </symbol>
      <symbol id="sm-ef5">
         <name>__aeabi_cdcmple</name>
         <value>0x9791</value>
         <object_component_ref idref="oc-2e3"/>
      </symbol>
      <symbol id="sm-ef6">
         <name>__aeabi_cdrcmple</name>
         <value>0x9817</value>
         <object_component_ref idref="oc-3c7"/>
      </symbol>
      <symbol id="sm-f0a">
         <name>__aeabi_ddiv</name>
         <value>0x8d49</value>
         <object_component_ref idref="oc-3c2"/>
      </symbol>
      <symbol id="sm-f19">
         <name>__aeabi_uidivmod</name>
         <value>0x9cdd</value>
         <object_component_ref idref="oc-281"/>
      </symbol>
      <symbol id="sm-f1a">
         <name>__aeabi_uidiv</name>
         <value>0x9cdd</value>
         <object_component_ref idref="oc-281"/>
      </symbol>
      <symbol id="sm-f28">
         <name>__aeabi_ldivmod</name>
         <value>0x9985</value>
         <object_component_ref idref="oc-37c"/>
      </symbol>
      <symbol id="sm-f35">
         <name>__aeabi_uldivmod</name>
         <value>0x96fb</value>
         <object_component_ref idref="oc-3b6"/>
      </symbol>
      <symbol id="sm-f44">
         <name>__aeabi_memset</name>
         <value>0x989f</value>
         <object_component_ref idref="oc-93"/>
      </symbol>
      <symbol id="sm-f45">
         <name>memset</name>
         <value>0x98a5</value>
         <object_component_ref idref="oc-93"/>
      </symbol>
      <symbol id="sm-f46">
         <name>__aeabi_memset8</name>
         <value>0x989f</value>
         <object_component_ref idref="oc-93"/>
      </symbol>
      <symbol id="sm-f47">
         <name>__aeabi_memset4</name>
         <value>0x989f</value>
         <object_component_ref idref="oc-93"/>
      </symbol>
      <symbol id="sm-f48">
         <name>__aeabi_memclr8</name>
         <value>0x989d</value>
         <object_component_ref idref="oc-93"/>
      </symbol>
      <symbol id="sm-f49">
         <name>__aeabi_memclr4</name>
         <value>0x989d</value>
         <object_component_ref idref="oc-93"/>
      </symbol>
      <symbol id="sm-f4a">
         <name>__aeabi_memclr</name>
         <value>0x989d</value>
         <object_component_ref idref="oc-93"/>
      </symbol>
      <symbol id="sm-f72">
         <name>__TI_auto_init_nobinit_nopinit</name>
         <value>0x9c99</value>
         <object_component_ref idref="oc-128"/>
      </symbol>
      <symbol id="sm-f7c">
         <name>_system_pre_init</name>
         <value>0x9f79</value>
         <object_component_ref idref="oc-99"/>
      </symbol>
      <symbol id="sm-f88">
         <name>C$$EXIT</name>
         <value>0x9f7d</value>
         <object_component_ref idref="oc-11c"/>
      </symbol>
      <symbol id="sm-f89">
         <name>abort</name>
         <value>0x9f7d</value>
         <object_component_ref idref="oc-11c"/>
      </symbol>
      <symbol id="sm-f9e">
         <name>_nop</name>
         <value>0x2e4b</value>
         <object_component_ref idref="oc-328"/>
      </symbol>
      <symbol id="sm-f9f">
         <name>_lock</name>
         <value>0x20001300</value>
         <object_component_ref idref="oc-229"/>
      </symbol>
      <symbol id="sm-fa0">
         <name>_unlock</name>
         <value>0x20001304</value>
         <object_component_ref idref="oc-229"/>
      </symbol>
      <symbol id="sm-faf">
         <name>__TI_ltoa</name>
         <value>0x9b17</value>
         <object_component_ref idref="oc-3d1"/>
      </symbol>
      <symbol id="sm-fc6">
         <name>atoi</name>
         <value>0x9bbd</value>
         <object_component_ref idref="oc-2d7"/>
      </symbol>
      <symbol id="sm-fd1">
         <name>_ctypes_</name>
         <value>0xa278</value>
         <object_component_ref idref="oc-3b1"/>
      </symbol>
      <symbol id="sm-fe1">
         <name>memccpy</name>
         <value>0x9ea7</value>
         <object_component_ref idref="oc-300"/>
      </symbol>
      <symbol id="sm-ff1">
         <name>strchr</name>
         <value>0x9ef5</value>
         <object_component_ref idref="oc-408"/>
      </symbol>
      <symbol id="sm-fff">
         <name>strlen</name>
         <value>0x9f0b</value>
         <object_component_ref idref="oc-2d1"/>
      </symbol>
      <symbol id="sm-1017">
         <name>HOSTtime</name>
         <value>0x9c09</value>
         <object_component_ref idref="oc-274"/>
      </symbol>
      <symbol id="sm-103b">
         <name>__TI_readmsg</name>
         <value>0x9e11</value>
         <object_component_ref idref="oc-360"/>
      </symbol>
      <symbol id="sm-103c">
         <name>C$$IO$$</name>
         <value>0x9e07</value>
         <object_component_ref idref="oc-35a"/>
      </symbol>
      <symbol id="sm-103d">
         <name>__CIOBUF_</name>
         <value>0x200010e4</value>
         <object_component_ref idref="oc-43f"/>
      </symbol>
      <symbol id="sm-103e">
         <name>__TI_writemsg</name>
         <value>0x9dd9</value>
         <object_component_ref idref="oc-35a"/>
      </symbol>
      <symbol id="sm-1048">
         <name>copysign</name>
         <value>0x9ec3</value>
         <object_component_ref idref="oc-475"/>
      </symbol>
      <symbol id="sm-1049">
         <name>copysignl</name>
         <value>0x9ec3</value>
         <object_component_ref idref="oc-475"/>
      </symbol>
      <symbol id="sm-1053">
         <name>__aeabi_idiv0</name>
         <value>0x82db</value>
         <object_component_ref idref="oc-376"/>
      </symbol>
      <symbol id="sm-1054">
         <name>__aeabi_ldiv0</name>
         <value>0x82db</value>
         <object_component_ref idref="oc-376"/>
      </symbol>
      <symbol id="sm-105a">
         <name>parmbuf</name>
         <value>0x20001228</value>
      </symbol>
      <symbol id="sm-105b">
         <name>__TI_static_base__</name>
         <value>0x0</value>
      </symbol>
      <symbol id="sm-105e">
         <name>__mpu_init</name>
         <value>0x0</value>
      </symbol>
      <symbol id="sm-105f">
         <name>_system_post_cinit</name>
         <value>0x0</value>
      </symbol>
      <symbol id="sm-1060">
         <name>NMI_Handler</name>
         <value>0x9f59</value>
      </symbol>
      <symbol id="sm-1061">
         <name>HardFault_Handler</name>
         <value>0x9f59</value>
      </symbol>
      <symbol id="sm-1062">
         <name>MemManage_Handler</name>
         <value>0x9f59</value>
      </symbol>
      <symbol id="sm-1063">
         <name>BusFault_Handler</name>
         <value>0x9f59</value>
      </symbol>
      <symbol id="sm-1064">
         <name>UsageFault_Handler</name>
         <value>0x9f59</value>
      </symbol>
      <symbol id="sm-1065">
         <name>SVC_Handler</name>
         <value>0x9f59</value>
      </symbol>
      <symbol id="sm-1066">
         <name>DebugMon_Handler</name>
         <value>0x9f59</value>
      </symbol>
      <symbol id="sm-1067">
         <name>PendSV_Handler</name>
         <value>0x9f59</value>
      </symbol>
      <symbol id="sm-1068">
         <name>SysTick_Handler</name>
         <value>0x9f59</value>
      </symbol>
      <symbol id="sm-1069">
         <name>PSS_IRQHandler</name>
         <value>0x9f59</value>
      </symbol>
      <symbol id="sm-106a">
         <name>CS_IRQHandler</name>
         <value>0x9f59</value>
      </symbol>
      <symbol id="sm-106b">
         <name>PCM_IRQHandler</name>
         <value>0x9f59</value>
      </symbol>
      <symbol id="sm-106c">
         <name>WDT_A_IRQHandler</name>
         <value>0x9f59</value>
      </symbol>
      <symbol id="sm-106d">
         <name>FPU_IRQHandler</name>
         <value>0x9f59</value>
      </symbol>
      <symbol id="sm-106e">
         <name>FLCTL_IRQHandler</name>
         <value>0x9f59</value>
      </symbol>
      <symbol id="sm-106f">
         <name>COMP_E0_IRQHandler</name>
         <value>0x9f59</value>
      </symbol>
      <symbol id="sm-1070">
         <name>COMP_E1_IRQHandler</name>
         <value>0x9f59</value>
      </symbol>
      <symbol id="sm-1071">
         <name>TA0_0_IRQHandler</name>
         <value>0x9f59</value>
      </symbol>
      <symbol id="sm-1072">
         <name>TA0_N_IRQHandler</name>
         <value>0x9f59</value>
      </symbol>
      <symbol id="sm-1073">
         <name>TA1_0_IRQHandler</name>
         <value>0x9f59</value>
      </symbol>
      <symbol id="sm-1074">
         <name>TA1_N_IRQHandler</name>
         <value>0x9f59</value>
      </symbol>
      <symbol id="sm-1075">
         <name>TA2_0_IRQHandler</name>
         <value>0x9f59</value>
      </symbol>
      <symbol id="sm-1076">
         <name>TA2_N_IRQHandler</name>
         <value>0x9f59</value>
      </symbol>
      <symbol id="sm-1077">
         <name>TA3_0_IRQHandler</name>
         <value>0x9f59</value>
      </symbol>
      <symbol id="sm-1078">
         <name>TA3_N_IRQHandler</name>
         <value>0x9f59</value>
      </symbol>
      <symbol id="sm-1079">
         <name>EUSCIA0_IRQHandler</name>
         <value>0x7a8b</value>
      </symbol>
      <symbol id="sm-107a">
         <name>EUSCIA1_IRQHandler</name>
         <value>0x9f59</value>
      </symbol>
      <symbol id="sm-107b">
         <name>EUSCIA2_IRQHandler</name>
         <value>0x7aed</value>
      </symbol>
      <symbol id="sm-107c">
         <name>EUSCIA3_IRQHandler</name>
         <value>0x9f59</value>
      </symbol>
      <symbol id="sm-107d">
         <name>EUSCIB0_IRQHandler</name>
         <value>0x9f59</value>
      </symbol>
      <symbol id="sm-107e">
         <name>EUSCIB1_IRQHandler</name>
         <value>0x9f59</value>
      </symbol>
      <symbol id="sm-107f">
         <name>EUSCIB2_IRQHandler</name>
         <value>0x9f59</value>
      </symbol>
      <symbol id="sm-1080">
         <name>EUSCIB3_IRQHandler</name>
         <value>0x9f59</value>
      </symbol>
      <symbol id="sm-1081">
         <name>ADC14_IRQHandler</name>
         <value>0x7727</value>
      </symbol>
      <symbol id="sm-1082">
         <name>T32_INT1_IRQHandler</name>
         <value>0x9f59</value>
      </symbol>
      <symbol id="sm-1083">
         <name>T32_INT2_IRQHandler</name>
         <value>0x9f59</value>
      </symbol>
      <symbol id="sm-1084">
         <name>T32_INTC_IRQHandler</name>
         <value>0x9f59</value>
      </symbol>
      <symbol id="sm-1085">
         <name>AES256_IRQHandler</name>
         <value>0x9f59</value>
      </symbol>
      <symbol id="sm-1086">
         <name>RTC_C_IRQHandler</name>
         <value>0x9f59</value>
      </symbol>
      <symbol id="sm-1087">
         <name>DMA_ERR_IRQHandler</name>
         <value>0x9f59</value>
      </symbol>
      <symbol id="sm-1088">
         <name>DMA_INT3_IRQHandler</name>
         <value>0x9f59</value>
      </symbol>
      <symbol id="sm-1089">
         <name>DMA_INT2_IRQHandler</name>
         <value>0x9f59</value>
      </symbol>
      <symbol id="sm-108a">
         <name>DMA_INT1_IRQHandler</name>
         <value>0x9f59</value>
      </symbol>
      <symbol id="sm-108b">
         <name>DMA_INT0_IRQHandler</name>
         <value>0x9f59</value>
      </symbol>
      <symbol id="sm-108c">
         <name>PORT1_IRQHandler</name>
         <value>0x9f59</value>
      </symbol>
      <symbol id="sm-108d">
         <name>PORT2_IRQHandler</name>
         <value>0x9f59</value>
      </symbol>
      <symbol id="sm-108e">
         <name>PORT3_IRQHandler</name>
         <value>0x9f59</value>
      </symbol>
      <symbol id="sm-108f">
         <name>PORT4_IRQHandler</name>
         <value>0x9f59</value>
      </symbol>
      <symbol id="sm-1090">
         <name>PORT5_IRQHandler</name>
         <value>0x9f59</value>
      </symbol>
      <symbol id="sm-1091">
         <name>PORT6_IRQHandler</name>
         <value>0x9f59</value>
      </symbol>
   </symbol_table>
   <title>Link successful</title>
</link_info>
