******************************************************************************
                  TI ARM Linker Unix v20.2.5                   
******************************************************************************
>> Linked Mon Nov 15 07:35:14 2021

OUTPUT FILE NAME:   <testing.out>
ENTRY POINT SYMBOL: "_c_int00_noargs"  address: 00009131


MEMORY CONFIGURATION

         name            origin    length      used     unused   attr    fill
----------------------  --------  ---------  --------  --------  ----  --------
  MAIN                  00000000   00040000  00009970  00036690  R  X
  INFO                  00200000   00004000  00000000  00004000  R  X
  SRAM_CODE             01000000   00010000  000003a6  0000fc5a  RW X
  SRAM_DATA             20000000   00010000  000003a6  0000fc5a  RW  


SEGMENT ALLOCATION MAP

run origin  load origin   length   init length attrs members
----------  ----------- ---------- ----------- ----- -------
00000000    00000000    00009970   00009970    r-x
  00000000    00000000    000000e4   000000e4    r-- .intvecs
  000000e4    000000e4    0000918c   0000918c    r-x .text
  00009270    00009270    00000658   00000658    r-- .const
  000098c8    000098c8    000000a8   000000a8    r-- .cinit
20000000    20000000    000001a6   00000000    rw-
  20000000    20000000    000000e4   00000000    rw- .vtable
  200000e4    200000e4    00000088   00000000    rw- .data
  2000016c    2000016c    0000003a   00000000    rw- .bss
2000fe00    2000fe00    00000200   00000000    rw-
  2000fe00    2000fe00    00000200   00000000    rw- .stack


SECTION ALLOCATION MAP

 output                                  attributes/
section   page    origin      length       input sections
--------  ----  ----------  ----------   ----------------
.intvecs   0    00000000    000000e4     
                  00000000    000000e4     startup_msp432p401r_ccs.obj (.intvecs:retain)

.text      0    000000e4    0000918c     
                  000000e4    00001598     flash.obj (.text)
                  0000167c    00000d80     cs.obj (.text)
                  000023fc    00000a4e     rtsv7M4_T_le_v4SPD16_eabi.lib : _printfi.c.obj (.text:__TI_printfi)
                  00002e4a    00000002                                   : div0.asm.obj (.text)
                  00002e4c    000008d4     adc14.obj (.text)
                  00003720    000008a4     spi.obj (.text)
                  00003fc4    00000838     pcm.obj (.text)
                  000047fc    00000798     timer_a.obj (.text)
                  00004f94    00000678     Crystalfontz128x128_ST7735.obj (.text)
                  0000560c    00000630     string.obj (.text)
                  00005c3c    00000574     main.obj (.text)
                  000061b0    00000508     rtc_c.obj (.text)
                  000066b8    00000490     line.obj (.text)
                  00006b48    00000480     gpio.obj (.text)
                  00006fc8    000003f0     interrupt.obj (.text)
                  000073b8    00000334     system_msp432p401r.obj (.text)
                  000076ec    00000270     rtsv7M4_T_le_v4SPD16_eabi.lib : _printfi.c.obj (.text:_pconv_a)
                  0000795c    00000266     context.obj (.text)
                  00007bc2    00000002     --HOLE-- [fill = 0]
                  00007bc4    00000244     sysctl.obj (.text)
                  00007e08    000001d0     rtsv7M4_T_le_v4SPD16_eabi.lib : _printfi.c.obj (.text:_pconv_g)
                  00007fd8    000001b6                                   : fd_add_t2.asm.obj (.text)
                  0000818e    00000002     --HOLE-- [fill = 0]
                  00008190    0000013c                                   : _printfi.c.obj (.text:_pconv_e)
                  000082cc    00000136                                   : fd_div_t2.asm.obj (.text)
                  00008402    00000134     display.obj (.text)
                  00008536    00000002     --HOLE-- [fill = 0]
                  00008538    00000124     rtsv7M4_T_le_v4SPD16_eabi.lib : _printfi.c.obj (.text:fcvt)
                  0000865c    00000110                                   : s_scalbn.c.obj (.text:scalbn)
                  0000876c    000000fc                                   : fd_mul_t2.asm.obj (.text)
                  00008868    000000d8     wdt_a.obj (.text)
                  00008940    000000bc     HAL_MSP_EXP432P401R_Crystalfontz128x128_ST7735.obj (.text)
                  000089fc    000000b1     rtsv7M4_T_le_v4SPD16_eabi.lib : _printfi.c.obj (.text:_ltostr)
                  00008aad    00000001     --HOLE-- [fill = 0]
                  00008aae    0000009c                                   : memcpy_t2.asm.obj (.text)
                  00008b4a    00000096                                   : ull_div_t2.asm.obj (.text)
                  00008be0    00000086                                   : fd_cmp_t2.asm.obj (.text:__aeabi_cdcmple)
                  00008c66    00000086                                   : fd_cmp_t2.asm.obj (.text:__aeabi_cdrcmple)
                  00008cec    0000007a                                   : memset_t2.asm.obj (.text)
                  00008d66    0000006e                                   : _printfi.c.obj (.text:_mcpy)
                  00008dd4    00000068                                   : copy_decompress_lzss.c.obj (.text:decompress:lzss:__TI_decompress_lzss)
                  00008e3c    00000064                                   : s_frexp.c.obj (.text:frexp)
                  00008ea0    00000056                                   : _printfi.c.obj (.text:_pconv_f)
                  00008ef6    00000054                                   : _ltoa.c.obj (.text:__TI_ltoa)
                  00008f4a    00000052                                   : _printfi.c.obj (.text:_ecpy)
                  00008f9c    0000004c                                   : atoi.c.obj (.text:atoi)
                  00008fe8    00000048                                   : fd_toi_t2.asm.obj (.text)
                  00009030    00000044                                   : autoinit.c.obj (.text:__TI_auto_init_nobinit_nopinit:__TI_auto_init_nobinit_nopinit)
                  00009074    00000040                                   : sprintf.c.obj (.text:sprintf)
                  000090b4    0000003e                                   : _printfi.c.obj (.text:_fcpy)
                  000090f2    0000003e     cpu.obj (.text)
                  00009130    00000034     rtsv7M4_T_le_v4SPD16_eabi.lib : boot_cortex_m.c.obj (.text:_c_int00_noargs:_c_int00_noargs)
                  00009164    0000002e                                   : i_tofd_t2.asm.obj (.text)
                  00009192    0000001c                                   : copy_zero_init.c.obj (.text:decompress:ZI:__TI_zero_init_nomemset:__TI_zero_init_nomemset)
                  000091ae    0000001c                                   : memccpy.c.obj (.text:memccpy)
                  000091ca    0000001a                                   : s_copysign.c.obj (.text:copysign)
                  000091e4    00000018                                   : sprintf.c.obj (.text:_outs)
                  000091fc    00000016                                   : strchr.c.obj (.text:strchr)
                  00009212    00000014                                   : strlen.c.obj (.text:strlen)
                  00009226    00000012                                   : wcslen.c.obj (.text:wcslen)
                  00009238    0000000e                                   : copy_decompress_none.c.obj (.text:decompress:none:__TI_decompress_none)
                  00009246    0000000e     startup_msp432p401r_ccs.obj (.text)
                  00009254    0000000a     rtsv7M4_T_le_v4SPD16_eabi.lib : sprintf.c.obj (.text:_outc)
                  0000925e    00000002     --HOLE-- [fill = 0]
                  00009260    00000008                                   : errno.c.obj (.text:__aeabi_errno_addr)
                  00009268    00000004                                   : pre_init.c.obj (.text:_system_pre_init)
                  0000926c    00000004                                   : exit.c.obj (.text:abort:abort)

.const     0    00009270    00000658     
                  00009270    000002f8     fontfixed6x8.obj (.const:.string:g_pucFontFixed6x8Data)
                  00009568    00000101     rtsv7M4_T_le_v4SPD16_eabi.lib : ctype.c.obj (.const:.string:_ctypes_)
                  00009669    00000003     --HOLE-- [fill = 0]
                  0000966c    000000c8     fontfixed6x8.obj (.const:g_sFontFixed6x8)
                  00009734    00000080     adc14.obj (.const:_ctlRegs)
                  000097b4    00000050     interrupt.obj (.const:g_pulRegs)
                  00009804    0000002c     Crystalfontz128x128_ST7735.obj (.const:g_sCrystalfontz128x128)
                  00009830    00000020     interrupt.obj (.const:g_pulPriority)
                  00009850    0000001c     HAL_MSP_EXP432P401R_Crystalfontz128x128_ST7735.obj (.const:$P$T0$1)
                  0000986c    0000001c     gpio.obj (.const:GPIO_PORT_TO_INT)
                  00009888    00000018     main.obj (.const:upConfig)
                  000098a0    00000008     Crystalfontz128x128_ST7735.obj (.const:$P$T0$1)
                  000098a8    00000008     interrupt.obj (.const:g_pulDisRegs)
                  000098b0    00000008     interrupt.obj (.const:g_pulEnRegs)
                  000098b8    00000008     interrupt.obj (.const:g_pulPendRegs)
                  000098c0    00000008     interrupt.obj (.const:g_pulUnpendRegs)

.cinit     0    000098c8    000000a8     
                  000098c8    00000071     (.cinit..data.load) [load image, compression = lzss]
                  00009939    00000003     --HOLE-- [fill = 0]
                  0000993c    0000000c     (__TI_handler_table)
                  00009948    00000008     (.cinit..bss.load) [load image, compression = zero_init]
                  00009950    00000008     (.cinit..vtable.load) [load image, compression = zero_init]
                  00009958    00000018     (__TI_cinit_table)

.init_array 
*          0    00000000    00000000     UNINITIALIZED

.binit     0    00000000    00000000     

.vtable    0    20000000    000000e4     UNINITIALIZED
                  20000000    000000e4     interrupt.obj (.vtable)

.data      0    200000e4    00000088     UNINITIALIZED
                  200000e4    00000040     flash.obj (.data:__getBurstProgramRegs)
                  20000124    00000030     gpio.obj (.data:GPIO_PORT_TO_BASE)
                  20000154    00000010     main.obj (.data:compareConfig_PWM)
                  20000164    00000004     rtsv7M4_T_le_v4SPD16_eabi.lib : errno.c.obj (.data)
                  20000168    00000004     system_msp432p401r.obj (.data)

.bss       0    2000016c    0000003a     UNINITIALIZED
                  2000016c    0000001c     (.common:g_sContext)
                  20000188    00000008     cs.obj (.bss)
                  20000190    00000008     main.obj (.bss:resultsBuffer)
                  20000198    00000004     (.common:delay)
                  2000019c    00000002     (.common:Lcd_ScreenHeigth)
                  2000019e    00000002     (.common:Lcd_ScreenWidth)
                  200001a0    00000002     (.common:Lcd_TouchTrim)
                  200001a2    00000001     (.common:Lcd_FlagRead)
                  200001a3    00000001     (.common:Lcd_FontSolid)
                  200001a4    00000001     (.common:Lcd_Orientation)
                  200001a5    00000001     (.common:Lcd_PenSolid)

.stack     0    2000fe00    00000200     UNINITIALIZED
                  2000fe00    00000004     rtsv7M4_T_le_v4SPD16_eabi.lib : boot_cortex_m.c.obj (.stack)
                  2000fe04    000001fc     --HOLE--

__llvm_prf_cnts 
*          0    20000000    00000000     UNINITIALIZED

MODULE SUMMARY

       Module                                               code    ro data   rw data
       ------                                               ----    -------   -------
    ./
       main.obj                                             1396    24        112    
       system_msp432p401r.obj                               820     0         8      
       startup_msp432p401r_ccs.obj                          14      228       0      
    +--+----------------------------------------------------+-------+---------+---------+
       Total:                                               2230    252       120    
                                                                                     
    ./GrLib/fonts/
       fontfixed6x8.obj                                     0       960       0      
    +--+----------------------------------------------------+-------+---------+---------+
       Total:                                               0       960       0      
                                                                                     
    ./GrLib/grlib/
       string.obj                                           1584    0         0      
       line.obj                                             1168    0         0      
       context.obj                                          614     0         0      
       display.obj                                          308     0         0      
    +--+----------------------------------------------------+-------+---------+---------+
       Total:                                               3674    0         0      
                                                                                     
    ./LcdDriver/
       Crystalfontz128x128_ST7735.obj                       1656    52        20     
       HAL_MSP_EXP432P401R_Crystalfontz128x128_ST7735.obj   188     28        0      
    +--+----------------------------------------------------+-------+---------+---------+
       Total:                                               1844    80        20     
                                                                                     
    ./driverlib/MSP432P4xx/
       flash.obj                                            5528    0         128    
       cs.obj                                               3456    0         16     
       adc14.obj                                            2260    128       0      
       spi.obj                                              2212    0         0      
       pcm.obj                                              2104    0         0      
       timer_a.obj                                          1944    0         0      
       interrupt.obj                                        1008    144       456    
       rtc_c.obj                                            1288    0         0      
       gpio.obj                                             1152    28        96     
       sysctl.obj                                           580     0         0      
       wdt_a.obj                                            216     0         0      
       cpu.obj                                              62      0         0      
    +--+----------------------------------------------------+-------+---------+---------+
       Total:                                               21810   300       696    
                                                                                     
    /opt/ti/ccs1100/ccs/tools/compiler/ti-cgt-arm_20.2.5.LTS/lib/rtsv7M4_T_le_v4SPD16_eabi.lib
       _printfi.c.obj                                       4851    0         0      
       fd_add_t2.asm.obj                                    438     0         0      
       fd_div_t2.asm.obj                                    310     0         0      
       s_scalbn.c.obj                                       272     0         0      
       fd_cmp_t2.asm.obj                                    268     0         0      
       ctype.c.obj                                          0       257       0      
       fd_mul_t2.asm.obj                                    252     0         0      
       memcpy_t2.asm.obj                                    156     0         0      
       ull_div_t2.asm.obj                                   150     0         0      
       memset_t2.asm.obj                                    122     0         0      
       copy_decompress_lzss.c.obj                           104     0         0      
       s_frexp.c.obj                                        100     0         0      
       sprintf.c.obj                                        98      0         0      
       _ltoa.c.obj                                          84      0         0      
       atoi.c.obj                                           76      0         0      
       fd_toi_t2.asm.obj                                    72      0         0      
       autoinit.c.obj                                       68      0         0      
       boot_cortex_m.c.obj                                  52      0         0      
       i_tofd_t2.asm.obj                                    46      0         0      
       copy_zero_init.c.obj                                 28      0         0      
       memccpy.c.obj                                        28      0         0      
       s_copysign.c.obj                                     26      0         0      
       strchr.c.obj                                         22      0         0      
       strlen.c.obj                                         20      0         0      
       wcslen.c.obj                                         18      0         0      
       errno.c.obj                                          8       0         8      
       copy_decompress_none.c.obj                           14      0         0      
       exit.c.obj                                           4       0         0      
       pre_init.c.obj                                       4       0         0      
       div0.asm.obj                                         2       0         0      
    +--+----------------------------------------------------+-------+---------+---------+
       Total:                                               7693    257       8      
                                                                                     
       Stack:                                               0       0         1024   
       Linker Generated:                                    0       165       0      
    +--+----------------------------------------------------+-------+---------+---------+
       Grand Total:                                         37251   2014      1868   


LINKER GENERATED COPY TABLES

__TI_cinit_table @ 00009958 records: 3, size/record: 8, table size: 24
	.data: load addr=000098c8, load size=00000071 bytes, run addr=200000e4, run size=00000088 bytes, compression=lzss
	.bss: load addr=00009948, load size=00000008 bytes, run addr=2000016c, run size=0000003a bytes, compression=zero_init
	.vtable: load addr=00009950, load size=00000008 bytes, run addr=20000000, run size=000000e4 bytes, compression=zero_init


LINKER GENERATED HANDLER TABLE

__TI_handler_table @ 0000993c records: 3, size/record: 4, table size: 12
	index: 0, handler: __TI_zero_init
	index: 1, handler: __TI_decompress_lzss
	index: 2, handler: __TI_decompress_none


GLOBAL SYMBOLS: SORTED ALPHABETICALLY BY Name 

address   name                                           
-------   ----                                           
00005e51  ADC14_IRQHandler                               
00005e51  ADC14_IRQHandler                               
00003699  ADC14_clearInterruptFlag                       
00003241  ADC14_configureConversionMemory                
000030e9  ADC14_configureMultiSequenceMode               
0000317f  ADC14_configureSingleSampleMode                
00003379  ADC14_disableComparatorWindow                  
00003217  ADC14_disableConversion                        
00003617  ADC14_disableInterrupt                         
00002fbd  ADC14_disableModule                            
00003597  ADC14_disableReferenceBurst                    
00002ffd  ADC14_disableSampleTimer                       
000032e9  ADC14_enableComparatorWindow                   
000031d5  ADC14_enableConversion                         
000035ef  ADC14_enableInterrupt                          
00002fb5  ADC14_enableModule                             
00003581  ADC14_enableReferenceBurst                     
00002fd3  ADC14_enableSampleTimer                        
00003663  ADC14_getEnabledInterruptStatus                
0000363f  ADC14_getInterruptStatus                       
000034a1  ADC14_getMultiSequenceResult                   
00003073  ADC14_getResolution                            
00003487  ADC14_getResult                                
0000350d  ADC14_getResultArray                           
00003013  ADC14_initModule                               
00003223  ADC14_isBusy                                   
000036c5  ADC14_registerInterrupt                        
000033d7  ADC14_setComparatorWindowValue                 
000035ad  ADC14_setPowerMode                             
00003059  ADC14_setResolution                            
0000345d  ADC14_setResultFormat                          
000030bf  ADC14_setSampleHoldTime                        
0000307d  ADC14_setSampleHoldTrigger                     
000031f5  ADC14_toggleConversionTrigger                  
000036d9  ADC14_unregisterInterrupt                      
00005d05  ADCConf                                        
00009253  AES256_IRQHandler                              
00009253  BusFault_Handler                               
0000926d  C$$EXIT                                        
00009253  COMP_E0_IRQHandler                             
00009253  COMP_E1_IRQHandler                             
00009127  CPU_basepriGet                                 
00009119  CPU_basepriSet                                 
000090f3  CPU_cpsid                                      
00009109  CPU_cpsie                                      
000090ff  CPU_primask                                    
00009115  CPU_wfi                                        
00009253  CS_IRQHandler                                  
00002381  CS_clearInterruptFlag                          
00001c25  CS_disableClockRequest                         
00001d0b  CS_disableDCOExternalResistor                  
00002255  CS_disableFaultCounter                         
0000233f  CS_disableInterrupt                            
00001bfd  CS_enableClockRequest                          
00001c6d  CS_enableDCOExternalResistor                   
00002229  CS_enableFaultCounter                          
0000231d  CS_enableInterrupt                             
000021c1  CS_getACLK                                     
00002181  CS_getBCLK                                     
00001e05  CS_getDCOFrequency                             
00002367  CS_getEnabledInterruptStatus                   
0000219d  CS_getHSMCLK                                   
00002361  CS_getInterruptStatus                          
00002207  CS_getMCLK                                     
000021e5  CS_getSMCLK                                    
0000191d  CS_initClockSignal                             
000023a3  CS_registerInterrupt                           
00002281  CS_resetFaultCounter                           
00001d29  CS_setDCOCenteredFrequency                     
00001c95  CS_setDCOExternalResistorCalibration           
00001fa9  CS_setDCOFrequency                             
000018e1  CS_setExternalClockSourceFrequency             
00001c47  CS_setReferenceOscillatorFrequency             
000022cd  CS_startFaultCounter                           
00001a21  CS_startHFXT                                   
00001a45  CS_startHFXTWithTimeout                        
00001b09  CS_startLFXT                                   
00001b2d  CS_startLFXTWithTimeout                        
00001d61  CS_tuneDCOFrequency                            
000023b7  CS_unregisterInterrupt                         
00004f95  Crystalfontz128x128_Init                       
000050a9  Crystalfontz128x128_SetDrawFrame               
000051d7  Crystalfontz128x128_SetOrientation             
00009253  DMA_ERR_IRQHandler                             
00009253  DMA_INT0_IRQHandler                            
00009253  DMA_INT1_IRQHandler                            
00009253  DMA_INT2_IRQHandler                            
00009253  DMA_INT3_IRQHandler                            
00009253  DebugMon_Handler                               
00009253  Default_Handler                                
00009253  EUSCIA0_IRQHandler                             
00009253  EUSCIA1_IRQHandler                             
00009253  EUSCIA2_IRQHandler                             
00009253  EUSCIA3_IRQHandler                             
00009253  EUSCIB0_IRQHandler                             
00009253  EUSCIB1_IRQHandler                             
00009253  EUSCIB2_IRQHandler                             
00009253  EUSCIB3_IRQHandler                             
00003e8f  EUSCI_A_SPI_changeClockPhasePolarity           
00003f43  EUSCI_A_SPI_clearInterruptFlag                 
00003f73  EUSCI_A_SPI_disable                            
00003f11  EUSCI_A_SPI_disableInterrupt                   
00003f5d  EUSCI_A_SPI_enable                             
00003ef7  EUSCI_A_SPI_enableInterrupt                    
00003f2b  EUSCI_A_SPI_getInterruptStatus                 
00003f89  EUSCI_A_SPI_getReceiveBufferAddressForDMA      
00003f97  EUSCI_A_SPI_getTransmitBufferAddressForDMA     
00003fa5  EUSCI_A_SPI_isBusy                             
00003e0f  EUSCI_A_SPI_masterChangeClock                  
00003ee7  EUSCI_A_SPI_receiveData                        
00003def  EUSCI_A_SPI_select4PinFunctionality            
00003e45  EUSCI_A_SPI_slaveInit                          
00003ed1  EUSCI_A_SPI_transmitData                       
00003cc1  EUSCI_B_SPI_changeClockPhasePolarity           
00003d75  EUSCI_B_SPI_clearInterruptFlag                 
00003da5  EUSCI_B_SPI_disable                            
00003d43  EUSCI_B_SPI_disableInterrupt                   
00003d8f  EUSCI_B_SPI_enable                             
00003d29  EUSCI_B_SPI_enableInterrupt                    
00003d5d  EUSCI_B_SPI_getInterruptStatus                 
00003dbb  EUSCI_B_SPI_getReceiveBufferAddressForDMA      
00003dc9  EUSCI_B_SPI_getTransmitBufferAddressForDMA     
00003dd7  EUSCI_B_SPI_isBusy                             
00003c45  EUSCI_B_SPI_masterChangeClock                  
00003d19  EUSCI_B_SPI_receiveData                        
00003c25  EUSCI_B_SPI_select4PinFunctionality            
00003c77  EUSCI_B_SPI_slaveInit                          
00003d03  EUSCI_B_SPI_transmitData                       
00009253  FLCTL_IRQHandler                               
00009253  FPU_IRQHandler                                 
0000112b  FlashCtl_clearInterruptFlag                    
00000fef  FlashCtl_clearProgramVerification              
00001101  FlashCtl_disableInterrupt                      
00000661  FlashCtl_disableReadBuffering                  
00001059  FlashCtl_disableWordProgramming                
000010ed  FlashCtl_enableInterrupt                       
0000060d  FlashCtl_enableReadBuffering                   
00001029  FlashCtl_enableWordProgramming                 
00000c8d  FlashCtl_eraseSector                           
0000111b  FlashCtl_getEnabledInterruptStatus             
00001115  FlashCtl_getInterruptStatus                    
0000028f  FlashCtl_getMemoryInfo                         
00000af1  FlashCtl_getReadMode                           
000010bf  FlashCtl_getWaitState                          
00000b1b  FlashCtl_initiateMassErase                     
00000db1  FlashCtl_initiateSectorErase                   
00000791  FlashCtl_isSectorProtected                     
00001061  FlashCtl_isWordProgrammingEnabled              
00000b41  FlashCtl_performMassErase                      
00000e49  FlashCtl_programMemory                         
00000731  FlashCtl_protectSector                         
0000113f  FlashCtl_registerInterrupt                     
00000fb5  FlashCtl_setProgramVerification                
00000a85  FlashCtl_setReadMode                           
00001081  FlashCtl_setWaitState                          
000006c1  FlashCtl_unprotectSector                       
00001153  FlashCtl_unregisterInterrupt                   
0000081d  FlashCtl_verifyMemory                          
00006e6b  GPIO_clearInterruptFlag                        
00006e2b  GPIO_disableInterrupt                          
00006e09  GPIO_enableInterrupt                           
00006ec3  GPIO_getEnabledInterruptStatus                 
00006ddb  GPIO_getInputPinValue                          
00006e4d  GPIO_getInterruptStatus                        
00006e8d  GPIO_interruptEdgeSelect                       
00006f83  GPIO_registerInterrupt                         
00006b83  GPIO_setAsInputPin                             
00006d37  GPIO_setAsInputPinWithPullDownResistor         
00006d89  GPIO_setAsInputPinWithPullUpResistor           
00006b49  GPIO_setAsOutputPin                            
00006c4d  GPIO_setAsPeripheralModuleFunctionInputPin     
00006bc9  GPIO_setAsPeripheralModuleFunctionOutputPin    
00006f3f  GPIO_setDriveStrengthHigh                      
00006f61  GPIO_setDriveStrengthLow                       
00006cd1  GPIO_setOutputHighOnPin                        
00006cf3  GPIO_setOutputLowOnPin                         
00006d15  GPIO_toggleOutputOnPin                         
00006fa3  GPIO_unregisterInterrupt                       
00007b49  Graphics_clearDisplay                          
0000851f  Graphics_clearDisplayOnDisplay                 
00008471  Graphics_drawHorizontalLineOnDisplay           
000069d5  Graphics_drawLine                              
000066b9  Graphics_drawLineH                             
00006755  Graphics_drawLineV                             
0000842d  Graphics_drawMultiplePixelsOnDisplay           
00007b5b  Graphics_drawPixel                             
00008403  Graphics_drawPixelOnDisplay                    
00005747  Graphics_drawString                            
00005bd5  Graphics_drawStringCentered                    
000084a5  Graphics_drawVerticalLineOnDisplay             
000084d9  Graphics_fillRectangleOnDisplay                
00007b3b  Graphics_flushBuffer                           
0000850d  Graphics_flushOnDisplay                        
00007b1d  Graphics_getDisplayHeight                      
00007b0d  Graphics_getDisplayWidth                       
00007abb  Graphics_getFontBaseline                       
00007af1  Graphics_getFontHeight                         
00007aff  Graphics_getFontMaxWidth                       
00007b2d  Graphics_getHeightOfDisplay                    
00005bc5  Graphics_getStringBaseline                     
00005c1d  Graphics_getStringHeight                       
00005c2d  Graphics_getStringMaxWidth                     
0000564d  Graphics_getStringWidth                        
00007bb5  Graphics_getWidthOfDisplay                     
0000795d  Graphics_initContext                           
00007a71  Graphics_setBackgroundColor                    
00007a8b  Graphics_setBackgroundColorTranslated          
000079a7  Graphics_setClipRegion                         
00007aa1  Graphics_setFont                               
00007ac9  Graphics_setForegroundColor                    
00007adf  Graphics_setForegroundColorTranslated          
000084f7  Graphics_translateColorOnDisplay               
00008941  HAL_LCD_PortInit                               
00008971  HAL_LCD_SpiInit                                
000089a7  HAL_LCD_writeCommand                           
000089cf  HAL_LCD_writeData                              
00009253  HardFault_Handler                              
0000718b  Interrupt_disableInterrupt                     
00006fdb  Interrupt_disableMaster                        
00007389  Interrupt_disableSleepOnIsrExit                
00007119  Interrupt_enableInterrupt                      
00006fcb  Interrupt_enableMaster                         
00007377  Interrupt_enableSleepOnIsrExit                 
000070f3  Interrupt_getPriority                          
0000706b  Interrupt_getPriorityGrouping                  
00007357  Interrupt_getPriorityMask                      
00007371  Interrupt_getVectorTableAddress                
000071fd  Interrupt_isEnabled                            
00007289  Interrupt_pendInterrupt                        
00006feb  Interrupt_registerInterrupt                    
000070a3  Interrupt_setPriority                          
00007051  Interrupt_setPriorityGrouping                  
00007347  Interrupt_setPriorityMask                      
00007361  Interrupt_setVectorTableAddress                
000072f9  Interrupt_unpendInterrupt                      
0000703d  Interrupt_unregisterInterrupt                  
200001a2  Lcd_FlagRead                                   
200001a3  Lcd_FontSolid                                  
200001a4  Lcd_Orientation                                
200001a5  Lcd_PenSolid                                   
2000019c  Lcd_ScreenHeigth                               
2000019e  Lcd_ScreenWidth                                
200001a0  Lcd_TouchTrim                                  
00009253  MemManage_Handler                              
00009253  NMI_Handler                                    
00009253  PCM_IRQHandler                                 
0000479f  PCM_clearInterruptFlag                         
00004775  PCM_disableInterrupt                           
0000474d  PCM_disableRudeMode                            
00004761  PCM_enableInterrupt                            
0000473b  PCM_enableRudeMode                             
00004147  PCM_getCoreVoltageLevel                        
0000478f  PCM_getEnabledInterruptStatus                  
00004789  PCM_getInterruptStatus                         
000040ed  PCM_getPowerMode                               
0000472f  PCM_getPowerState                              
00004661  PCM_gotoLPM0                                   
0000467f  PCM_gotoLPM0InterruptSafe                      
0000469b  PCM_gotoLPM3                                   
00004713  PCM_gotoLPM3InterruptSafe                      
00004635  PCM_gotoLPM4                                   
00004645  PCM_gotoLPM4InterruptSafe                      
000047b3  PCM_registerInterrupt                          
000040bb  PCM_setCoreVoltageLevel                        
000040dd  PCM_setCoreVoltageLevelNonBlocking             
000040cb  PCM_setCoreVoltageLevelWithTimeout             
000042ed  PCM_setPowerMode                               
000042fd  PCM_setPowerModeNonBlocking                    
0000430d  PCM_setPowerModeWithTimeout                    
000045bf  PCM_setPowerState                              
000045e1  PCM_setPowerStateNonBlocking                   
000045cf  PCM_setPowerStateWithTimeout                   
000045f1  PCM_shutdownDevice                             
000047c7  PCM_unregisterInterrupt                        
00009253  PORT1_IRQHandler                               
00009253  PORT2_IRQHandler                               
00009253  PORT3_IRQHandler                               
00009253  PORT4_IRQHandler                               
00009253  PORT5_IRQHandler                               
00009253  PORT6_IRQHandler                               
00009253  PSS_IRQHandler                                 
00009253  PendSV_Handler                                 
00009253  RTC_C_IRQHandler                               
0000660d  RTC_C_clearInterruptFlag                       
00006457  RTC_C_convertBCDToBinary                       
0000646f  RTC_C_convertBinaryToBCD                       
000063b3  RTC_C_definePrescaleEvent                      
000064dd  RTC_C_disableInterrupt                         
00006487  RTC_C_enableInterrupt                          
000062e5  RTC_C_getCalendarTime                          
000065ad  RTC_C_getEnabledInterruptStatus                
00006545  RTC_C_getInterruptStatus                       
000063db  RTC_C_getPrescaleValue                         
000061cf  RTC_C_holdClock                                
00006273  RTC_C_initCalendar                             
00006653  RTC_C_registerInterrupt                        
0000634b  RTC_C_setCalendarAlarm                         
00006383  RTC_C_setCalendarEvent                         
0000621d  RTC_C_setCalibrationData                       
000061ed  RTC_C_setCalibrationFrequency                  
00006407  RTC_C_setPrescaleValue                         
00006249  RTC_C_setTemperatureCompensation               
000061b1  RTC_C_startClock                               
00006671  RTC_C_unregisterInterrupt                      
00009247  Reset_Handler                                  
000038e3  SPI_changeClockPhasePolarity                   
0000383d  SPI_changeMasterClock                          
00003a95  SPI_clearInterruptFlag                         
00003a17  SPI_disableInterrupt                           
00003971  SPI_disableModule                              
000039f1  SPI_enableInterrupt                            
00003955  SPI_enableModule                               
00003a65  SPI_getEnabledInterruptStatus                  
00003a3d  SPI_getInterruptStatus                         
0000398d  SPI_getReceiveBufferAddressForDMA              
000039a9  SPI_getTransmitBufferAddressForDMA             
00003751  SPI_initMaster                                 
00003865  SPI_initSlave                                  
000039d5  SPI_isBusy                                     
00003939  SPI_receiveData                                
00003abb  SPI_registerInterrupt                          
00003817  SPI_selectFourPinFunctionality                 
00003913  SPI_transmitData                               
00003b79  SPI_unregisterInterrupt                        
00009253  SVC_Handler                                    
00007db7  SysCtl_disableGlitchFilter                     
00007c47  SysCtl_disableNMISource                        
00007d4f  SysCtl_disablePeripheralAtCPUHalt              
00007c91  SysCtl_disableSRAMBank                         
00007d15  SysCtl_disableSRAMBankRetention                
00007dab  SysCtl_enableGlitchFilter                      
00007c5b  SysCtl_enableNMISource                         
00007d3b  SysCtl_enablePeripheralAtCPUHalt               
00007c75  SysCtl_enableSRAMBank                          
00007cf9  SysCtl_enableSRAMBankRetention                 
00007c41  SysCtl_getFlashSize                            
00007c6f  SysCtl_getNMISourceStatus                      
00007c3b  SysCtl_getSRAMSize                             
00007bc5  SysCtl_getTLVInfo                              
00007dc3  SysCtl_getTempCalibrationConstant              
00007d31  SysCtl_rebootDevice                            
00007d87  SysCtl_setWDTPasswordViolationResetType        
00007d63  SysCtl_setWDTTimeoutResetType                  
00009253  SysTick_Handler                                
20000168  SystemCoreClock                                
000073b9  SystemCoreClockUpdate                          
00007631  SystemInit                                     
00009253  T32_INT1_IRQHandler                            
00009253  T32_INT2_IRQHandler                            
00009253  T32_INTC_IRQHandler                            
00009253  TA0_0_IRQHandler                               
00009253  TA0_N_IRQHandler                               
00009253  TA1_0_IRQHandler                               
00009253  TA1_N_IRQHandler                               
00009253  TA2_0_IRQHandler                               
00009253  TA2_N_IRQHandler                               
00009253  TA3_0_IRQHandler                               
00009253  TA3_N_IRQHandler                               
00004cc7  Timer_A_clearCaptureCompareInterrupt           
00004cb1  Timer_A_clearInterruptFlag                     
00004b2f  Timer_A_clearTimer                             
00004957  Timer_A_configureContinuousMode                
000049e5  Timer_A_configureUpDownMode                    
00004987  Timer_A_configureUpMode                        
00004d55  Timer_A_disableCaptureCompareInterrupt         
00004d03  Timer_A_disableInterrupt                       
00004d29  Timer_A_enableCaptureCompareInterrupt          
00004cef  Timer_A_enableInterrupt                        
00004bfb  Timer_A_generatePWM                            
00004ba1  Timer_A_getCaptureCompareCount                 
00004dbd  Timer_A_getCaptureCompareEnabledInterruptStatus
00004d7d  Timer_A_getCaptureCompareInterruptStatus       
00004ae3  Timer_A_getCounterValue                        
00004da5  Timer_A_getEnabledInterruptStatus              
00004d17  Timer_A_getInterruptStatus                     
00004b73  Timer_A_getOutputForOutputModeOutBitValue      
00004b43  Timer_A_getSynchronizedCaptureCompareInput     
00004a43  Timer_A_initCapture                            
00004a95  Timer_A_initCompare                            
00004df9  Timer_A_registerInterrupt                      
00004c85  Timer_A_setCompareValue                        
00004bc3  Timer_A_setOutputForOutputModeOutBitValue      
00004941  Timer_A_startCounter                           
00004c71  Timer_A_stopTimer                              
00004ecb  Timer_A_unregisterInterrupt                    
00009253  UsageFault_Handler                             
4000480c  WDTCTL_SYM                                     
00009253  WDT_A_IRQHandler                               
000088a9  WDT_A_clearTimer                               
00008869  WDT_A_holdTimer                                
000088e5  WDT_A_initIntervalTimer                        
000088c9  WDT_A_initWatchdogTimer                        
00008919  WDT_A_registerInterrupt                        
00008901  WDT_A_setPasswordViolationReset                
0000890d  WDT_A_setTimeoutReset                          
00008889  WDT_A_startTimer                               
0000892d  WDT_A_unregisterInterrupt                      
00001557  __FlashCtl_remaskBurstDataPost                 
0000143d  __FlashCtl_remaskBurstDataPre                  
00001281  __FlashCtl_remaskData32Post                    
00001365  __FlashCtl_remaskData32Pre                     
00001163  __FlashCtl_remaskData8Post                     
000011e3  __FlashCtl_remaskData8Pre                      
20010000  __STACK_END                                    
00000200  __STACK_SIZE                                   
00009958  __TI_CINIT_Base                                
00009970  __TI_CINIT_Limit                               
0000993c  __TI_Handler_Table_Base                        
00009948  __TI_Handler_Table_Limit                       
00009031  __TI_auto_init_nobinit_nopinit                 
00008dd5  __TI_decompress_lzss                           
00009239  __TI_decompress_none                           
00008ef7  __TI_ltoa                                      
ffffffff  __TI_pprof_out_hndl                            
000023fd  __TI_printfi                                   
ffffffff  __TI_prof_data_size                            
ffffffff  __TI_prof_data_start                           
00000000  __TI_static_base__                             
00009193  __TI_zero_init_nomemset                        
00008be1  __aeabi_cdcmpeq                                
00008be1  __aeabi_cdcmple                                
00008c67  __aeabi_cdrcmple                               
00008fe9  __aeabi_d2iz                                   
00007fe3  __aeabi_dadd                                   
000082cd  __aeabi_ddiv                                   
0000876d  __aeabi_dmul                                   
00007fd9  __aeabi_dsub                                   
00009261  __aeabi_errno_addr                             
00009165  __aeabi_i2d                                    
00002e4b  __aeabi_idiv0                                  
00002e4b  __aeabi_ldiv0                                  
00008ced  __aeabi_memclr                                 
00008ced  __aeabi_memclr4                                
00008ced  __aeabi_memclr8                                
00008aaf  __aeabi_memcpy                                 
00008aaf  __aeabi_memcpy4                                
00008aaf  __aeabi_memcpy8                                
00008cef  __aeabi_memset                                 
00008cef  __aeabi_memset4                                
00008cef  __aeabi_memset8                                
00008b4b  __aeabi_uldivmod                               
ffffffff  __binit__                                      
ffffffff  __c_args__                                     
UNDEFED   __mpu_init                                     
2000fe00  __stack                                        
20000000  __start___llvm_prf_cnts                        
20000000  __stop___llvm_prf_cnts                         
00009131  _c_int00_noargs                                
00009568  _ctypes_                                       
UNDEFED   _system_post_cinit                             
00009269  _system_pre_init                               
0000926d  abort                                          
00008f9d  atoi                                           
ffffffff  binit                                          
20000154  compareConfig_PWM                              
000091cb  copysign                                       
000091cb  copysignl                                      
20000198  delay                                          
00005de7  drawAccelData                                  
000060f5  drawAskForHelpAlert                            
00006045  drawFallAlert                                  
00005d6b  drawStartUp                                    
00005dc3  drawTitle                                      
20000164  errno                                          
00005f49  fallDetection                                  
00008e3d  frexp                                          
00008e3d  frexpl                                         
20000000  g_pfnRAMVectors                                
2000016c  g_sContext                                     
00009804  g_sCrystalfontz128x128                         
0000966c  g_sFontFixed6x8                                
00005caf  initClock                                      
00005c59  initDisplay                                    
00005c8d  initSettings                                   
00000000  interruptVectors                               
0000865d  ldexp                                          
0000865d  ldexpl                                         
00005c3d  main                                           
000091af  memccpy                                        
00008aaf  memcpy                                         
00008cf5  memset                                         
00005ce3  pinConf                                        
0000865d  scalbn                                         
0000865d  scalbnl                                        
00009075  sprintf                                        
000091fd  strchr                                         
00009213  strlen                                         
00009888  upConfig                                       
00009227  wcslen                                         


GLOBAL SYMBOLS: SORTED BY Symbol Address 

address   name                                           
-------   ----                                           
00000000  __TI_static_base__                             
00000000  interruptVectors                               
00000200  __STACK_SIZE                                   
0000028f  FlashCtl_getMemoryInfo                         
0000060d  FlashCtl_enableReadBuffering                   
00000661  FlashCtl_disableReadBuffering                  
000006c1  FlashCtl_unprotectSector                       
00000731  FlashCtl_protectSector                         
00000791  FlashCtl_isSectorProtected                     
0000081d  FlashCtl_verifyMemory                          
00000a85  FlashCtl_setReadMode                           
00000af1  FlashCtl_getReadMode                           
00000b1b  FlashCtl_initiateMassErase                     
00000b41  FlashCtl_performMassErase                      
00000c8d  FlashCtl_eraseSector                           
00000db1  FlashCtl_initiateSectorErase                   
00000e49  FlashCtl_programMemory                         
00000fb5  FlashCtl_setProgramVerification                
00000fef  FlashCtl_clearProgramVerification              
00001029  FlashCtl_enableWordProgramming                 
00001059  FlashCtl_disableWordProgramming                
00001061  FlashCtl_isWordProgrammingEnabled              
00001081  FlashCtl_setWaitState                          
000010bf  FlashCtl_getWaitState                          
000010ed  FlashCtl_enableInterrupt                       
00001101  FlashCtl_disableInterrupt                      
00001115  FlashCtl_getInterruptStatus                    
0000111b  FlashCtl_getEnabledInterruptStatus             
0000112b  FlashCtl_clearInterruptFlag                    
0000113f  FlashCtl_registerInterrupt                     
00001153  FlashCtl_unregisterInterrupt                   
00001163  __FlashCtl_remaskData8Post                     
000011e3  __FlashCtl_remaskData8Pre                      
00001281  __FlashCtl_remaskData32Post                    
00001365  __FlashCtl_remaskData32Pre                     
0000143d  __FlashCtl_remaskBurstDataPre                  
00001557  __FlashCtl_remaskBurstDataPost                 
000018e1  CS_setExternalClockSourceFrequency             
0000191d  CS_initClockSignal                             
00001a21  CS_startHFXT                                   
00001a45  CS_startHFXTWithTimeout                        
00001b09  CS_startLFXT                                   
00001b2d  CS_startLFXTWithTimeout                        
00001bfd  CS_enableClockRequest                          
00001c25  CS_disableClockRequest                         
00001c47  CS_setReferenceOscillatorFrequency             
00001c6d  CS_enableDCOExternalResistor                   
00001c95  CS_setDCOExternalResistorCalibration           
00001d0b  CS_disableDCOExternalResistor                  
00001d29  CS_setDCOCenteredFrequency                     
00001d61  CS_tuneDCOFrequency                            
00001e05  CS_getDCOFrequency                             
00001fa9  CS_setDCOFrequency                             
00002181  CS_getBCLK                                     
0000219d  CS_getHSMCLK                                   
000021c1  CS_getACLK                                     
000021e5  CS_getSMCLK                                    
00002207  CS_getMCLK                                     
00002229  CS_enableFaultCounter                          
00002255  CS_disableFaultCounter                         
00002281  CS_resetFaultCounter                           
000022cd  CS_startFaultCounter                           
0000231d  CS_enableInterrupt                             
0000233f  CS_disableInterrupt                            
00002361  CS_getInterruptStatus                          
00002367  CS_getEnabledInterruptStatus                   
00002381  CS_clearInterruptFlag                          
000023a3  CS_registerInterrupt                           
000023b7  CS_unregisterInterrupt                         
000023fd  __TI_printfi                                   
00002e4b  __aeabi_idiv0                                  
00002e4b  __aeabi_ldiv0                                  
00002fb5  ADC14_enableModule                             
00002fbd  ADC14_disableModule                            
00002fd3  ADC14_enableSampleTimer                        
00002ffd  ADC14_disableSampleTimer                       
00003013  ADC14_initModule                               
00003059  ADC14_setResolution                            
00003073  ADC14_getResolution                            
0000307d  ADC14_setSampleHoldTrigger                     
000030bf  ADC14_setSampleHoldTime                        
000030e9  ADC14_configureMultiSequenceMode               
0000317f  ADC14_configureSingleSampleMode                
000031d5  ADC14_enableConversion                         
000031f5  ADC14_toggleConversionTrigger                  
00003217  ADC14_disableConversion                        
00003223  ADC14_isBusy                                   
00003241  ADC14_configureConversionMemory                
000032e9  ADC14_enableComparatorWindow                   
00003379  ADC14_disableComparatorWindow                  
000033d7  ADC14_setComparatorWindowValue                 
0000345d  ADC14_setResultFormat                          
00003487  ADC14_getResult                                
000034a1  ADC14_getMultiSequenceResult                   
0000350d  ADC14_getResultArray                           
00003581  ADC14_enableReferenceBurst                     
00003597  ADC14_disableReferenceBurst                    
000035ad  ADC14_setPowerMode                             
000035ef  ADC14_enableInterrupt                          
00003617  ADC14_disableInterrupt                         
0000363f  ADC14_getInterruptStatus                       
00003663  ADC14_getEnabledInterruptStatus                
00003699  ADC14_clearInterruptFlag                       
000036c5  ADC14_registerInterrupt                        
000036d9  ADC14_unregisterInterrupt                      
00003751  SPI_initMaster                                 
00003817  SPI_selectFourPinFunctionality                 
0000383d  SPI_changeMasterClock                          
00003865  SPI_initSlave                                  
000038e3  SPI_changeClockPhasePolarity                   
00003913  SPI_transmitData                               
00003939  SPI_receiveData                                
00003955  SPI_enableModule                               
00003971  SPI_disableModule                              
0000398d  SPI_getReceiveBufferAddressForDMA              
000039a9  SPI_getTransmitBufferAddressForDMA             
000039d5  SPI_isBusy                                     
000039f1  SPI_enableInterrupt                            
00003a17  SPI_disableInterrupt                           
00003a3d  SPI_getInterruptStatus                         
00003a65  SPI_getEnabledInterruptStatus                  
00003a95  SPI_clearInterruptFlag                         
00003abb  SPI_registerInterrupt                          
00003b79  SPI_unregisterInterrupt                        
00003c25  EUSCI_B_SPI_select4PinFunctionality            
00003c45  EUSCI_B_SPI_masterChangeClock                  
00003c77  EUSCI_B_SPI_slaveInit                          
00003cc1  EUSCI_B_SPI_changeClockPhasePolarity           
00003d03  EUSCI_B_SPI_transmitData                       
00003d19  EUSCI_B_SPI_receiveData                        
00003d29  EUSCI_B_SPI_enableInterrupt                    
00003d43  EUSCI_B_SPI_disableInterrupt                   
00003d5d  EUSCI_B_SPI_getInterruptStatus                 
00003d75  EUSCI_B_SPI_clearInterruptFlag                 
00003d8f  EUSCI_B_SPI_enable                             
00003da5  EUSCI_B_SPI_disable                            
00003dbb  EUSCI_B_SPI_getReceiveBufferAddressForDMA      
00003dc9  EUSCI_B_SPI_getTransmitBufferAddressForDMA     
00003dd7  EUSCI_B_SPI_isBusy                             
00003def  EUSCI_A_SPI_select4PinFunctionality            
00003e0f  EUSCI_A_SPI_masterChangeClock                  
00003e45  EUSCI_A_SPI_slaveInit                          
00003e8f  EUSCI_A_SPI_changeClockPhasePolarity           
00003ed1  EUSCI_A_SPI_transmitData                       
00003ee7  EUSCI_A_SPI_receiveData                        
00003ef7  EUSCI_A_SPI_enableInterrupt                    
00003f11  EUSCI_A_SPI_disableInterrupt                   
00003f2b  EUSCI_A_SPI_getInterruptStatus                 
00003f43  EUSCI_A_SPI_clearInterruptFlag                 
00003f5d  EUSCI_A_SPI_enable                             
00003f73  EUSCI_A_SPI_disable                            
00003f89  EUSCI_A_SPI_getReceiveBufferAddressForDMA      
00003f97  EUSCI_A_SPI_getTransmitBufferAddressForDMA     
00003fa5  EUSCI_A_SPI_isBusy                             
000040bb  PCM_setCoreVoltageLevel                        
000040cb  PCM_setCoreVoltageLevelWithTimeout             
000040dd  PCM_setCoreVoltageLevelNonBlocking             
000040ed  PCM_getPowerMode                               
00004147  PCM_getCoreVoltageLevel                        
000042ed  PCM_setPowerMode                               
000042fd  PCM_setPowerModeNonBlocking                    
0000430d  PCM_setPowerModeWithTimeout                    
000045bf  PCM_setPowerState                              
000045cf  PCM_setPowerStateWithTimeout                   
000045e1  PCM_setPowerStateNonBlocking                   
000045f1  PCM_shutdownDevice                             
00004635  PCM_gotoLPM4                                   
00004645  PCM_gotoLPM4InterruptSafe                      
00004661  PCM_gotoLPM0                                   
0000467f  PCM_gotoLPM0InterruptSafe                      
0000469b  PCM_gotoLPM3                                   
00004713  PCM_gotoLPM3InterruptSafe                      
0000472f  PCM_getPowerState                              
0000473b  PCM_enableRudeMode                             
0000474d  PCM_disableRudeMode                            
00004761  PCM_enableInterrupt                            
00004775  PCM_disableInterrupt                           
00004789  PCM_getInterruptStatus                         
0000478f  PCM_getEnabledInterruptStatus                  
0000479f  PCM_clearInterruptFlag                         
000047b3  PCM_registerInterrupt                          
000047c7  PCM_unregisterInterrupt                        
00004941  Timer_A_startCounter                           
00004957  Timer_A_configureContinuousMode                
00004987  Timer_A_configureUpMode                        
000049e5  Timer_A_configureUpDownMode                    
00004a43  Timer_A_initCapture                            
00004a95  Timer_A_initCompare                            
00004ae3  Timer_A_getCounterValue                        
00004b2f  Timer_A_clearTimer                             
00004b43  Timer_A_getSynchronizedCaptureCompareInput     
00004b73  Timer_A_getOutputForOutputModeOutBitValue      
00004ba1  Timer_A_getCaptureCompareCount                 
00004bc3  Timer_A_setOutputForOutputModeOutBitValue      
00004bfb  Timer_A_generatePWM                            
00004c71  Timer_A_stopTimer                              
00004c85  Timer_A_setCompareValue                        
00004cb1  Timer_A_clearInterruptFlag                     
00004cc7  Timer_A_clearCaptureCompareInterrupt           
00004cef  Timer_A_enableInterrupt                        
00004d03  Timer_A_disableInterrupt                       
00004d17  Timer_A_getInterruptStatus                     
00004d29  Timer_A_enableCaptureCompareInterrupt          
00004d55  Timer_A_disableCaptureCompareInterrupt         
00004d7d  Timer_A_getCaptureCompareInterruptStatus       
00004da5  Timer_A_getEnabledInterruptStatus              
00004dbd  Timer_A_getCaptureCompareEnabledInterruptStatus
00004df9  Timer_A_registerInterrupt                      
00004ecb  Timer_A_unregisterInterrupt                    
00004f95  Crystalfontz128x128_Init                       
000050a9  Crystalfontz128x128_SetDrawFrame               
000051d7  Crystalfontz128x128_SetOrientation             
0000564d  Graphics_getStringWidth                        
00005747  Graphics_drawString                            
00005bc5  Graphics_getStringBaseline                     
00005bd5  Graphics_drawStringCentered                    
00005c1d  Graphics_getStringHeight                       
00005c2d  Graphics_getStringMaxWidth                     
00005c3d  main                                           
00005c59  initDisplay                                    
00005c8d  initSettings                                   
00005caf  initClock                                      
00005ce3  pinConf                                        
00005d05  ADCConf                                        
00005d6b  drawStartUp                                    
00005dc3  drawTitle                                      
00005de7  drawAccelData                                  
00005e51  ADC14_IRQHandler                               
00005e51  ADC14_IRQHandler                               
00005f49  fallDetection                                  
00006045  drawFallAlert                                  
000060f5  drawAskForHelpAlert                            
000061b1  RTC_C_startClock                               
000061cf  RTC_C_holdClock                                
000061ed  RTC_C_setCalibrationFrequency                  
0000621d  RTC_C_setCalibrationData                       
00006249  RTC_C_setTemperatureCompensation               
00006273  RTC_C_initCalendar                             
000062e5  RTC_C_getCalendarTime                          
0000634b  RTC_C_setCalendarAlarm                         
00006383  RTC_C_setCalendarEvent                         
000063b3  RTC_C_definePrescaleEvent                      
000063db  RTC_C_getPrescaleValue                         
00006407  RTC_C_setPrescaleValue                         
00006457  RTC_C_convertBCDToBinary                       
0000646f  RTC_C_convertBinaryToBCD                       
00006487  RTC_C_enableInterrupt                          
000064dd  RTC_C_disableInterrupt                         
00006545  RTC_C_getInterruptStatus                       
000065ad  RTC_C_getEnabledInterruptStatus                
0000660d  RTC_C_clearInterruptFlag                       
00006653  RTC_C_registerInterrupt                        
00006671  RTC_C_unregisterInterrupt                      
000066b9  Graphics_drawLineH                             
00006755  Graphics_drawLineV                             
000069d5  Graphics_drawLine                              
00006b49  GPIO_setAsOutputPin                            
00006b83  GPIO_setAsInputPin                             
00006bc9  GPIO_setAsPeripheralModuleFunctionOutputPin    
00006c4d  GPIO_setAsPeripheralModuleFunctionInputPin     
00006cd1  GPIO_setOutputHighOnPin                        
00006cf3  GPIO_setOutputLowOnPin                         
00006d15  GPIO_toggleOutputOnPin                         
00006d37  GPIO_setAsInputPinWithPullDownResistor         
00006d89  GPIO_setAsInputPinWithPullUpResistor           
00006ddb  GPIO_getInputPinValue                          
00006e09  GPIO_enableInterrupt                           
00006e2b  GPIO_disableInterrupt                          
00006e4d  GPIO_getInterruptStatus                        
00006e6b  GPIO_clearInterruptFlag                        
00006e8d  GPIO_interruptEdgeSelect                       
00006ec3  GPIO_getEnabledInterruptStatus                 
00006f3f  GPIO_setDriveStrengthHigh                      
00006f61  GPIO_setDriveStrengthLow                       
00006f83  GPIO_registerInterrupt                         
00006fa3  GPIO_unregisterInterrupt                       
00006fcb  Interrupt_enableMaster                         
00006fdb  Interrupt_disableMaster                        
00006feb  Interrupt_registerInterrupt                    
0000703d  Interrupt_unregisterInterrupt                  
00007051  Interrupt_setPriorityGrouping                  
0000706b  Interrupt_getPriorityGrouping                  
000070a3  Interrupt_setPriority                          
000070f3  Interrupt_getPriority                          
00007119  Interrupt_enableInterrupt                      
0000718b  Interrupt_disableInterrupt                     
000071fd  Interrupt_isEnabled                            
00007289  Interrupt_pendInterrupt                        
000072f9  Interrupt_unpendInterrupt                      
00007347  Interrupt_setPriorityMask                      
00007357  Interrupt_getPriorityMask                      
00007361  Interrupt_setVectorTableAddress                
00007371  Interrupt_getVectorTableAddress                
00007377  Interrupt_enableSleepOnIsrExit                 
00007389  Interrupt_disableSleepOnIsrExit                
000073b9  SystemCoreClockUpdate                          
00007631  SystemInit                                     
0000795d  Graphics_initContext                           
000079a7  Graphics_setClipRegion                         
00007a71  Graphics_setBackgroundColor                    
00007a8b  Graphics_setBackgroundColorTranslated          
00007aa1  Graphics_setFont                               
00007abb  Graphics_getFontBaseline                       
00007ac9  Graphics_setForegroundColor                    
00007adf  Graphics_setForegroundColorTranslated          
00007af1  Graphics_getFontHeight                         
00007aff  Graphics_getFontMaxWidth                       
00007b0d  Graphics_getDisplayWidth                       
00007b1d  Graphics_getDisplayHeight                      
00007b2d  Graphics_getHeightOfDisplay                    
00007b3b  Graphics_flushBuffer                           
00007b49  Graphics_clearDisplay                          
00007b5b  Graphics_drawPixel                             
00007bb5  Graphics_getWidthOfDisplay                     
00007bc5  SysCtl_getTLVInfo                              
00007c3b  SysCtl_getSRAMSize                             
00007c41  SysCtl_getFlashSize                            
00007c47  SysCtl_disableNMISource                        
00007c5b  SysCtl_enableNMISource                         
00007c6f  SysCtl_getNMISourceStatus                      
00007c75  SysCtl_enableSRAMBank                          
00007c91  SysCtl_disableSRAMBank                         
00007cf9  SysCtl_enableSRAMBankRetention                 
00007d15  SysCtl_disableSRAMBankRetention                
00007d31  SysCtl_rebootDevice                            
00007d3b  SysCtl_enablePeripheralAtCPUHalt               
00007d4f  SysCtl_disablePeripheralAtCPUHalt              
00007d63  SysCtl_setWDTTimeoutResetType                  
00007d87  SysCtl_setWDTPasswordViolationResetType        
00007dab  SysCtl_enableGlitchFilter                      
00007db7  SysCtl_disableGlitchFilter                     
00007dc3  SysCtl_getTempCalibrationConstant              
00007fd9  __aeabi_dsub                                   
00007fe3  __aeabi_dadd                                   
000082cd  __aeabi_ddiv                                   
00008403  Graphics_drawPixelOnDisplay                    
0000842d  Graphics_drawMultiplePixelsOnDisplay           
00008471  Graphics_drawHorizontalLineOnDisplay           
000084a5  Graphics_drawVerticalLineOnDisplay             
000084d9  Graphics_fillRectangleOnDisplay                
000084f7  Graphics_translateColorOnDisplay               
0000850d  Graphics_flushOnDisplay                        
0000851f  Graphics_clearDisplayOnDisplay                 
0000865d  ldexp                                          
0000865d  ldexpl                                         
0000865d  scalbn                                         
0000865d  scalbnl                                        
0000876d  __aeabi_dmul                                   
00008869  WDT_A_holdTimer                                
00008889  WDT_A_startTimer                               
000088a9  WDT_A_clearTimer                               
000088c9  WDT_A_initWatchdogTimer                        
000088e5  WDT_A_initIntervalTimer                        
00008901  WDT_A_setPasswordViolationReset                
0000890d  WDT_A_setTimeoutReset                          
00008919  WDT_A_registerInterrupt                        
0000892d  WDT_A_unregisterInterrupt                      
00008941  HAL_LCD_PortInit                               
00008971  HAL_LCD_SpiInit                                
000089a7  HAL_LCD_writeCommand                           
000089cf  HAL_LCD_writeData                              
00008aaf  __aeabi_memcpy                                 
00008aaf  __aeabi_memcpy4                                
00008aaf  __aeabi_memcpy8                                
00008aaf  memcpy                                         
00008b4b  __aeabi_uldivmod                               
00008be1  __aeabi_cdcmpeq                                
00008be1  __aeabi_cdcmple                                
00008c67  __aeabi_cdrcmple                               
00008ced  __aeabi_memclr                                 
00008ced  __aeabi_memclr4                                
00008ced  __aeabi_memclr8                                
00008cef  __aeabi_memset                                 
00008cef  __aeabi_memset4                                
00008cef  __aeabi_memset8                                
00008cf5  memset                                         
00008dd5  __TI_decompress_lzss                           
00008e3d  frexp                                          
00008e3d  frexpl                                         
00008ef7  __TI_ltoa                                      
00008f9d  atoi                                           
00008fe9  __aeabi_d2iz                                   
00009031  __TI_auto_init_nobinit_nopinit                 
00009075  sprintf                                        
000090f3  CPU_cpsid                                      
000090ff  CPU_primask                                    
00009109  CPU_cpsie                                      
00009115  CPU_wfi                                        
00009119  CPU_basepriSet                                 
00009127  CPU_basepriGet                                 
00009131  _c_int00_noargs                                
00009165  __aeabi_i2d                                    
00009193  __TI_zero_init_nomemset                        
000091af  memccpy                                        
000091cb  copysign                                       
000091cb  copysignl                                      
000091fd  strchr                                         
00009213  strlen                                         
00009227  wcslen                                         
00009239  __TI_decompress_none                           
00009247  Reset_Handler                                  
00009253  AES256_IRQHandler                              
00009253  BusFault_Handler                               
00009253  COMP_E0_IRQHandler                             
00009253  COMP_E1_IRQHandler                             
00009253  CS_IRQHandler                                  
00009253  DMA_ERR_IRQHandler                             
00009253  DMA_INT0_IRQHandler                            
00009253  DMA_INT1_IRQHandler                            
00009253  DMA_INT2_IRQHandler                            
00009253  DMA_INT3_IRQHandler                            
00009253  DebugMon_Handler                               
00009253  Default_Handler                                
00009253  EUSCIA0_IRQHandler                             
00009253  EUSCIA1_IRQHandler                             
00009253  EUSCIA2_IRQHandler                             
00009253  EUSCIA3_IRQHandler                             
00009253  EUSCIB0_IRQHandler                             
00009253  EUSCIB1_IRQHandler                             
00009253  EUSCIB2_IRQHandler                             
00009253  EUSCIB3_IRQHandler                             
00009253  FLCTL_IRQHandler                               
00009253  FPU_IRQHandler                                 
00009253  HardFault_Handler                              
00009253  MemManage_Handler                              
00009253  NMI_Handler                                    
00009253  PCM_IRQHandler                                 
00009253  PORT1_IRQHandler                               
00009253  PORT2_IRQHandler                               
00009253  PORT3_IRQHandler                               
00009253  PORT4_IRQHandler                               
00009253  PORT5_IRQHandler                               
00009253  PORT6_IRQHandler                               
00009253  PSS_IRQHandler                                 
00009253  PendSV_Handler                                 
00009253  RTC_C_IRQHandler                               
00009253  SVC_Handler                                    
00009253  SysTick_Handler                                
00009253  T32_INT1_IRQHandler                            
00009253  T32_INT2_IRQHandler                            
00009253  T32_INTC_IRQHandler                            
00009253  TA0_0_IRQHandler                               
00009253  TA0_N_IRQHandler                               
00009253  TA1_0_IRQHandler                               
00009253  TA1_N_IRQHandler                               
00009253  TA2_0_IRQHandler                               
00009253  TA2_N_IRQHandler                               
00009253  TA3_0_IRQHandler                               
00009253  TA3_N_IRQHandler                               
00009253  UsageFault_Handler                             
00009253  WDT_A_IRQHandler                               
00009261  __aeabi_errno_addr                             
00009269  _system_pre_init                               
0000926d  C$$EXIT                                        
0000926d  abort                                          
00009568  _ctypes_                                       
0000966c  g_sFontFixed6x8                                
00009804  g_sCrystalfontz128x128                         
00009888  upConfig                                       
0000993c  __TI_Handler_Table_Base                        
00009948  __TI_Handler_Table_Limit                       
00009958  __TI_CINIT_Base                                
00009970  __TI_CINIT_Limit                               
20000000  __start___llvm_prf_cnts                        
20000000  __stop___llvm_prf_cnts                         
20000000  g_pfnRAMVectors                                
20000154  compareConfig_PWM                              
20000164  errno                                          
20000168  SystemCoreClock                                
2000016c  g_sContext                                     
20000198  delay                                          
2000019c  Lcd_ScreenHeigth                               
2000019e  Lcd_ScreenWidth                                
200001a0  Lcd_TouchTrim                                  
200001a2  Lcd_FlagRead                                   
200001a3  Lcd_FontSolid                                  
200001a4  Lcd_Orientation                                
200001a5  Lcd_PenSolid                                   
2000fe00  __stack                                        
20010000  __STACK_END                                    
4000480c  WDTCTL_SYM                                     
ffffffff  __TI_pprof_out_hndl                            
ffffffff  __TI_prof_data_size                            
ffffffff  __TI_prof_data_start                           
ffffffff  __binit__                                      
ffffffff  __c_args__                                     
ffffffff  binit                                          
UNDEFED   __mpu_init                                     
UNDEFED   _system_post_cinit                             

[489 symbols]
